01-28 20:58:49.321   543   780 W BatteryNotifier: batterystats service unavailable!
01-28 20:58:49.321   543   780 D audio_hw_primary: out_set_parameters: enter: usecase(1: low-latency-playback) kvpairs: routing=2
01-28 20:58:49.322   543   780 D audio_hw_extn: audio_extn_set_anc_parameters: anc_enabled:0
01-28 20:58:49.322   543   780 D audio_hw_spkr_prot: audio_extn_fbsp_set_parameters: Speaker protection disabled
01-28 20:58:49.322   543   780 D audio_hw_primary: out_standby: enter: stream (0xf1f7f800) usecase(1: low-latency-playback)
01-28 20:58:49.322   543   780 D audio_hw_primary: out_standby: exit
01-28 20:58:49.322   543   780 W BatteryNotifier: batterystats service unavailable!
01-28 20:58:49.322   543   780 W BatteryNotifier: batterystats service unavailable!
01-28 20:58:49.322   543   780 W AudioFlinger: no wake lock to update, system not ready yet
01-28 20:58:49.323   543   543 I AudioFlinger: openOutput(), module 10 Device 2, SamplingRate 48000, Format 0x000001, Channels 3, flags 104
01-28 20:58:49.323   543   543 D audio_hw_primary: adev_open_output_stream: enter: format(0x1) sample_rate(48000) channel_mask(0x3) devices(0x2) flags(0x104)        stream_handle(0xf1f7fc00)
01-28 20:58:49.323   543   543 D audio_hw_primary: adev_open_output_stream: Stream (0xf1f7fc00) picks up usecase (audio-ull-playback)
01-28 20:58:49.323   543   543 I AudioFlinger: HAL output buffer size 192 frames, normal sink buffer size 960 frames
01-28 20:58:49.324   543   784 I AudioFlinger: AudioFlinger's thread 0xf1003100 ready to run
01-28 20:58:49.324   543   784 W BatteryNotifier: batterystats service unavailable!
01-28 20:58:49.324   543   784 D audio_hw_primary: out_set_parameters: enter: usecase(12: audio-ull-playback) kvpairs: routing=2
01-28 20:58:49.325   543   784 D audio_hw_primary: out_standby: enter: stream (0xf1f7fc00) usecase(12: audio-ull-playback)
01-28 20:58:49.325   543   784 D audio_hw_primary: out_standby: exit
01-28 20:58:49.325   543   784 W BatteryNotifier: batterystats service unavailable!
01-28 20:58:49.325   543   784 W BatteryNotifier: batterystats service unavailable!
01-28 20:58:49.325   543   784 W AudioFlinger: no wake lock to update, system not ready yet
01-28 20:58:49.325   543   543 I AudioFlinger: openOutput(), module 10 Device 2, SamplingRate 48000, Format 0x000001, Channels 3, flags 8
01-28 20:58:49.326   543   543 D audio_hw_primary: adev_open_output_stream: enter: format(0x1) sample_rate(48000) channel_mask(0x3) devices(0x2) flags(0x8)        stream_handle(0xf147b000)
01-28 20:58:49.326   543   543 D audio_hw_primary: adev_open_output_stream: Stream (0xf147b000) picks up usecase (deep-buffer-playback)
01-28 20:58:49.326   543   543 I AudioFlinger: HAL output buffer size 1920 frames, normal sink buffer size 1920 frames
01-28 20:58:49.334   543   785 I AudioFlinger: AudioFlinger's thread 0xf0d03b00 ready to run
01-28 20:58:49.335   543   785 W BatteryNotifier: batterystats service unavailable!
01-28 20:58:49.335   543   785 D audio_hw_primary: out_set_parameters: enter: usecase(0: deep-buffer-playback) kvpairs: routing=2
01-28 20:58:49.335   543   785 D audio_hw_primary: out_standby: enter: stream (0xf147b000) usecase(0: deep-buffer-playback)
01-28 20:58:49.335   543   785 D audio_hw_primary: out_standby: exit
01-28 20:58:49.335   543   785 W BatteryNotifier: batterystats service unavailable!
01-28 20:58:49.335   543   785 W BatteryNotifier: batterystats service unavailable!
01-28 20:58:49.335   543   785 W AudioFlinger: no wake lock to update, system not ready yet
01-28 20:58:49.336   543   543 I AudioFlinger: openOutput(), module 10 Device 10000, SamplingRate 48000, Format 0x000001, Channels 3, flags 0
01-28 20:58:49.336   543   543 D audio_hw_primary: adev_open_output_stream: enter: format(0x1) sample_rate(48000) channel_mask(0x3) devices(0x10000) flags(0)        stream_handle(0xf147b400)
01-28 20:58:49.336   543   543 D audio_hw_primary: adev_open_output_stream: Stream (0xf147b400) picks up usecase (afe-proxy-playback)
01-28 20:58:49.336   543   543 I AudioFlinger: HAL output buffer size 768 frames, normal sink buffer size 1152 frames
01-28 20:58:49.339   543   788 I AudioFlinger: AudioFlinger's thread 0xf0b83fc0 ready to run
01-28 20:58:49.339   543   788 W BatteryNotifier: batterystats service unavailable!
01-28 20:58:49.339   543   788 D audio_hw_primary: out_set_parameters: enter: usecase(38: afe-proxy-playback) kvpairs: routing=65536
01-28 20:58:49.339   543   788 D audio_hw_primary: out_standby: enter: stream (0xf147b400) usecase(38: afe-proxy-playback)
01-28 20:58:49.339   543   788 D audio_hw_primary: out_standby: exit
01-28 20:58:49.340   543   788 W BatteryNotifier: batterystats service unavailable!
01-28 20:58:49.340   543   788 W BatteryNotifier: batterystats service unavailable!
01-28 20:58:49.340   543   788 W AudioFlinger: no wake lock to update, system not ready yet
01-28 20:58:49.341   543   543 D audio_hw_primary: adev_open_input_stream: enter: sample_rate(48000) channel_mask(0xc) devices(0x80002000)        stream_handle(0xf1f50c80) io_handle(14) source(1) format 1
01-28 20:58:49.344   543   789 I AudioFlinger: AudioFlinger's thread 0xf0883400 ready to run
01-28 20:58:49.344   543   543 D audio_hw_primary: adev_close_input_stream: enter:stream_handle(0xf1f50c80)
01-28 20:58:49.344   543   543 D audio_hw_primary: in_standby: enter: stream (0xf1f50c80) usecase(16: audio-record)
01-28 20:58:49.345   543   543 D audio_hw_primary: adev_open_input_stream: enter: sample_rate(48000) channel_mask(0xfc) devices(0x80000004)        stream_handle(0xf1f50c80) io_handle(22) source(1) format 1
01-28 20:58:49.346   543   790 I AudioFlinger: AudioFlinger's thread 0xf07034c0 ready to run
01-28 20:58:49.346   543   543 D audio_hw_primary: adev_close_input_stream: enter:stream_handle(0xf1f50c80)
01-28 20:58:49.346   543   543 D audio_hw_primary: in_standby: enter: stream (0xf1f50c80) usecase(16: audio-record)
01-28 20:58:49.346   543   543 D audio_hw_primary: adev_open_input_stream: enter: sample_rate(192000) channel_mask(0x8000000f) devices(0x80000004)        stream_handle(0xf1f50c80) io_handle(30) source(1) format 5
01-28 20:58:49.346   543   543 D audio_hw_primary: adev_open_input_stream: enter: sample_rate(48000) channel_mask(0x8000000f) devices(0x80000004)        stream_handle(0xf1f50c80) io_handle(30) source(1) format 1
01-28 20:58:49.353   543   791 I AudioFlinger: AudioFlinger's thread 0xf0803840 ready to run
01-28 20:58:49.353   543   543 D audio_hw_primary: adev_close_input_stream: enter:stream_handle(0xf1f50c80)
01-28 20:58:49.353   543   543 D audio_hw_primary: in_standby: enter: stream (0xf1f50c80) usecase(16: audio-record)
01-28 20:58:49.353   543   543 D audio_hw_primary: adev_open_input_stream: enter: sample_rate(48000) channel_mask(0xc) devices(0x80000040)        stream_handle(0xf1f50c80) io_handle(38) source(1) format 1
01-28 20:58:49.353   543   543 D audio_hw_primary: adev_open_input_stream: enter: sample_rate(48000) channel_mask(0xc) devices(0x80000040)        stream_handle(0xf1f50c80) io_handle(38) source(1) format 1
01-28 20:58:49.353   543   543 W APM_AudioPolicyManager: Cannot open input stream for device 80000040 on hw module primary
01-28 20:58:49.355   543   543 I bt_a2dp_hw: adev_open:  adev_open in A2dp_hw module
01-28 20:58:49.355   543   543 I AudioFlinger: loadHwModule() Loaded a2dp audio interface from A2DP Audio HW HAL (audio) handle 18
01-28 20:58:49.360   543   543 I AudioFlinger: loadHwModule() Loaded usb audio interface from USB audio HW HAL (audio) handle 26
01-28 20:58:49.362   543   543 I r_submix: adev_open(name=audio_hw_if)
01-28 20:58:49.362   543   543 I r_submix: adev_init_check()
01-28 20:58:49.362   543   543 I AudioFlinger: loadHwModule() Loaded r_submix audio interface from Wifi Display audio HAL (audio) handle 34
01-28 20:58:49.362   543   543 D r_submix: adev_open_input_stream(addr=0)
01-28 20:58:49.362   543   543 D r_submix: submix_audio_device_create_pipe_l(addr=0, idx=9)
01-28 20:58:49.362   543   543 D r_submix:   now using address 0 for route 9
01-28 20:58:49.371   543   794 I AudioFlinger: AudioFlinger's thread 0xf07033c0 ready to run
01-28 20:58:49.371   543   543 D r_submix: adev_close_input_stream()
01-28 20:58:49.371   543   543 D r_submix: submix_audio_device_release_pipe_l(idx=9) addr=0
01-28 20:58:49.371   543   543 D r_submix: submix_audio_device_destroy_pipe_l(): pipe destroyed
01-28 20:58:49.371   543   543 D AudioPolicyManagerCustom: USE_XML_AUDIO_POLICY_CONF is TRUE
01-28 20:58:49.371   543   543 I AudioPolicyManagerCustom: removing AUDIO_CHANNEL_IN_5POINT1 from input profile as SSR(surround sound record) is not supported on this chipset variant
01-28 20:58:49.372   543   543 I RadioService: RadioService
01-28 20:58:49.372   543   543 I RadioService: onFirstRef
01-28 20:58:49.372   543   543 E RadioService: couldn't load radio module radio.primary (No such file or directory)
01-28 20:58:49.373   543   543 D sound_trigger_hw: stdev_open: Enter
01-28 20:58:49.374   543   543 I sound_trigger_platform: platform_stdev_init: Enter
01-28 20:58:49.440   509   509 D SurfaceFlinger: SF. shader cache generated - 26 shaders in 306.759430 ms
01-28 20:58:49.443   509   509 D SurfaceFlinger: Set power mode=2, type=0 flinger=0x7f87448000
01-28 20:58:49.443   509   509 I SDM     : HWCDisplay::SetPowerMode: display = 0, mode = 2
01-28 20:58:49.443   509   509 I SDM     : DisplayBase::SetDisplayState: Set state = 1, display 0
03-06 07:45:58.141     0     0 E core_set_license: Invalid cal block to send
03-06 07:45:58.336     0     0 I init    : Starting service 'bootanim'...
03-06 07:45:58.336     0     0 I gf      : goodix_fb_state_chg_callback: go to the fb state 16
01-28 20:58:49.451   509   509 D qdutils : DEBUG_CALC_FPS: 0
01-28 20:58:49.451   509   509 D qdutils : period: 10
01-28 20:58:49.451   509   509 D qdutils : ignorethresh_us: 500000
01-28 20:58:49.492   515   515 I Dpps    : static DppsServer *DppsServer::GetInstance(): DppsServer ref count increased to 1
01-28 20:58:49.493   515   515 I Dpps    : AbaContext():18 ABA context instantiation
01-28 20:58:49.493   515   515 I Dpps    : AmbientLightContext():17 AL context instantiation
01-28 20:58:49.493   566   566 D com.qualcomm.qti.qseeproxy-daemon: Starting service: com.qualcomm.qti.qseeproxy
01-28 20:58:49.493   515   515 I Dpps    : InitFeatureContext():171 Initialize feature context
01-28 20:58:49.493   515   515 I Dpps    : InitContext():80 display fd 4 histogram bins 256  components 1 Lut size 256 panel 0 sensor type 2
01-28 20:58:49.493   515   515 I Dpps    : OpenCommonSysfsFds():345 lcd_bl_event_fd_ is 5
01-28 20:58:49.493   515   515 I Dpps    : OpenCommonSysfsFds():354 blank_event_fd_ is 6
01-28 20:58:49.493   515   515 I Dpps    : OpenCommonSysfsFds():362 lcd_brightness_fd_ is 7
01-28 20:58:49.493   515   515 I Dpps    : InitContext():107 hist_sysfs_fd_ is 8
01-28 20:58:49.493   515   515 I Dpps    : InitContext():180 Context Initialization successfull
01-28 20:58:49.493   515   515 I Dpps    : CreateAbaThread():61 Create ABA thread
01-28 20:58:49.493   515   515 I Dpps    : CreateAbaThread():84 Create ABA thread done ret 0
01-28 20:58:49.493   515   515 I Dpps    : InitContext():69 display_fd 4, panel 0, sensor type 2 display_type 0
01-28 20:58:49.494   515   515 I Dpps    : OpenCommonSysfsFds():345 lcd_bl_event_fd_ is 14
01-28 20:58:49.494   515   515 I Dpps    : OpenCommonSysfsFds():354 blank_event_fd_ is 15
01-28 20:58:49.494   515   515 I Dpps    : OpenCommonSysfsFds():362 lcd_brightness_fd_ is 16
01-28 20:58:49.494   515   515 I Dpps    : SelectLightSensor():468 sensor_type 2
01-28 20:58:49.494   515   515 I Dpps    : SelectLightSensor():471 sensor_type_ 2
01-28 20:58:49.494   515   515 I Dpps    : InitLightSensor():503 sensor_type_ 2
01-28 20:58:49.494   515   515 I Dpps    : InitLightSensor():524 light sensor initialization ret 0
01-28 20:58:49.494   515   515 I Dpps    : CreateAmbientLightThread():141 Create AL thread
01-28 20:58:49.494   515   515 I Dpps    : CreateAmbientLightThread():160 Create AL thread done ret 0
01-28 20:58:49.494   515   515 I Dpps    : InitFeatureContext():223 Initialize feature context done ret 0
03-06 07:45:58.389     0     0 W healthd : BatteryCycleCountPath not found
03-06 07:45:58.400     0     0 E         : msm_qti_pp_get_rms_value_control, back not active to query rms be_idx:3
01-28 20:58:49.501   566   566 D com.qualcomm.qti.qseeproxy-daemon: QSEEConnector service is now ready
01-28 20:58:49.511   515   808 I Dpps    : ProcessAmbientLightThread():98 AL thread execution started
01-28 20:58:49.511   515   806 I Dpps    : ProcessAbaThread():253 ABA thread execution started
03-06 07:45:58.407     0     0 I core_get_license_status: cmdrsp_license_result.result = 0x15 for module 0x1
03-06 07:45:58.408     0     0 E         : msm_dolby_dap_param_to_get_control_get, port_id not set, do not query ADM
03-06 07:45:58.408     0     0 E         : msm_dolby_dap_param_visualizer_control_get Incorrect VCNB length
03-06 07:45:58.408     0     0 E msm_voice_sound_focus_get: Error getting Sound Focus Params, err=-22
03-06 07:45:58.408     0     0 E msm_voice_source_tracking_get: Error getting Source Tracking Params, err=-22
03-06 07:45:58.408     0     0 E msm_audio_get_copp_idx_from_port_id: Invalid FE, exiting
03-06 07:45:58.408     0     0 E msm_audio_sound_focus_get: Could not get copp idx for port_id=16385
03-06 07:45:58.408     0     0 E msm_audio_get_copp_idx_from_port_id: Invalid FE, exiting
03-06 07:45:58.408     0     0 E msm_audio_source_tracking_get: Could not get copp idx for port_id=16385
03-06 07:45:58.408     0     0 E msm_voice_sound_focus_get: Error getting Sound Focus Params, err=-22
03-06 07:45:58.408     0     0 E msm_voice_source_tracking_get: Error getting Source Tracking Params, err=-22
03-06 07:45:58.408     0     0 E msm_audio_get_copp_idx_from_port_id: Invalid FE, exiting
03-06 07:45:58.408     0     0 E msm_audio_sound_focus_get: Could not get copp idx for port_id=4101
03-06 07:45:58.408     0     0 E msm_audio_get_copp_idx_from_port_id: Invalid FE, exiting
03-06 07:45:58.408     0     0 E msm_audio_source_tracking_get: Could not get copp idx for port_id=4101
03-06 07:45:58.408     0     0 I CRUS msm_routing_cirrus_fbport_get: cirrus_fb_port_ctl = 3
03-06 07:45:58.408     0     0 I         : Starting Cirrus GB Enable Get function call, crus_gb_enable = 0
03-06 07:45:58.408     0     0 I CRUS msm_routing_crus_gb_enable_get: crus_gb_enable = 0
03-06 07:45:58.408     0     0 I         : Starting Cirrus GB Config Get function call
03-06 07:45:58.408     0     0 I CRUS msm_routing_crus_gb_config_get: crus_config_set = 0
03-06 07:45:58.408     0     0 I         : Starting Cirrus GB External Config Get function call
03-06 07:45:58.408     0     0 I CRUS msm_routing_crus_ext_config_get: crus_ext_config_set = 1
03-06 07:45:58.409     0     0 I CRUS cirrus_transfer_params: transfer_params_value = 0
03-06 07:45:58.409     0     0 I         : CRUS PARAMS TRANSFER +++++++++++++  =0, count=0, ambient=0
03-06 07:45:58.409     0     0 I         : CRUS wrong range for temp-acc=0, count=0, ambient=0
03-06 07:45:58.409     0     0 E         : msm_pcm_volume_ctl_get substream runtime not found
03-06 07:45:58.409     0     0 E         : msm_pcm_volume_ctl_get substream runtime not found
03-06 07:45:58.410     0     0 E         : msm_pcm_volume_ctl_get substream runtime not found
03-06 07:45:58.410     0     0 E msm_compr_audio_effects_config_get: stream or effects inactive
03-06 07:45:58.410     0     0 E         : msm_pcm_volume_ctl_get substream runtime not found
03-06 07:45:58.410     0     0 E         : msm_pcm_volume_ctl_get substream runtime not found
03-06 07:45:58.410     0     0 E         : msm_pcm_volume_ctl_get substream or runtime not found
03-06 07:45:58.410     0     0 E msm_compr_audio_effects_config_get: stream or effects inactive
03-06 07:45:58.411     0     0 E msm_compr_audio_effects_config_get: stream or effects inactive
03-06 07:45:58.411     0     0 E msm_compr_audio_effects_config_get: stream or effects inactive
03-06 07:45:58.411     0     0 E msm_compr_audio_effects_config_get: stream or effects inactive
03-06 07:45:58.411     0     0 E msm_compr_audio_effects_config_get: stream or effects inactive
03-06 07:45:58.412     0     0 E msm_compr_audio_effects_config_get: stream or effects inactive
03-06 07:45:58.412     0     0 E msm_compr_audio_effects_config_get: stream or effects inactive
03-06 07:45:58.412     0     0 E msm_compr_audio_effects_config_get: stream or effects inactive
03-06 07:45:58.412     0     0 E         : msm_pcm_volume_ctl_get substream or runtime not found
01-28 20:58:49.531   515   807 I Dpps    : PollThreadLoop():111 Getting manager and light sensor instance
01-28 20:58:49.532   515   807 I ServiceManager: Waiting for service permission...
01-28 20:58:49.532   543   543 I sound_trigger_platform: platform_stdev_init: acdb_init: msm8953-snd-card-mtp
01-28 20:58:49.532   543   543 D ACDB-LOADER: ACDB -> already initialized, exit
01-28 20:58:49.532   543   543 D sound_trigger_platform: platform_stdev_init Opening device /dev/snd/hwC0D1000
01-28 20:58:49.532   543   543 D sound_trigger_platform: get_codec_version: codec version 
01-28 20:58:49.532   543   543 I sound_trigger_hw: stdev_get_properties
01-28 20:58:49.532   543   543 I SoundTriggerHwService: loaded default module Sound Trigger HAL, handle 1
01-28 20:58:49.591   540   540 D AndroidRuntime: >>>>>> START com.android.internal.os.ZygoteInit uid 0 <<<<<<
01-28 20:58:49.591   540   540 I boot_progress_start: 11980
01-28 20:58:49.594   503   594 D PerMgrSrv: modem state: is off-line, add client PM-PROXY-THREAD
01-28 20:58:49.594   503   594 D PerMgrSrv: PM-PROXY-THREAD registered
01-28 20:58:49.594   516   516 D PerMgrLib: PM-PROXY-THREAD successfully registered for modem
01-28 20:58:49.594   516   516 I PerMgrProxy: pm-proxy-thread Voting for internal modem
01-28 20:58:49.594   516   516 D PerMgrLib: PM-PROXY-THREAD voting for modem
01-28 20:58:49.594   503   596 D PerMgrSrv: PM-PROXY-THREAD voting for modem
01-28 20:58:49.594   503   596 D PerMgrSrv: modem new state: going on-line
01-28 20:58:49.595   503   596 D PerMgrSrv: modem num voters is 1
03-06 07:45:58.492     0     0 I subsys-restart: __subsystem_get(): Changing subsys fw_name to modem
03-06 07:45:58.493     0     0 I         : IPA received MPSS BEFORE_POWERUP
03-06 07:45:58.493     0     0 I         : IPA BEFORE_POWERUP handling is complete
01-28 20:58:49.648   540   540 D AndroidRuntime: CheckJNI is ON
01-28 20:58:49.700   540   540 I art     : option[0]=-Xzygote
01-28 20:58:49.701   540   540 I art     : option[1]=-Xcheck:jni
01-28 20:58:49.701   540   540 I art     : option[2]=-Xstacktracefile:/data/anr/traces.txt
01-28 20:58:49.701   540   540 I art     : option[3]=exit
01-28 20:58:49.701   540   540 I art     : option[4]=vfprintf
01-28 20:58:49.701   540   540 I art     : option[5]=sensitiveThread
01-28 20:58:49.701   540   540 I art     : option[6]=-verbose:gc
01-28 20:58:49.701   540   540 I art     : option[7]=-Xms8m
01-28 20:58:49.701   540   540 I art     : option[8]=-Xmx768m
01-28 20:58:49.701   540   540 I art     : option[9]=-XX:HeapGrowthLimit=288m
01-28 20:58:49.701   540   540 I art     : option[10]=-XX:HeapMinFree=512k
01-28 20:58:49.701   540   540 I art     : option[11]=-XX:HeapMaxFree=8m
01-28 20:58:49.701   540   540 I art     : option[12]=-XX:HeapTargetUtilization=0.75
01-28 20:58:49.701   540   540 I art     : option[13]=-Xusejit:true
01-28 20:58:49.701   540   540 I art     : option[14]=-Xjitsaveprofilinginfo
01-28 20:58:49.701   540   540 I art     : option[15]=-agentlib:jdwp=transport=dt_android_adb,suspend=n,server=y
01-28 20:58:49.701   540   540 I art     : option[16]=-Xlockprofthreshold:500
01-28 20:58:49.701   540   540 I art     : option[17]=-Ximage-compiler-option
01-28 20:58:49.701   540   540 I art     : option[18]=--runtime-arg
01-28 20:58:49.701   540   540 I art     : option[19]=-Ximage-compiler-option
01-28 20:58:49.701   540   540 I art     : option[20]=-Xms64m
01-28 20:58:49.701   540   540 I art     : option[21]=-Ximage-compiler-option
01-28 20:58:49.701   540   540 I art     : option[22]=--runtime-arg
01-28 20:58:49.701   540   540 I art     : option[23]=-Ximage-compiler-option
01-28 20:58:49.701   540   540 I art     : option[24]=-Xmx64m
01-28 20:58:49.701   540   540 I art     : option[25]=-Ximage-compiler-option
01-28 20:58:49.701   540   540 I art     : option[26]=--compiler-filter=verify-at-runtime
01-28 20:58:49.701   540   540 I art     : option[27]=-Ximage-compiler-option
01-28 20:58:49.701   540   540 I art     : option[28]=--image-classes=/system/etc/preloaded-classes
01-28 20:58:49.701   540   540 I art     : option[29]=-Ximage-compiler-option
01-28 20:58:49.701   540   540 I art     : option[30]=--compiled-classes=/system/etc/compiled-classes
01-28 20:58:49.701   540   540 I art     : option[31]=-Xcompiler-option
01-28 20:58:49.701   540   540 I art     : option[32]=--runtime-arg
01-28 20:58:49.701   540   540 I art     : option[33]=-Xcompiler-option
01-28 20:58:49.701   540   540 I art     : option[34]=-Xms64m
01-28 20:58:49.701   540   540 I art     : option[35]=-Xcompiler-option
01-28 20:58:49.701   540   540 I art     : option[36]=--runtime-arg
01-28 20:58:49.701   540   540 I art     : option[37]=-Xcompiler-option
01-28 20:58:49.701   540   540 I art     : option[38]=-Xmx512m
01-28 20:58:49.701   540   540 I art     : option[39]=-Ximage-compiler-option
01-28 20:58:49.701   540   540 I art     : option[40]=--instruction-set-variant=generic
01-28 20:58:49.701   540   540 I art     : option[41]=-Xcompiler-option
01-28 20:58:49.701   540   540 I art     : option[42]=--instruction-set-variant=generic
01-28 20:58:49.701   540   540 I art     : option[43]=-Ximage-compiler-option
01-28 20:58:49.701   540   540 I art     : option[44]=--instruction-set-features=default
01-28 20:58:49.701   540   540 I art     : option[45]=-Xcompiler-option
01-28 20:58:49.701   540   540 I art     : option[46]=--instruction-set-features=default
01-28 20:58:49.701   540   540 I art     : option[47]=-Duser.locale=ru-RU
01-28 20:58:49.701   540   540 I art     : option[48]=--cpu-abilist=arm64-v8a
01-28 20:58:49.701   540   540 I art     : option[49]=-Xfingerprint:meizu/m1721/m1721:7.1.2/N2G47H/m1721.Flyme_6.0.1500631298:user/release-keys
03-06 07:45:58.602     0     0 I pil-q6v5-mss 4080000.qcom,mss: modem: loading from 0x0000000086c00000 to 0x000000008c200000
03-06 07:45:58.655     0     0 I init    : Service 'energy-awareness' (pid 539) exited with status 0
01-28 20:58:49.778   541   541 D AndroidRuntime: >>>>>> START com.android.internal.os.ZygoteInit uid 0 <<<<<<
01-28 20:58:49.778   517   517 E QMI_FW  : QMUXD: WARNING qmi_qmux_if_pwr_up_init failed! rc=-6
03-06 07:45:58.666     0     0 W pil-q6v5-mss 4080000.qcom,mss: Debug policy not present - msadp. Continue.
03-06 07:45:58.670     0     0 I pil-q6v5-mss 4080000.qcom,mss: Loading MBA and DP (if present) from 0x00000000fe300000 to 0x00000000fe400000 size 100000
01-28 20:58:49.890   541   541 D AndroidRuntime: CheckJNI is ON
01-28 20:58:49.919   799   860 D libEGL  : loaded /vendor/lib64/egl/libEGL_adreno.so
03-06 07:45:58.806     0     0 I pil-q6v5-mss 4080000.qcom,mss: MBA boot done
01-28 20:58:49.934   799   860 D libEGL  : loaded /vendor/lib64/egl/libGLESv1_CM_adreno.so
01-28 20:58:49.942   799   860 D libEGL  : loaded /vendor/lib64/egl/libGLESv2_adreno.so
01-28 20:58:49.943   541   541 I art     : option[0]=-Xzygote
01-28 20:58:49.943   541   541 I art     : option[1]=-Xcheck:jni
01-28 20:58:49.943   541   541 I art     : option[2]=-Xstacktracefile:/data/anr/traces.txt
01-28 20:58:49.943   541   541 I art     : option[3]=exit
01-28 20:58:49.943   541   541 I art     : option[4]=vfprintf
01-28 20:58:49.943   541   541 I art     : option[5]=sensitiveThread
01-28 20:58:49.943   541   541 I art     : option[6]=-verbose:gc
01-28 20:58:49.943   541   541 I art     : option[7]=-Xms8m
01-28 20:58:49.943   541   541 I art     : option[8]=-Xmx768m
01-28 20:58:49.943   541   541 I art     : option[9]=-XX:HeapGrowthLimit=288m
01-28 20:58:49.943   541   541 I art     : option[10]=-XX:HeapMinFree=512k
01-28 20:58:49.943   541   541 I art     : option[11]=-XX:HeapMaxFree=8m
01-28 20:58:49.944   541   541 I art     : option[12]=-XX:HeapTargetUtilization=0.75
01-28 20:58:49.944   541   541 I art     : option[13]=-Xusejit:true
01-28 20:58:49.944   541   541 I art     : option[14]=-Xjitsaveprofilinginfo
01-28 20:58:49.944   541   541 I art     : option[15]=-agentlib:jdwp=transport=dt_android_adb,suspend=n,server=y
01-28 20:58:49.944   541   541 I art     : option[16]=-Xlockprofthreshold:500
01-28 20:58:49.944   541   541 I art     : option[17]=-Ximage-compiler-option
01-28 20:58:49.944   541   541 I art     : option[18]=--runtime-arg
01-28 20:58:49.944   541   541 I art     : option[19]=-Ximage-compiler-option
01-28 20:58:49.944   541   541 I art     : option[20]=-Xms64m
01-28 20:58:49.944   541   541 I art     : option[21]=-Ximage-compiler-option
01-28 20:58:49.944   541   541 I art     : option[22]=--runtime-arg
01-28 20:58:49.944   541   541 I art     : option[23]=-Ximage-compiler-option
01-28 20:58:49.944   541   541 I art     : option[24]=-Xmx64m
01-28 20:58:49.944   541   541 I art     : option[25]=-Ximage-compiler-option
01-28 20:58:49.944   541   541 I art     : option[26]=--compiler-filter=verify-at-runtime
01-28 20:58:49.944   541   541 I art     : option[27]=-Ximage-compiler-option
01-28 20:58:49.944   541   541 I art     : option[28]=--image-classes=/system/etc/preloaded-classes
01-28 20:58:49.944   541   541 I art     : option[29]=-Ximage-compiler-option
01-28 20:58:49.944   541   541 I art     : option[30]=--compiled-classes=/system/etc/compiled-classes
01-28 20:58:49.944   541   541 I art     : option[31]=-Xcompiler-option
01-28 20:58:49.944   541   541 I art     : option[32]=--runtime-arg
01-28 20:58:49.944   541   541 I art     : option[33]=-Xcompiler-option
01-28 20:58:49.944   541   541 I art     : option[34]=-Xms64m
01-28 20:58:49.944   541   541 I art     : option[35]=-Xcompiler-option
01-28 20:58:49.944   541   541 I art     : option[36]=--runtime-arg
01-28 20:58:49.944   541   541 I art     : option[37]=-Xcompiler-option
01-28 20:58:49.944   541   541 I art     : option[38]=-Xmx512m
01-28 20:58:49.944   541   541 I art     : option[39]=-Ximage-compiler-option
01-28 20:58:49.944   541   541 I art     : option[40]=--instruction-set-variant=cortex-a53
01-28 20:58:49.944   541   541 I art     : option[41]=-Xcompiler-option
01-28 20:58:49.944   541   541 I art     : option[42]=--instruction-set-variant=cortex-a53
01-28 20:58:49.944   541   541 I art     : option[43]=-Ximage-compiler-option
01-28 20:58:49.944   541   541 I art     : option[44]=--instruction-set-features=default
01-28 20:58:49.944   541   541 I art     : option[45]=-Xcompiler-option
01-28 20:58:49.944   541   541 I art     : option[46]=--instruction-set-features=default
01-28 20:58:49.944   541   541 I art     : option[47]=-Duser.locale=ru-RU
01-28 20:58:49.944   541   541 I art     : option[48]=--cpu-abilist=armeabi-v7a,armeabi
01-28 20:58:49.944   541   541 I art     : option[49]=-Xfingerprint:meizu/m1721/m1721:7.1.2/N2G47H/m1721.Flyme_6.0.1500631298:user/release-keys
01-28 20:58:49.956   799   860 I Adreno  : QUALCOMM build                   : ba5a165, I0b6e8ce5b5
01-28 20:58:49.956   799   860 I Adreno  : Build Date                       : 08/08/17
01-28 20:58:49.956   799   860 I Adreno  : OpenGL ES Shader Compiler Version: XE031.09.00.04
01-28 20:58:49.956   799   860 I Adreno  : Local Branch                     : 
01-28 20:58:49.956   799   860 I Adreno  : Remote Branch                    : refs/tags/AU_LINUX_ANDROID_LA.UM.5.5.R1.07.01.02.269.053
01-28 20:58:49.956   799   860 I Adreno  : Remote Branch                    : NONE
01-28 20:58:49.956   799   860 I Adreno  : Reconstruct Branch               : NOTHING
01-28 20:58:50.088   582   582 E mm-camera: <SENSOR><ERROR> 385: eebin_read: failed!
01-28 20:58:50.088   582   582 E mm-camera: <SENSOR><ERROR> 385: eebin_read: failed!
01-28 20:58:50.088   582   582 E mm-camera: <SENSOR><ERROR> 385: eebin_read: failed!
01-28 20:58:50.089   582   582 E mm-camera: <SENSOR><ERROR> 467: sensor_init_probe: failed: to probe eeprom bin sensors (non-fatal)
03-06 07:45:58.981     0     0 I msm_pm_qos_add_request: add request
03-06 07:45:59.095     0     0 I msm_cci_init: 1426: hw_version = 0x10020005
03-06 07:45:59.095     0     0 E         : imx362 probe succeeded
03-06 07:45:59.234     0     0 I msm_cci_init: 1426: hw_version = 0x10020005
01-28 20:58:50.349   558   558 I RILQ    : (0/558):RIL[0][rild] qmi_ril_qmi_client_pre_initialization_acquire: entry
01-28 20:58:50.350   558   558 I RILQ    : (0/558):RIL[0][rild] qmi_ril_qmi_client_pre_initialization_acquire: exit
01-28 20:58:50.408   558   558 I RILQ    : (0/558):RIL[0][rild] void settingsd_client_start(): Starting settingsd client thread
01-28 20:58:50.408   558   558 I RILQ    : (0/558):RIL[0][rild] void settingsd_client_start(): After starting the settingsd client thread
01-28 20:58:50.408   558   927 I RILQ    : (0/558):RIL[0] void main_loop_thread(): main_loop_thread started
01-28 20:58:50.408   558   927 V use-Rlog/RLOG-RILQ: [39f]> void main_loop_thread(): Starting main Loop thread for settings client
01-28 20:58:50.408   558   927 V libsettings: [39f]> QcSettingsD::ProtoSource::ProtoSource(const std::string &, bool): tag: /dev/socket/settingsd
01-28 20:58:50.408   558   927 D libsettings: [39f]Main Loop created
01-28 20:58:50.408   558   927 D libsettings: [39f]current main loop set: true
01-28 20:58:50.408   558   927 D help_/dev/socket/settingsd: Command help_/dev/socket/settingsd
01-28 20:58:50.408   558   927 V libsettings: [39f]> static void QcSettingsD::CommandRegistry::registerCommand(const std::string &, const std::shared_ptr<Command> &): help_/dev/socket/settingsd
01-28 20:58:50.408   558   927 V libsettings: [39f]> static std::shared_ptr<CommandRegistry> QcSettingsD::CommandRegistry::getRegistry(const std::string &): default
01-28 20:58:50.408   558   927 V libsettings: [39f]< static std::shared_ptr<CommandRegistry> QcSettingsD::CommandRegistry::getRegistry(const std::string &): 
01-28 20:58:50.408   558   927 V libsettings: [39f]> void QcSettingsD::CommandRegistry::doRegisterCommand(const std::string &, const std::shared_ptr<Command> &): (default) help_/dev/socket/settingsd
01-28 20:58:50.408   558   927 V libsettings: [39f]< void QcSettingsD::CommandRegistry::doRegisterCommand(const std::string &, const std::shared_ptr<Command> &): 
01-28 20:58:50.408   558   927 V libsettings: [39f]< static void QcSettingsD::CommandRegistry::registerCommand(const std::string &, const std::shared_ptr<Command> &): 
01-28 20:58:50.408   558   927 V libsettings: [39f]> static std::shared_ptr<CommandRegistry> QcSettingsD::CommandRegistry::getRegistry(const std::string &): default
01-28 20:58:50.408   558   927 V libsettings: [39f]< static std::shared_ptr<CommandRegistry> QcSettingsD::CommandRegistry::getRegistry(const std::string &): 
01-28 20:58:50.408   558   927 V libsettings: [39f]> bool QcSettingsD::Command::enqueue(const QcSettingsD::CommandParameters &, QcSettingsD::CommandResults &, const callback_t &): 
01-28 20:58:50.408   558   927 D libsettings: [39f]enqueueing command
01-28 20:58:50.408   558   927 D CommandEvent: 
01-28 20:58:50.408   558   927 V libsettings: [39f]> void QcSettingsD::MainLoop::localQueueEvent(std::shared_ptr<Event> &): 
01-28 20:58:50.408   558   927 V libsettings: [39f]< void QcSettingsD::MainLoop::localQueueEvent(std::shared_ptr<Event> &): 
01-28 20:58:50.408   558   927 V libsettings: [39f]< bool QcSettingsD::Command::enqueue(const QcSettingsD::CommandParameters &, QcSettingsD::CommandResults &, const callback_t &): ret: 1
01-28 20:58:50.408   558   927 V libsettings: [39f]< QcSettingsD::ProtoSource::ProtoSource(const std::string &, bool): 
01-28 20:58:50.408   558   927 D /dev/socket/settingsd: QcSettingsD::ClientSocket<QcSettingsD::ProtoSource>::ClientSocket(const std::string &, const std::string &, int, int, int) [T = QcSettingsD::ProtoSource] ( /dev/socket/settingsd, /dev/socket/settingsd, 1, 1, 0)
01-28 20:58:50.408   558   927 D /dev/socket/settingsd: int QcSettingsD::ClientSocket<QcSettingsD::ProtoSource>::connect() [T = QcSettingsD::ProtoSource]: ret: -1. fd: 34. errno: 2
01-28 20:58:50.409   558   927 E /dev/socket/settingsd: int QcSettingsD::ClientSocket<QcSettingsD::ProtoSource>::connect() [T = QcSettingsD::ProtoSource]: connect: No such file or directory(2)
01-28 20:58:50.409   558   927 E use-Rlog/RLOG-RILQ: [39f]Unable to start settings client
01-28 20:58:50.409   558   927 V use-Rlog/RLOG-RILQ: [39f]< void main_loop_thread(): 
01-28 20:58:50.409   558   927 D /dev/socket/settingsd: Closing fd 34
01-28 20:58:50.409   558   927 V libsettings: [39f]> virtual QcSettingsD::ProtoSource::~ProtoSource(): tag: /dev/socket/settingsd
01-28 20:58:50.409   558   927 D libsettings: [39f]De-registering command help_/dev/socket/settingsd
01-28 20:58:50.409   558   927 V libsettings: [39f]> static void QcSettingsD::CommandRegistry::deRegisterCommand(const std::string &): help_/dev/socket/settingsd
01-28 20:58:50.409   558   927 V libsettings: [39f]> static std::shared_ptr<CommandRegistry> QcSettingsD::CommandRegistry::getRegistry(const std::string &): default
01-28 20:58:50.409   558   927 V libsettings: [39f]< static std::shared_ptr<CommandRegistry> QcSettingsD::CommandRegistry::getRegistry(const std::string &): 
01-28 20:58:50.409   558   927 V libsettings: [39f]> void QcSettingsD::CommandRegistry::doDeRegisterCommand(const std::string &): default(help_/dev/socket/settingsd)
01-28 20:58:50.409   558   927 V libsettings: [39f]< void QcSettingsD::CommandRegistry::doDeRegisterCommand(const std::string &): 
01-28 20:58:50.409   558   927 V libsettings: [39f]< static void QcSettingsD::CommandRegistry::deRegisterCommand(const std::string &): 
01-28 20:58:50.409   558   927 V libsettings: [39f]< virtual QcSettingsD::ProtoSource::~ProtoSource(): 
01-28 20:58:50.414   558   558 D RILD    : RIL_Init rilInit completed
01-28 20:58:50.414   558   558 I RILC    : SIM_COUNT: 1
01-28 20:58:50.414   558   733 W RILC    : RIL_onUnsolicitedResponse called before RIL_register
01-28 20:58:50.414   558   558 E RILC    : RIL_register: RIL version 13
01-28 20:58:50.414   558   558 I RILC    : s_registerCalled flag set, 1
01-28 20:58:50.414   558   558 I RILC    : Start to listen RIL_SOCKET_1
01-28 20:58:50.414   558   558 D RILD    : RIL_Init RIL_register completed
01-28 20:58:50.414   558   558 D RILD    : RIL_register_socket started
01-28 20:58:50.414   558   558 D RIL_UIM_SOCKET: Adding socket with id: 0
01-28 20:58:50.414   558   558 D RILD    : RIL_register_socket completed
01-28 20:58:50.414   558   558 D RILD    : RIL_Init starting sleep loop
01-28 20:58:50.414   558   733 E RILQ    : (0/558): RIL[0][main] qcril_qmi_lte_direct_disc_pack_msg_tag: encoding the MsgHeader
01-28 20:58:50.444   558   733 D PerMgrLib: QCRIL voting for modem
03-06 07:45:59.234     0     0 E         : s5k3p8sp03 probe succeeded
03-06 07:45:59.337     0     0 I msm_cci_init: 1426: hw_version = 0x10020005
01-28 20:58:50.465   582   582 E         : come to allenyao-flash,module_sensor_find_other_subdev,7018
01-28 20:58:50.466   582   582 E         : entity name video0 type 65537 group id 2,allenyao-flash
01-28 20:58:50.466   582   582 E         : entity name msm_cci type 131072 group id 0,allenyao-flash
01-28 20:58:50.466   582   582 E         : subdev_name is /dev/msm_cci,allenyao-flash,module_sensor_find_other_subdev
01-28 20:58:50.466   582   582 E         : entity name v4l-subdev0 type 131072 group id 0,allenyao-flash
01-28 20:58:50.466   582   582 E         : subdev_name is /dev/v4l-subdev0,allenyao-flash,module_sensor_find_other_subdev
01-28 20:58:50.466   582   582 E         : come to allenyao-eeprom,module_sensor_find_other_subdev,7073
01-28 20:58:50.466   582   582 E         : subdev_name /dev/v4l-subdev0 subdev id 0,allenyao-flash
01-28 20:58:50.466   582   582 E         : SUB_MODULE_CSIPHY ,allenyao-flash,subdev_name /dev/v4l-subdev0 subdev_id 0
01-28 20:58:50.466   582   582 E         : entity name v4l-subdev1 type 131072 group id 0,allenyao-flash
01-28 20:58:50.466   582   582 E         : subdev_name is /dev/v4l-subdev1,allenyao-flash,module_sensor_find_other_subdev
01-28 20:58:50.466   582   582 E         : come to allenyao-eeprom,module_sensor_find_other_subdev,7073
01-28 20:58:50.466   582   582 E         : subdev_name /dev/v4l-subdev1 subdev id 1,allenyao-flash
01-28 20:58:50.466   582   582 E         : SUB_MODULE_CSIPHY ,allenyao-flash,subdev_name /dev/v4l-subdev1 subdev_id 1
01-28 20:58:50.466   582   582 E         : entity name v4l-subdev2 type 131072 group id 0,allenyao-flash
01-28 20:58:50.466   582   582 E         : subdev_name is /dev/v4l-subdev2,allenyao-flash,module_sensor_find_other_subdev
01-28 20:58:50.466   582   582 E         : come to allenyao-eeprom,module_sensor_find_other_subdev,7073
01-28 20:58:50.466   582   582 E         : subdev_name /dev/v4l-subdev2 subdev id 2,allenyao-flash
01-28 20:58:50.466   498   498 E         : bt_qmi_dms_init :Error while Initializing qmi_client_init_instance: -3
01-28 20:58:50.466   498   498 E         : QMI initialization failed in 2 try...
01-28 20:58:50.467   582   582 E         : SUB_MODULE_CSIPHY ,allenyao-flash,subdev_name /dev/v4l-subdev2 subdev_id 2
01-28 20:58:50.467   582   582 E         : entity name v4l-subdev3 type 131072 group id 1,allenyao-flash
01-28 20:58:50.467   582   582 E         : subdev_name is /dev/v4l-subdev3,allenyao-flash,module_sensor_find_other_subdev
01-28 20:58:50.467   582   582 E         : come to allenyao-eeprom,module_sensor_find_other_subdev,7073
01-28 20:58:50.467   582   582 E         : subdev_name /dev/v4l-subdev3 subdev id 0,allenyao-flash
01-28 20:58:50.467   582   582 E         : SUB_MODULE_CSID allenyao-flash subdev_name /dev/v4l-subdev3 subdev_id 0
01-28 20:58:50.467   582   582 E         : entity name v4l-subdev4 type 131072 group id 1,allenyao-flash
01-28 20:58:50.467   582   582 E         : subdev_name is /dev/v4l-subdev4,allenyao-flash,module_sensor_find_other_subdev
01-28 20:58:50.467   582   582 E         : come to allenyao-eeprom,module_sensor_find_other_subdev,7073
01-28 20:58:50.467   582   582 E         : subdev_name /dev/v4l-subdev4 subdev id 1,allenyao-flash
01-28 20:58:50.467   582   582 E         : SUB_MODULE_CSID allenyao-flash subdev_name /dev/v4l-subdev4 subdev_id 1
01-28 20:58:50.467   582   582 E         : entity name v4l-subdev5 type 131072 group id 1,allenyao-flash
01-28 20:58:50.467   582   582 E         : subdev_name is /dev/v4l-subdev5,allenyao-flash,module_sensor_find_other_subdev
01-28 20:58:50.467   582   582 E         : come to allenyao-eeprom,module_sensor_find_other_subdev,7073
01-28 20:58:50.467   582   582 E         : subdev_name /dev/v4l-subdev5 subdev id 2,allenyao-flash
01-28 20:58:50.467   582   582 E         : SUB_MODULE_CSID allenyao-flash subdev_name /dev/v4l-subdev5 subdev_id 2
01-28 20:58:50.467   582   582 E         : entity name v4l-subdev6 type 131072 group id 7,allenyao-flash
01-28 20:58:50.467   582   582 E         : subdev_name is /dev/v4l-subdev6,allenyao-flash,module_sensor_find_other_subdev
01-28 20:58:50.467   582   582 E         : come to allenyao-eeprom,module_sensor_find_other_subdev,7073
01-28 20:58:50.467   582   582 E         : subdev_name /dev/v4l-subdev6 subdev id 0,allenyao-flash
01-28 20:58:50.467   582   582 E         : SUB_MODULE_ACTUATOR allenyao-flash, subdev_name /dev/v4l-subdev6 subdev_id 0,7088
01-28 20:58:50.467   582   582 E         : entity name v4l-subdev7 type 131072 group id 8,allenyao-flash
01-28 20:58:50.467   582   582 E         : subdev_name is /dev/v4l-subdev7,allenyao-flash,module_sensor_find_other_subdev
01-28 20:58:50.467   582   582 E         : come to allenyao-eeprom,module_sensor_find_other_subdev,7073
01-28 20:58:50.467   582   582 E         : subdev_name /dev/v4l-subdev7 subdev id 0,allenyao-flash
01-28 20:58:50.467   582   582 E         : SUB_MODULE_EEPROM allenyao-eeprom subdev_name /dev/v4l-subdev7 subdev_id 0
01-28 20:58:50.467   582   582 E         : entity name v4l-subdev8 type 131072 group id 8,allenyao-flash
01-28 20:58:50.467   582   582 E         : subdev_name is /dev/v4l-subdev8,allenyao-flash,module_sensor_find_other_subdev
01-28 20:58:50.467   582   582 E         : come to allenyao-eeprom,module_sensor_find_other_subdev,7073
01-28 20:58:50.467   582   582 E         : subdev_name /dev/v4l-subdev8 subdev id 1,allenyao-flash
01-28 20:58:50.467   582   582 E         : SUB_MODULE_EEPROM allenyao-eeprom subdev_name /dev/v4l-subdev8 subdev_id 1
01-28 20:58:50.467   582   582 E         : entity name v4l-subdev9 type 131072 group id 8,allenyao-flash
01-28 20:58:50.467   582   582 E         : subdev_name is /dev/v4l-subdev9,allenyao-flash,module_sensor_find_other_subdev
01-28 20:58:50.467   582   582 E         : come to allenyao-eeprom,module_sensor_find_other_subdev,7073
01-28 20:58:50.468   582   582 E         : subdev_name /dev/v4l-subdev9 subdev id 2,allenyao-flash
01-28 20:58:50.468   582   582 E         : SUB_MODULE_EEPROM allenyao-eeprom subdev_name /dev/v4l-subdev9 subdev_id 2
01-28 20:58:50.468   582   582 E         : entity name v4l-subdev10 type 131072 group id 11,allenyao-flash
01-28 20:58:50.468   582   582 E         : subdev_name is /dev/v4l-subdev10,allenyao-flash,module_sensor_find_other_subdev
01-28 20:58:50.468   582   582 E         : come to allenyao-eeprom,module_sensor_find_other_subdev,7073
01-28 20:58:50.468   582   582 E mm-camera: <SENSOR><ERROR> 7075: module_sensor_find_other_subdev: failed rc -1
01-28 20:58:50.468   582   582 E         : come to allenyao-flash,module_sensor_find_other_subdev,7076
01-28 20:58:50.468   582   582 E         : entity name v4l-subdev11 type 131072 group id 14,allenyao-flash
01-28 20:58:50.468   582   582 E         : entity name v4l-subdev12 type 131072 group id 9,allenyao-flash
01-28 20:58:50.468   582   582 E         : entity name v4l-subdev13 type 131072 group id 3,allenyao-flash
01-28 20:58:50.468   582   582 E         : entity name v4l-subdev14 type 131072 group id 3,allenyao-flash
01-28 20:58:50.468   582   582 E         : entity name v4l-subdev15 type 131072 group id 2,allenyao-flash
01-28 20:58:50.468   582   582 E         : entity name v4l-subdev16 type 131072 group id 13,allenyao-flash
01-28 20:58:50.468   582   582 E         : entity name v4l-subdev17 type 131072 group id 6,allenyao-flash
01-28 20:58:50.468   582   582 E         : entity name v4l-subdev18 type 131072 group id 6,allenyao-flash
01-28 20:58:50.468   582   582 E         : entity name v4l-subdev19 type 131072 group id 6,allenyao-flash
03-06 07:45:59.338     0     0 E         : s5k4e8 probe succeeded
03-06 07:45:59.361     0     0 W compat_ioctl32: unknown ioctl 'V', dir=3, #195 (0xc00456c3)
01-28 20:58:50.475   582   582 D mm-camera: gt24c64a_imx362_s5k2l7_format_calibration_data:900,OTP: total bytes: 4954
01-28 20:58:50.475   582   582 D mm-camera: gt24c64a_imx362_s5k2l7_get_module_info:115,OTP:mast_sensorid: 1,slave_sensorid: 1,vcmid: 2,afdriverid: 2
01-28 20:58:50.475   582   582 D mm-camera: gt24c64a_imx362_s5k2l7_get_module_info:132,ldx imx362_s5k2l7 module is qtech
01-28 20:58:50.475   582   582 D mm-camera: 
01-28 20:58:50.475   582   582 D mm-camera: gt24c64a_imx362_s5k2l7_format_wbdata:206,OTP:AWB:D65 awb_r_over_gr_1: 0.629521,awb_b_over_gr_1: 0.500489,awb_gb_over_gr_1: 1.003910
01-28 20:58:50.475   582   582 D mm-camera: gt24c64a_imx362_s5k2l7_format_wbdata:208,OTP:AWB:D65 golden_awb_r_over_gr_1: 0.635386,golden_awb_b_over_gr_1: 0.514174,golden_awb_gb_over_gr_1: 1.000978
01-28 20:58:50.475   582   582 D mm-camera: gt24c64a_imx362_s5k2l7_format_wbdata:218,OTP:AWB:D65 awb_r_over_gr_2: 0.453568,awb_b_over_gr_2: 0.505376,awb_gb_over_gr_2: 1.002933
01-28 20:58:50.475   582   582 D mm-camera: gt24c64a_imx362_s5k2l7_format_wbdata:220,OTP:AWB:D65 golden_awb_r_over_gr_2: 0.464321,golden_awb_b_over_gr_2: 0.518084,golden_awb_gb_over_gr_2: 1.000978
01-28 20:58:50.475   582   582 D mm-camera: gt24c64a_imx362_s5k2l7_format_wbdata:230,OTP:AWB:D65 awb_r_over_gr_3: 64.061584,awb_b_over_gr_3: 64.061584,awb_gb_over_gr_3: 64.061584
01-28 20:58:50.475   582   582 D mm-camera: gt24c64a_imx362_s5k2l7_format_wbdata:232,OTP:AWB:D65 golden_awb_r_over_gr_3: 64.061584,golden_awb_b_over_gr_3: 64.061584,golden_awb_gb_over_gr_3: 64.061584
01-28 20:58:50.475   582   582 D mm-camera: gt24c64a_imx362_s5k2l7_format_afdata:377,OTP: af_type: 0x2, af_cal_dir: 0x2
01-28 20:58:50.475   582   582 D mm-camera: gt24c64a_imx362_s5k2l7_format_afdata:384,OTP:(10 bit) AF Infinity: 212,Macro: 716,af_start: 120,
01-28 20:58:50.475   582   582 D mm-camera: gt24c64a_imx362_s5k2l7_format_afdata:398,OTP: with margin: Infinity 212, Macro 716, start_dac 120
01-28 20:58:50.475   582   582 D mm-camera: gt24c64a_imx362_s5k2l7_format_lscdata:473,lsc-s5k4e8 module is qtech
01-28 20:58:50.475   582   582 D mm-camera: 
01-28 20:58:50.475   582   582 D mm-camera: gt24c64a_imx362_s5k2l7_format_lscdata:548,OTP: LSC MESH R MATRIX,gt24c64a_imx362_s5k2l7_format_lscdata,allenyao
01-28 20:58:50.475   582   582 D mm-camera: 
01-28 20:58:50.475   582   582 D mm-camera: gt24c64a_imx362_s5k2l7_format_lscdata:550,OTP: LSC MESH GR MATRIX,gt24c64a_imx362_s5k2l7_format_lscdata,allenyao
01-28 20:58:50.475   582   582 D mm-camera: 
01-28 20:58:50.476   582   582 D mm-camera: gt24c64a_imx362_s5k2l7_format_lscdata:552,OTP: LSC MESH GB MATRIX,gt24c64a_imx362_s5k2l7_format_lscdata,allenyao
01-28 20:58:50.476   582   582 D mm-camera: gt24c64a_imx362_s5k2l7_format_lscdata:554,OTP: LSC MESH B MATRIX,gt24c64a_imx362_s5k2l7_format_lscdata,allenyao
01-28 20:58:50.476   582   582 D mm-camera: 
01-28 20:58:50.476   582   582 D mm-camera: gt24c64a_imx362_s5k2l7_format_pdafdata:685,-------------PDAF GAIN DUMP------------
01-28 20:58:50.476   582   582 D mm-camera: gt24c64a_imx362_s5k2l7_format_pdafdata:694,VersionNum: 4, OffsetX 0, OffsetY 0, RatioX 0, RatioY 0,MapWidth 17, MapHeight 13
01-28 20:58:50.476   582   582 D mm-camera: gt24c64a_imx362_s5k2l7_format_pdafdata:695,-----------Left_GainMap----------------
01-28 20:58:50.476   582   582 D mm-camera: gt24c64a_imx362_s5k2l7_format_pdafdata:707,1056, 862, 728, 635, 570, 524, 499, 488, 491, 502, 524, 559, 603, 660, 722, 804, 898
01-28 20:58:50.476   582   582 D mm-camera: gt24c64a_imx362_s5k2l7_format_pdafdata:707,918, 747, 630, 552, 496, 461, 437, 426, 428, 440, 459, 491, 534, 590, 654, 734, 820
01-28 20:58:50.476   582   582 D mm-camera: gt24c64a_imx362_s5k2l7_format_pdafdata:707,820, 665, 563, 494, 446, 414, 391, 380, 380, 391, 412, 440, 482, 538, 603, 681, 768
01-28 20:58:50.476   582   582 D mm-camera: gt24c64a_imx362_s5k2l7_format_pdafdata:707,754, 607, 518, 454, 410, 373, 346, 330, 326, 335, 353, 384, 426, 482, 552, 640, 728
01-28 20:58:50.476   582   582 D mm-camera: gt24c64a_imx362_s5k2l7_format_pdafdata:707,715, 578, 494, 431, 385, 344, 312, 292, 287, 294, 312, 343, 384, 442, 515, 607, 704
01-28 20:58:50.476   582   582 D mm-camera: gt24c64a_imx362_s5k2l7_format_pdafdata:707,686, 559, 477, 420, 370, 328, 294, 272, 269, 276, 295, 324, 367, 422, 496, 586, 681
01-28 20:58:50.476   582   582 D mm-camera: gt24c64a_imx362_s5k2l7_format_pdafdata:707,675, 552, 471, 416, 367, 323, 288, 267, 264, 271, 289, 320, 362, 416, 488, 582, 681
01-28 20:58:50.476   582   582 D mm-camera: gt24c64a_imx362_s5k2l7_format_pdafdata:707,686, 555, 477, 420, 372, 330, 295, 274, 269, 276, 295, 326, 367, 422, 494, 586, 681
01-28 20:58:50.476   582   582 D mm-camera: gt24c64a_imx362_s5k2l7_format_pdafdata:707,709, 574, 494, 433, 387, 347, 315, 294, 287, 295, 314, 343, 384, 440, 515, 603, 698
01-28 20:58:50.476   582   582 D mm-camera: gt24c64a_imx362_s5k2l7_format_pdafdata:707,761, 616, 524, 459, 412, 375, 346, 328, 322, 328, 346, 373, 416, 474, 548, 640, 728
01-28 20:58:50.476   582   582 D mm-camera: gt24c64a_imx362_s5k2l7_format_pdafdata:707,828, 670, 566, 496, 446, 412, 385, 370, 365, 372, 387, 416, 459, 521, 594, 681, 768
01-28 20:58:50.476   582   582 D mm-camera: gt24c64a_imx362_s5k2l7_format_pdafdata:707,928, 754, 635, 552, 496, 456, 431, 418, 416, 424, 442, 471, 518, 582, 654, 734, 828
01-28 20:58:50.476   582   582 D mm-camera: gt24c64a_imx362_s5k2l7_format_pdafdata:707,1056, 862, 728, 635, 566, 524, 494, 480, 480, 491, 512, 545, 594, 654, 722, 804, 908
01-28 20:58:50.476   582   582 D mm-camera: gt24c64a_imx362_s5k2l7_format_pdafdata:709,-----------Right_GainMap----------------
01-28 20:58:50.476   582   582 D mm-camera: gt24c64a_imx362_s5k2l7_format_pdafdata:721,880, 782, 704, 640, 586, 541, 508, 488, 477, 477, 491, 515, 555, 616, 704, 828, 1005
01-28 20:58:50.476   582   582 D mm-camera: gt24c64a_imx362_s5k2l7_format_pdafdata:721,796, 709, 640, 574, 521, 477, 446, 426, 416, 416, 428, 454, 488, 538, 612, 722, 889
01-28 20:58:50.476   582   582 D mm-camera: gt24c64a_imx362_s5k2l7_format_pdafdata:721,734, 660, 586, 521, 469, 426, 396, 377, 367, 367, 382, 404, 440, 485, 552, 644, 796
01-28 20:58:50.476   582   582 D mm-camera: gt24c64a_imx362_s5k2l7_format_pdafdata:721,704, 621, 538, 469, 414, 372, 343, 326, 317, 322, 340, 367, 404, 449, 512, 594, 734
01-28 20:58:50.476   582   582 D mm-camera: gt24c64a_imx362_s5k2l7_format_pdafdata:721,675, 586, 502, 428, 372, 331, 302, 285, 278, 285, 307, 339, 377, 424, 482, 563, 692
01-28 20:58:50.476   582   582 D mm-camera: gt24c64a_imx362_s5k2l7_format_pdafdata:721,660, 570, 482, 410, 353, 314, 284, 266, 260, 264, 287, 322, 362, 410, 466, 541, 665
01-28 20:58:50.476   582   582 D mm-camera: gt24c64a_imx362_s5k2l7_format_pdafdata:721,649, 563, 474, 402, 347, 307, 278, 261, 256, 259, 280, 317, 357, 406, 461, 534, 654
