03-06 07:45:57.398   509   509 I SurfaceFlinger: SurfaceFlinger is starting
03-06 07:45:57.399     0     0 E msm-pcm-routing soc: qcom,msm-pcm-routing: ASoC: no sink widget found for SENARY_MI2S_TX
03-06 07:45:57.399     0     0 E msm-pcm-routing soc: qcom,msm-pcm-routing: ASoC: Failed to add route BE_IN -> direct -> SENARY_MI2S_TX
03-06 07:45:57.399     0     0 I init    : Starting service 'audiod'...
03-06 07:45:57.417   537   537 E adsprpc : vendor/qcom/proprietary/adsprpc/src/adsp_default_listener.c:28:adsp_default_listener_start started
03-06 07:45:57.417     0     0 I         : 'opened /dev/adsprpc-smd c 228 0'
03-06 07:45:57.421   504   504 I lowmemorykiller: Using in-kernel low memory killer interface
03-06 07:45:57.423   533   533 D QC-time-services: Daemon:genoff_pre_init::Base = 0
03-06 07:45:57.423   533   533 D QC-time-services: Daemon:ats_rtc_init: Time read from RTC -- year = 70, month = 2,day = 6
03-06 07:45:57.426   496   496 I rmt_storage: Shared memory initialised successfully.
03-06 07:45:57.426   496   496 I rmt_storage: Registering modemst1: 0x4a /boot/modem_fs1
03-06 07:45:57.426   496   496 I rmt_storage: Registering modemst2: 0x4b /boot/modem_fs2
03-06 07:45:57.426   496   496 I rmt_storage: Registering fsc: 0xff /boot/modem_fsc
03-06 07:45:57.426   496   496 I rmt_storage: Registering fsg: 0x58 /boot/modem_fsg
03-06 07:45:57.426   496   496 I rmt_storage: 4 GPT partitions found
03-06 07:45:57.427   496   496 I rmt_storage: Capset success!
03-06 07:45:57.431     0     0 W msm-pcm-routing soc: qcom,msm-pcm-routing: ASoC: Failed to create SEC_MI2S_RX Port Mixer debugfs file
03-06 07:45:57.434   547   547 I         : installd firing up
03-06 07:45:57.435   497   497 I tftp_server: Starting...
03-06 07:45:57.436   509   509 I SurfaceFlinger: SurfaceFlinger's main thread ready to run. Initializing graphics H/W...
03-06 07:45:57.439     0     0 E msm-pcm-routing soc: qcom,msm-pcm-routing: ASoC: mux SLIM_0_RX AANC MUX has no paths
03-06 07:45:57.444     0     0 E wcd-spmi-core msm8x16_wcd_codec-11: ASoC: mux RX3 MIX1 INP3 has no paths
03-06 07:45:57.444   536   536 E Diag_Lib: qpLogDiagInit <== result : 1
03-06 07:45:57.445     0     0 E wcd-spmi-core msm8x16_wcd_codec-11: ASoC: mux RX2 MIX1 INP3 has no paths
03-06 07:45:57.445   536   536 E Diag_Lib: QMID : gIsQXDMDisabled 0, gIsADBDisabled 1, gIsDebugDisabled 0, gIsIMSLogsDisabled 0
03-06 07:45:57.445   536   536 E Diag_Lib: [IMS_QMID] |imsqmiserver.c | 538 | QMID#$$#0#QMI DAEMON STARTED
03-06 07:45:57.446     0     0 I sysmon-qmi: sysmon_clnt_svc_arrive: Connection established between QMI handle and adsp's SSCTL service
03-06 07:45:57.449   579   579 I auditd  : type=1400 audit(0.0:3): avc: denied { execute_no_trans } for comm="init" path="/system/bin/goodixfingerprintd" dev="mmcblk0p54" ino=258 scontext=u:r:init:s0 tcontext=u:object_r:goodixfingerprintd_exec:s0 tclass=file permissive=1
03-06 07:45:57.449   579   579 I init    : type=1400 audit(0.0:3): avc: denied { execute_no_trans } for path="/system/bin/goodixfingerprintd" dev="mmcblk0p54" ino=258 scontext=u:r:init:s0 tcontext=u:object_r:goodixfingerprintd_exec:s0 tclass=file permissive=1
03-06 07:45:57.456     0     0 E init    : Service goodixfpd does not have a SELinux domain defined.
03-06 07:45:57.456     0     0 I init    : Starting service 'goodixfpd'...
03-06 07:45:57.457     0     0 I init    : Starting service 'fingerprintd'...
03-06 07:45:57.461     0     0 I init    : Starting service 'qcamerasvr'...
03-06 07:45:57.463     0     0 I init    : Starting service 'gatekeeperd'...
03-06 07:45:57.467   448   584 I Magisk  : ** late_start service mode running
03-06 07:45:57.468   448   584 I Magisk  : * Running service.d scripts
03-06 07:45:57.468   533   533 D QC-time-services: Daemon ats_rtc_init: seconds = 5546757
03-06 07:45:57.468   533   533 D QC-time-services: Daemon:Value read from RTC seconds = 5546757000
03-06 07:45:57.468   533   533 D QC-time-services: Daemon:genoff_init_config: ATS_RTC initialized with rc: 0
03-06 07:45:57.468   533   533 D QC-time-services: Daemon:genoff_pre_init::Base = 1
03-06 07:45:57.468   533   533 D QC-time-services: Daemon: Storage Name: ats_1 
03-06 07:45:57.468   533   533 D QC-time-services: Daemon:Opening File: /persist/time/ats_1 /data/time/ats_1
03-06 07:45:57.468   533   533 D QC-time-services: Daemon:time_persistent_memory_opr:Genoff Read operation 
03-06 07:45:57.471     0     0 I init    : Starting service 'perfprofd'...
03-06 07:45:57.475   448   584 I Magisk  : * Running module service scripts
03-06 07:45:57.476     0     0 I init    : Service '52e1XWWOTO4KBAb' (pid 559) exited with status 0
03-06 07:45:57.477     0     0 I init    : Starting service 'logcatd'...
03-06 07:45:57.478   503   503 I PerMgrSrv: Adding entry for modem : offTimeout : 500 ackTimeout : 200
03-06 07:45:57.481   533   533 D QC-time-services: Daemon:Open File: /data/time/ats_1
03-06 07:45:57.482   516   516 E PerMgrProxy: Starting pm-proxy service
03-06 07:45:57.483   516   516 I PerMgrProxy: Found internal modem
03-06 07:45:57.484   502   502 D QSEECOMD: : qseecom listener services process entry PPID = 1
03-06 07:45:57.484   502   502 E QSEECOMD: : Listener: index = 0, hierarchy = 0
03-06 07:45:57.486   516   516 I ServiceManager: Waiting for service vendor.qcom.PeripheralManager...
03-06 07:45:57.486   503   503 I PerMgrSrv: Peripheral Mananager service start
03-06 07:45:57.486   503   503 I PerMgrSrv: power-off timeout 500,ms; event-ack timeout 200,ms; debug-mode false
03-06 07:45:57.486   503   503 I PerMgrSrv: Statistics for : modem
03-06 07:45:57.486   503   503 I PerMgrSrv: modem: Current State : is off-line
03-06 07:45:57.486   503   503 I PerMgrSrv: modem: Voter/Listener count : 0/0
03-06 07:45:57.486   503   503 I PerMgrSrv: modem: Power on count : 0
03-06 07:45:57.487   503   503 I PerMgrSrv: modem: Power off count: 0
03-06 07:45:57.487   503   503 I PerMgrSrv: modem: Client list:
03-06 07:45:57.489   503   593 I PerMgrSrv: QMI service start
03-06 07:45:57.489     0     0 I init    : Starting service 'msm_irqbalance'...
03-06 07:45:57.491   558   558 D RILD    : **RIL Daemon Started**
03-06 07:45:57.491   558   558 D RILD    : **RILd param count=1**
03-06 07:45:57.493   517   517 E QCNEA   : Cne Version 4.9
03-06 07:45:57.509     0     0 I msm_crus_pb_add_controls: platform->dev = ffffffc0b8362010
03-06 07:45:57.509     0     0 I         : cs35l35_codec_probe@777 ++
03-06 07:45:57.509   549   549 I keystore: Found keymaster1 module Keymaster QTI HAL, version 100
03-06 07:45:57.510   549   549 I SoftKeymaster: system/keymaster/soft_keymaster_device.cpp, Line 131: Creating device
03-06 07:45:57.510   549   549 D SoftKeymaster: system/keymaster/soft_keymaster_device.cpp, Line 132: Device address: 0x7fa963e000
03-06 07:45:57.511   533   533 D QC-time-services: Daemon:genoff_pre_init::Base = 2
03-06 07:45:57.511   533   533 D QC-time-services: Daemon: Storage Name: ats_2 
03-06 07:45:57.511   533   533 D QC-time-services: Daemon:Opening File: /persist/time/ats_2 /data/time/ats_2
03-06 07:45:57.511   533   533 D QC-time-services: Daemon:time_persistent_memory_opr:Genoff Read operation 
03-06 07:45:57.511     0     0 E msm8952-asoc-wcd c051000.sound: control 3:0:0:IEC958 Playback PCM Stream:0 is already present
03-06 07:45:57.511     0     0 E msm-hdmi-dba-codec-rx soc: qcom,msm-hdmi-dba-codec-rx: ASoC: Failed to add IEC958 Playback PCM Stream: -16
03-06 07:45:57.511     0     0 E msm_dba_get_probed_device: Device not found (adv7533, 0)
03-06 07:45:57.511     0     0 E msm_dba_register_client: Device not found (adv7533, 0)
03-06 07:45:57.511     0     0 E msm_hdmi_dba_codec_rx_init_dba: error in registering audio client 0
03-06 07:45:57.511   533   533 D QC-time-services: Daemon:Open File: /data/time/ats_2
03-06 07:45:57.514   530   530 I ThermalEngine: Thermal daemon started
03-06 07:45:57.514   530   530 I ThermalEngine: No target config file, falling back to '/system/etc/thermal-engine.conf'
03-06 07:45:57.514   530   530 I ThermalEngine: devices_manager_init: Init
03-06 07:45:57.514   530   530 I ThermalEngine: Number of gpus :1
03-06 07:45:57.515   530   530 I Thermal-IOCTL: KTM IOCTL interface "/dev/msm_thermal_query" opened
03-06 07:45:57.516   530   530 E ThermalEngine: update_cpu_topology: Cluster Info[0]. Cluster Id: 0 cpu_bits:0xf sync:1
03-06 07:45:57.516   530   530 E ThermalEngine: update_cpu_topology: Cluster Info[1]. Cluster Id: 1 cpu_bits:0xf0 sync:1
03-06 07:45:57.517   530   530 I ThermalEngine: vdd_rstr_init: Init KTM VDD RSTR enabled: 0
03-06 07:45:57.517     0     0 I init    : Starting service 'imsdatadaemon'...
03-06 07:45:57.518   535   535 E wcnss_service: wcnss_service: num_modems = 1
03-06 07:45:57.518   535   535 E wcnss_qmi: wcnss_init_qmi: Initialize wcnss QMI Interface
03-06 07:45:57.519   530   613 E QMI_FW  : QMUXD: WARNING qmi_qmux_if_pwr_up_init failed! rc=-6
03-06 07:45:57.520   535   535 E QMI_FW  : QMUXD: WARNING qmi_qmux_if_pwr_up_init failed! rc=-6
03-06 07:45:57.521     0     0 I capability: warning: `loc_launcher' uses 32-bit capabilities (legacy support in use)
03-06 07:45:57.524   533   533 D QC-time-services: Daemon:genoff_pre_init::Base = 3
03-06 07:45:57.524   533   533 D QC-time-services: Daemon: Storage Name: ats_3 
03-06 07:45:57.524   533   533 D QC-time-services: Daemon:Opening File: /persist/time/ats_3 /data/time/ats_3
03-06 07:45:57.524   533   533 D QC-time-services: Daemon:time_persistent_memory_opr:Genoff Read operation 
03-06 07:45:57.525   533   533 D QC-time-services: Daemon:Open File: /data/time/ats_3
03-06 07:45:57.525   533   533 D QC-time-services: Daemon:Unable to open filefor read
03-06 07:45:57.525   533   533 D QC-time-services: Daemon:genoff_post_init:Error in accessing storage
03-06 07:45:57.525   533   533 D QC-time-services: Daemon:genoff_pre_init::Base = 4
03-06 07:45:57.525   533   533 D QC-time-services: Daemon: Storage Name: ats_4 
03-06 07:45:57.525   533   533 D QC-time-services: Daemon:Opening File: /persist/time/ats_4 /data/time/ats_4
03-06 07:45:57.525   533   533 D QC-time-services: Daemon:time_persistent_memory_opr:Genoff Read operation 
03-06 07:45:57.525   533   533 D QC-time-services: Daemon:Open File: /data/time/ats_4
03-06 07:45:57.525   533   533 D QC-time-services: Daemon:Unable to open filefor read
03-06 07:45:57.525   533   533 D QC-time-services: Daemon:genoff_post_init:Error in accessing storage
03-06 07:45:57.525   533   533 D QC-time-services: Daemon:genoff_pre_init::Base = 5
03-06 07:45:57.525   533   533 D QC-time-services: Daemon: Storage Name: ats_5 
03-06 07:45:57.525   533   533 D QC-time-services: Daemon:Opening File: /persist/time/ats_5 /data/time/ats_5
03-06 07:45:57.525   533   533 D QC-time-services: Daemon:time_persistent_memory_opr:Genoff Read operation 
03-06 07:45:57.525   533   533 D QC-time-services: Daemon:Open File: /data/time/ats_5
03-06 07:45:57.525   533   533 D QC-time-services: Daemon:Unable to open filefor read
03-06 07:45:57.525   533   533 D QC-time-services: Daemon:genoff_post_init:Error in accessing storage
03-06 07:45:57.525   533   533 D QC-time-services: Daemon:genoff_pre_init::Base = 6
03-06 07:45:57.525   533   533 D QC-time-services: Daemon: Storage Name: ats_6 
03-06 07:45:57.525   533   533 D QC-time-services: Daemon:Opening File: /persist/time/ats_6 /data/time/ats_6
03-06 07:45:57.525   533   533 D QC-time-services: Daemon:time_persistent_memory_opr:Genoff Read operation 
03-06 07:45:57.525   533   533 D QC-time-services: Daemon:Open File: /data/time/ats_6
03-06 07:45:57.525   533   533 D QC-time-services: Daemon:Unable to open filefor read
03-06 07:45:57.525   533   533 D QC-time-services: Daemon:genoff_post_init:Error in accessing storage
03-06 07:45:57.525   533   533 D QC-time-services: Daemon:genoff_pre_init::Base = 7
03-06 07:45:57.525   533   533 D QC-time-services: Daemon: Storage Name: ats_7 
03-06 07:45:57.525   533   533 D QC-time-services: Daemon:Opening File: /persist/time/ats_7 /data/time/ats_7
03-06 07:45:57.525   533   533 D QC-time-services: Daemon:time_persistent_memory_opr:Genoff Read operation 
03-06 07:45:57.525   502   502 D QSEECOMD: : Init dlopen(librpmb.so, RTLD_NOW) succeeds
03-06 07:45:57.525   533   533 D QC-time-services: Daemon:Open File: /data/time/ats_7
03-06 07:45:57.525   533   533 D QC-time-services: Daemon:Unable to open filefor read
03-06 07:45:57.525   533   533 D QC-time-services: Daemon:genoff_post_init:Error in accessing storage
03-06 07:45:57.525   533   533 D QC-time-services: Daemon:genoff_pre_init::Base = 8
03-06 07:45:57.525   533   533 D QC-time-services: Daemon: Storage Name: ats_8 
03-06 07:45:57.525   502   502 D QSEECOMD: : Init::Init dlsym(g_FSHandle rpmb_init_service) succeeds
03-06 07:45:57.525   533   533 D QC-time-services: Daemon:Opening File: /persist/time/ats_8 /data/time/ats_8
03-06 07:45:57.525   533   533 D QC-time-services: Daemon:time_persistent_memory_opr:Genoff Read operation 
03-06 07:45:57.525   533   533 D QC-time-services: Daemon:Open File: /data/time/ats_8
03-06 07:45:57.525   533   533 D QC-time-services: Daemon:Unable to open filefor read
03-06 07:45:57.525   533   533 D QC-time-services: Daemon:genoff_post_init:Error in accessing storage
03-06 07:45:57.525   533   533 D QC-time-services: Daemon:genoff_pre_init::Base = 9
03-06 07:45:57.525   533   533 D QC-time-services: Daemon: Storage Name: ats_9 
03-06 07:45:57.525   533   533 D QC-time-services: Daemon:Opening File: /persist/time/ats_9 /data/time/ats_9
03-06 07:45:57.525   533   533 D QC-time-services: Daemon:time_persistent_memory_opr:Genoff Read operation 
03-06 07:45:57.525   533   533 D QC-time-services: Daemon:Open File: /data/time/ats_9
03-06 07:45:57.525   533   533 D QC-time-services: Daemon:Unable to open filefor read
03-06 07:45:57.525   533   533 D QC-time-services: Daemon:genoff_post_init:Error in accessing storage
03-06 07:45:57.525   533   533 D QC-time-services: Daemon:genoff_pre_init::Base = 10
03-06 07:45:57.525   533   533 D QC-time-services: Daemon: Storage Name: ats_10 
03-06 07:45:57.525   533   533 D QC-time-services: Daemon:Opening File: /persist/time/ats_10 /data/time/ats_10
03-06 07:45:57.525   533   533 D QC-time-services: Daemon:time_persistent_memory_opr:Genoff Read operation 
03-06 07:45:57.525   533   533 D QC-time-services: Daemon:Open File: /data/time/ats_10
03-06 07:45:57.525   533   533 D QC-time-services: Daemon:Unable to open filefor read
03-06 07:45:57.525   533   533 D QC-time-services: Daemon:genoff_post_init:Error in accessing storage
03-06 07:45:57.525   533   533 D QC-time-services: Daemon:genoff_pre_init::Base = 11
03-06 07:45:57.525   533   533 D QC-time-services: Daemon: Storage Name: ats_11 
03-06 07:45:57.525   533   533 D QC-time-services: Daemon:Opening File: /persist/time/ats_11 /data/time/ats_11
03-06 07:45:57.525   533   533 D QC-time-services: Daemon:time_persistent_memory_opr:Genoff Read operation 
03-06 07:45:57.525   533   533 D QC-time-services: Daemon:Open File: /data/time/ats_11
03-06 07:45:57.525   533   533 D QC-time-services: Daemon:Unable to open filefor read
03-06 07:45:57.525   533   533 D QC-time-services: Daemon:genoff_post_init:Error in accessing storage
03-06 07:45:57.525   533   533 D QC-time-services: Daemon:genoff_pre_init::Base = 12
03-06 07:45:57.525   533   533 D QC-time-services: Daemon: Storage Name: ats_12 
03-06 07:45:57.525   533   533 D QC-time-services: Daemon:Opening File: /persist/time/ats_12 /data/time/ats_12
03-06 07:45:57.525   533   533 D QC-time-services: Daemon:time_persistent_memory_opr:Genoff Read operation 
03-06 07:45:57.525   533   533 D QC-time-services: Daemon:Open File: /data/time/ats_12
03-06 07:45:57.526   530   530 I ThermalEngine: cpr_band_init: Could not read /sys/module/msm_thermal/cpr_band/curr_cpr_band
03-06 07:45:57.526   502   502 I rpmb_emmc: RPMB Mult (512-bytes sector) = 8192, Rel_sec_cnt = 32
03-06 07:45:57.526   502   502 E DrmLibRpmb: rpmb_init succeeded! with ret = 0
03-06 07:45:57.526   502   502 D QSEECOMD: : Init rpmb_init_service ret = 0
03-06 07:45:57.526   502   502 D QSEECOMD: : RPMB system services: init (Listener ID = 8192)
03-06 07:45:57.526   502   502 E QSEECOMD: : Listener: index = 1, hierarchy = 0
03-06 07:45:57.526   530   530 I ThermalEngine: sensors_manager_init: Init
03-06 07:45:57.528   580   580 I fingerprintd: Starting fingerprintd
03-06 07:45:57.531     0     0 E msm8952-asoc-wcd c051000.sound: ASoC: no sink widget found for SpkrMono WSA_IN
03-06 07:45:57.531     0     0 E msm8952-asoc-wcd c051000.sound: ASoC: Failed to add route WSA_SPK OUT -> direct -> SpkrMono WSA_IN
03-06 07:45:57.531     0     0 I         : cs35l35_late_probe@2812 ++
03-06 07:45:57.531     0     0 I         : cs35l35_late_probe@2824 ++ found cs35l35
03-06 07:45:57.531     0     0 I         : cs35l35_late_probe@2826 ++ snd_soc_dapm_ignore_suspend(dapm,'AMP Playback');
03-06 07:45:57.531     0     0 I         : cs35l35_late_probe@2834 ++ done
03-06 07:45:57.533   587   587 I perfprofd: starting Android Wide Profiling daemon
03-06 07:45:57.544     0     0 I input   : msm8953-snd-card-mtp Headset Jack as /devices/soc/c051000.sound/sound/card0/input5
03-06 07:45:57.553     0     0 I input   : msm8953-snd-card-mtp Button Jack as /devices/soc/c051000.sound/sound/card0/input6
03-06 07:45:57.555   533   533 D QC-time-services: Daemon:genoff_pre_init::Base = 13
03-06 07:45:57.555   533   533 D QC-time-services: Daemon: Storage Name: ats_13 
03-06 07:45:57.555   533   533 D QC-time-services: Daemon:Opening File: /persist/time/ats_13 /data/time/ats_13
03-06 07:45:57.555   533   533 D QC-time-services: Daemon:time_persistent_memory_opr:Genoff Read operation 
03-06 07:45:57.555   533   533 D QC-time-services: Daemon:Open File: /data/time/ats_13
03-06 07:45:57.556   583   583 I gatekeeperd: Starting gatekeeperd...
03-06 07:45:57.560   530   530 E ThermalEngine: Unable to open /sys/devices/soc.0/
03-06 07:45:57.560   530   530 E ThermalEngine: bcl_setup: Unexpected node error
03-06 07:45:57.560   530   530 E ThermalEngine: add_tgt_sensors_set: Error adding bcl
03-06 07:45:57.560   530   530 E ThermalEngine: sensors_init: Error adding BCL TS
03-06 07:45:57.561   530   619 I ThermalEngine: qmi: Instance id 157 for fusion TS
03-06 07:45:57.565   502   502 D QSEECOMD: : Init dlopen(libssd.so, RTLD_NOW) succeeds
03-06 07:45:57.565   502   502 D QSEECOMD: : Init::Init dlsym(g_FSHandle ssd_init_service) succeeds
03-06 07:45:57.566   502   502 E SSD     : ssd_init_service succeeded!
03-06 07:45:57.566   502   502 D QSEECOMD: : Init ssd_init_service ret = 0
03-06 07:45:57.566   502   502 D QSEECOMD: : SSD system services: init (Listener ID = 12288)
03-06 07:45:57.566   502   502 E QSEECOMD: : Listener: index = 2, hierarchy = 0
03-06 07:45:57.568   533   533 D QC-time-services: Daemon:genoff_pre_init::Base = 14
03-06 07:45:57.568   533   533 D QC-time-services: Daemon: Storage Name: ats_14 
03-06 07:45:57.568   533   533 D QC-time-services: Daemon:Opening File: /persist/time/ats_14 /data/time/ats_14
03-06 07:45:57.568   533   533 D QC-time-services: Daemon:time_persistent_memory_opr:Genoff Read operation 
03-06 07:45:57.568   533   533 D QC-time-services: Daemon:Open File: /data/time/ats_14
03-06 07:45:57.568   533   533 D QC-time-services: Daemon:Unable to open filefor read
03-06 07:45:57.568   533   533 D QC-time-services: Daemon:genoff_post_init:Error in accessing storage
03-06 07:45:57.568   533   533 D QC-time-services: Daemon:genoff_pre_init::Base = 15
03-06 07:45:57.568   533   533 D QC-time-services: Daemon: Storage Name: ats_15 
03-06 07:45:57.568   533   533 D QC-time-services: Daemon:Opening File: /persist/time/ats_15 /data/time/ats_15
03-06 07:45:57.568   533   533 D QC-time-services: Daemon:time_persistent_memory_opr:Genoff Read operation 
03-06 07:45:57.568   533   533 D QC-time-services: Daemon:Open File: /data/time/ats_15
03-06 07:45:57.568   497   497 D tftp_server: pid=497 tid=497 tftp-server : DBG :[tftp_os_wakelocks_la.c, 204] Capset success!
03-06 07:45:57.571   533   533 D QC-time-services: Daemon:genoff_init_config: Other bases initilized, exiting genoff_init
03-06 07:45:57.572   533   533 D QC-time-services: Daemon:rtc_get: Time read from RTC -- MM/DD/YY HH:MM:SS2/6/70 4:45:57
03-06 07:45:57.572   533   533 D QC-time-services: Daemon rtc_get: seconds = 5546757
03-06 07:45:57.572   533   533 D QC-time-services: Daemon:Value read from RTC mseconds = 5546757000
03-06 07:45:57.572   533   533 D QC-time-services: Daemon:Value read from QTimer mseconds = 15199
03-06 07:45:57.572   533   533 D QC-time-services: Daemon:genoff_opr: Base = 1, val = 0, operation = 1
03-06 07:45:57.572   533   533 D QC-time-services: Daemon: genoff get for 1
03-06 07:45:57.572   533   533 D QC-time-services: Daemon:Value read from QTimer mseconds = 15199
03-06 07:45:57.572   533   533 D QC-time-services: Daemon:Value read from RTC mseconds on boot = 5546757000
03-06 07:45:57.572   533   533 D QC-time-services: Daemon:Value read from QTimer mseconds = 15199
03-06 07:45:57.572   533   533 D QC-time-services: Daemon:Value read from generic offset = 1606309971679
03-06 07:45:57.572   533   533 D QC-time-services: Daemon:Delta read on boot mseconds = 5546741801
03-06 07:45:57.572   533   533 D QC-time-services: Daemon:Final Time = 1611856728679
03-06 07:45:57.572   533   533 E QC-time-services: Daemon:genoff_boot_tod_init: Unable to open alarm device
03-06 07:45:57.572   533   533 E QC-time-services: Daemon:genoff_boot_tod_init: Updating system time to sec=1611856728, usec=679000
03-06 07:45:57.692     0     0 I init    : Service 'qcom-usb-sh' (pid 501) exited with status 0
03-06 07:45:57.693     0     0 I msm_thermal: set_enabled enabled = 0
03-06 07:45:57.749     0     0 I init    : Service 'qcom-sh' (pid 562) exited with status 0
01-28 20:58:48.679   509   509 D libEGL  : loaded /vendor/lib64/egl/libEGL_adreno.so
01-28 20:58:48.693   497   497 D tftp_server: pid=497 tid=497 tftp-server : DBG :[tftp_server.c, 597] Server waiting for client-connection.
01-28 20:58:48.694   533   663 D QC-time-services: Daemon: Time-services: All initializations done
01-28 20:58:48.694   533   663 E QC-time-services: Daemon: Time-services: Waiting to acceptconnection
01-28 20:58:48.702   583   583 D gatekeeper_device: HwGkOpen called
01-28 20:58:48.708   587   587 E perfprofd: unable to open configuration file /data/data/com.google.android.gms/files/perfprofd.conf
01-28 20:58:48.708   587   587 I perfprofd: random seed set to 3263979126
01-28 20:58:48.709   533   661 D QC-time-services: Daemon:genoff_modem_qmi_service_request: Initiallizing QMI 
01-28 20:58:48.713   533   661 E QMI_FW  : QMUXD: WARNING qmi_qmux_if_pwr_up_init failed! rc=-6
01-28 20:58:48.714   533   661 E QC-time-services: Daemon:genoff_modem_qmi_service_request: qmi_client_get_service_list returned -2num_services 0
01-28 20:58:48.717   599   599 I MSM-irqbalance: msm-irq_balance (1.3) initialized
01-28 20:58:48.717   599   599 I MSM-irqbalance: Configuration
01-28 20:58:48.717   599   599 I MSM-irqbalance: Rate: 0.2 Hz
01-28 20:58:48.717   599   599 I MSM-irqbalance: Decay Factor: 75.0
01-28 20:58:48.717   599   599 I MSM-irqbalance: Balancing Factor: 0.1
01-28 20:58:48.717   599   599 I MSM-irqbalance: Debug Log: OFF
01-28 20:58:48.717   599   599 I MSM-irqbalance: Cfg file: /system/vendor/etc/msm_irqbalance.conf
01-28 20:58:48.717   599   599 I MSM-irqbalance: CPU PRIO: CPU0: 0 CPU1: 0 CPU2: 0 CPU3: 0 CPU4: 1 CPU5: 1 CPU6: 1 CPU7: 1 
01-28 20:58:48.717   599   599 I MSM-irqbalance: Ignored IRQs: 20 39 
01-28 20:58:48.718   530   530 I ThermalEngine: Loading config file for virtual sensor
01-28 20:58:48.718   530   530 I ThermalEngine: Loading configuration file /system/etc/thermal-engine.conf
01-28 20:58:48.723   502   502 D QSEECOMD: : Init dlopen(libsecureui.so, RTLD_NOW) succeeds
01-28 20:58:48.723   502   502 D QSEECOMD: : Init::Init dlsym(g_FSHandle secure_ui_init) succeeds
01-28 20:58:48.723   502   502 D QSEECOMD: : Init secure_ui_init ret = 0
01-28 20:58:48.723   502   502 D QSEECOMD: : secure UI services: init (Listener ID = 16384)
01-28 20:58:48.725   502   502 D QSEECOMD: : Parent qseecom daemon process paused!! 
01-28 20:58:48.733   672   672 D QSEECOMD: : qseecom listener service threads starting!!! 
01-28 20:58:48.734   672   672 D QSEECOMD: : Total listener services to start = 9
01-28 20:58:48.734   672   672 E QSEECOMD: : Listener: index = 0, hierarchy = 1
01-28 20:58:48.735   672   672 D QSEECOMD: : Init dlopen(librpmb.so, RTLD_NOW) succeeds
01-28 20:58:48.735   672   672 D QSEECOMD: : Init::Init dlsym(g_FSHandle rpmb_start) succeeds
01-28 20:58:48.736   672   672 D QSEECOMAPI: QSEECom_register_listener 8192 sb_length = 0x6400
01-28 20:58:48.736   530   530 I ThermalEngine: Parsing section global
01-28 20:58:48.737   530   530 I ThermalEngine: [VIRTUAL-CPUS]
01-28 20:58:48.737   530   530 I ThermalEngine: #algo_type virtual
01-28 20:58:48.737   530   530 I ThermalEngine: trip_sensor tsens_tz_sensor9
01-28 20:58:48.737   530   530 I ThermalEngine: set_point 75000
01-28 20:58:48.737   530   530 I ThermalEngine: set_point_clr 65000
01-28 20:58:48.737   530   530 I ThermalEngine: sensors tsens_tz_sensor9 tsens_tz_sensor10 tsens_tz_sensor11 tsens_tz_sensor12 tsens_tz_sensor13 tsens_tz_sensor4 tsens_tz_sensor5 tsens_tz_sensor6 tsens_tz_sensor7 tsens_tz_sensor8
01-28 20:58:48.737   530   530 I ThermalEngine: weights
01-28 20:58:48.737   530   530 I ThermalEngine: sampling 50
01-28 20:58:48.737   530   530 I ThermalEngine: math 2
01-28 20:58:48.737   530   530 I ThermalEngine: Loading configuration file /system/etc/thermal-engine.conf
01-28 20:58:48.737   530   530 I ThermalEngine: Parsing section global
01-28 20:58:48.738   530   530 I ThermalEngine: Found section 'SS-CASE-THERM'
01-28 20:58:48.738   530   530 I ThermalEngine: Algo Type 'ss'
01-28 20:58:48.738   530   530 I ThermalEngine: Parsing section SS-CASE-THERM
01-28 20:58:48.738   530   530 I ThermalEngine: Found field 'sensor'
01-28 20:58:48.738   530   530 I ThermalEngine: Found field 'sampling'
01-28 20:58:48.738   530   530 I ThermalEngine: Found field 'device'
01-28 20:58:48.738   530   530 I ThermalEngine: Found field 'set_point'
01-28 20:58:48.738   530   530 I ThermalEngine: Found field 'set_point_clr'
01-28 20:58:48.738   530   530 I ThermalEngine: Found field 'time_constant'
01-28 20:58:48.738   530   530 I ThermalEngine: [MODEM_PA_MITIGATION]
01-28 20:58:48.738   530   530 I ThermalEngine: #algo_type monitor
01-28 20:58:48.738   530   530 I ThermalEngine: sampling 10000
01-28 20:58:48.738   530   530 I ThermalEngine: sensor case_therm
01-28 20:58:48.738   530   530 I ThermalEngine: thresholds 54000 60000
01-28 20:58:48.738   530   530 I ThermalEngine: thresholds_clr 51000 56000
01-28 20:58:48.738   530   530 I ThermalEngine: actions modem modem
01-28 20:58:48.738   530   530 I ThermalEngine: action_info 2 3
01-28 20:58:48.738   530   530 I ThermalEngine: [MODEM_PROC_TEMP_MITIGATION]
01-28 20:58:48.738   530   530 I ThermalEngine: #algo_type monitor
01-28 20:58:48.738   530   530 I ThermalEngine: sampling 10000
01-28 20:58:48.738   530   530 I ThermalEngine: sensor case_therm
01-28 20:58:48.738   530   530 I ThermalEngine: thresholds 51000 60000
01-28 20:58:48.738   530   530 I ThermalEngine: thresholds_clr 49000 56000
01-28 20:58:48.738   530   530 I ThermalEngine: actions modem_proc modem_proc
01-28 20:58:48.738   530   530 I ThermalEngine: action_info 1 3
01-28 20:58:48.738   530   530 I ThermalEngine: [BATTERY_CHARGING_CTL]
01-28 20:58:48.738   530   530 I ThermalEngine: #algo_type monitor
01-28 20:58:48.738   530   530 I ThermalEngine: sampling 10000
01-28 20:58:48.738   530   530 I ThermalEngine: sensor case_therm
01-28 20:58:48.738   530   530 I ThermalEngine: thresholds 38000 40000 43000 48000
01-28 20:58:48.738   530   530 I ThermalEngine: thresholds_clr 35000 38000 40000 43000
01-28 20:58:48.738   530   530 I ThermalEngine: actions battery battery battery battery
01-28 20:58:48.738   530   530 I ThermalEngine: action_info 2 3 4 5
01-28 20:58:48.738   530   530 I ThermalEngine: [VDD_RSTR_MONITOR-TSENS15]
01-28 20:58:48.738   530   530 I ThermalEngine: #algo_type monitor
01-28 20:58:48.738   530   530 I ThermalEngine: sampling 1000
01-28 20:58:48.738   530   530 I ThermalEngine: sensor tsens_tz_sensor15
01-28 20:58:48.738   530   530 I ThermalEngine: thresholds 5000
01-28 20:58:48.738   530   530 I ThermalEngine: thresholds_clr 10000
01-28 20:58:48.738   530   530 I ThermalEngine: actions vdd_restriction
01-28 20:58:48.738   530   530 I ThermalEngine: action_info 1
01-28 20:58:48.738   530   530 I ThermalEngine: descending
01-28 20:58:48.738   530   530 I ThermalEngine: [VDD_RSTR_MONITOR-TSENS14]
01-28 20:58:48.738   530   530 I ThermalEngine: #algo_type monitor
01-28 20:58:48.738   530   530 I ThermalEngine: sampling 1000
01-28 20:58:48.738   530   530 I ThermalEngine: sensor tsens_tz_sensor14
01-28 20:58:48.738   530   530 I ThermalEngine: thresholds 5000
01-28 20:58:48.738   530   530 I ThermalEngine: thresholds_clr 10000
01-28 20:58:48.738   530   530 I ThermalEngine: actions vdd_restriction
01-28 20:58:48.738   530   530 I ThermalEngine: action_info 1
01-28 20:58:48.738   530   530 I ThermalEngine: descending
01-28 20:58:48.738   530   530 I ThermalEngine: [VDD_RSTR_MONITOR-TSENS13]
01-28 20:58:48.738   530   530 I ThermalEngine: #algo_type monitor
01-28 20:58:48.738   530   530 I ThermalEngine: sampling 1000
01-28 20:58:48.738   530   530 I ThermalEngine: sensor tsens_tz_sensor13
01-28 20:58:48.738   530   530 I ThermalEngine: thresholds 5000
01-28 20:58:48.738   530   530 I ThermalEngine: thresholds_clr 10000
01-28 20:58:48.738   530   530 I ThermalEngine: actions vdd_restriction
01-28 20:58:48.738   530   530 I ThermalEngine: action_info 1
01-28 20:58:48.738   530   530 I ThermalEngine: descending
01-28 20:58:48.738   530   530 I ThermalEngine: [VDD_RSTR_MONITOR-TSENS12]
01-28 20:58:48.738   530   530 I ThermalEngine: #algo_type monitor
01-28 20:58:48.738   530   530 I ThermalEngine: sampling 1000
01-28 20:58:48.738   530   530 I ThermalEngine: sensor tsens_tz_sensor12
01-28 20:58:48.739   530   530 I ThermalEngine: thresholds 5000
01-28 20:58:48.739   530   530 I ThermalEngine: thresholds_clr 10000
01-28 20:58:48.739   530   530 I ThermalEngine: actions vdd_restriction
01-28 20:58:48.739   530   530 I ThermalEngine: action_info 1
01-28 20:58:48.739   530   530 I ThermalEngine: descending
01-28 20:58:48.739   530   530 I ThermalEngine: [VDD_RSTR_MONITOR-TSENS11]
01-28 20:58:48.739   530   530 I ThermalEngine: #algo_type monitor
01-28 20:58:48.739   530   530 I ThermalEngine: sampling 1000
01-28 20:58:48.739   530   530 I ThermalEngine: sensor tsens_tz_sensor11
01-28 20:58:48.739   530   530 I ThermalEngine: thresholds 5000
01-28 20:58:48.739   530   530 I ThermalEngine: thresholds_clr 10000
01-28 20:58:48.739   530   530 I ThermalEngine: actions vdd_restriction
01-28 20:58:48.739   530   530 I ThermalEngine: action_info 1
01-28 20:58:48.739   530   530 I ThermalEngine: descending
01-28 20:58:48.739   530   530 I ThermalEngine: [VDD_RSTR_MONITOR-TSENS10]
01-28 20:58:48.739   530   530 I ThermalEngine: #algo_type monitor
01-28 20:58:48.739   530   530 I ThermalEngine: sampling 1000
01-28 20:58:48.739   530   530 I ThermalEngine: sensor tsens_tz_sensor10
01-28 20:58:48.739   530   530 I ThermalEngine: thresholds 5000
01-28 20:58:48.739   530   530 I ThermalEngine: thresholds_clr 10000
01-28 20:58:48.739   530   530 I ThermalEngine: actions vdd_restriction
01-28 20:58:48.739   530   530 I ThermalEngine: action_info 1
01-28 20:58:48.739   530   530 I ThermalEngine: descending
01-28 20:58:48.739   530   530 I ThermalEngine: [VDD_RSTR_MONITOR-TSENS9]
01-28 20:58:48.739   530   530 I ThermalEngine: #algo_type monitor
01-28 20:58:48.739   530   530 I ThermalEngine: sampling 1000
01-28 20:58:48.739   530   530 I ThermalEngine: sensor tsens_tz_sensor9
01-28 20:58:48.739   530   530 I ThermalEngine: thresholds 5000
01-28 20:58:48.739   530   530 I ThermalEngine: thresholds_clr 10000
01-28 20:58:48.739   530   530 I ThermalEngine: actions vdd_restriction
01-28 20:58:48.739   530   530 I ThermalEngine: action_info 1
01-28 20:58:48.739   530   530 I ThermalEngine: descending
01-28 20:58:48.739   530   530 I ThermalEngine: [VDD_RSTR_MONITOR-TSENS8]
01-28 20:58:48.739   530   530 I ThermalEngine: #algo_type monitor
01-28 20:58:48.739   530   530 I ThermalEngine: sampling 1000
01-28 20:58:48.739   530   530 I ThermalEngine: sensor tsens_tz_sensor8
01-28 20:58:48.739   530   530 I ThermalEngine: thresholds 5000
01-28 20:58:48.739   530   530 I ThermalEngine: thresholds_clr 10000
01-28 20:58:48.739   530   530 I ThermalEngine: actions vdd_restriction
01-28 20:58:48.739   530   530 I ThermalEngine: action_info 1
01-28 20:58:48.739   530   530 I ThermalEngine: descending
01-28 20:58:48.739   530   530 I ThermalEngine: [VDD_RSTR_MONITOR-TSENS7]
01-28 20:58:48.739   530   530 I ThermalEngine: #algo_type monitor
01-28 20:58:48.739   530   530 I ThermalEngine: sampling 1000
01-28 20:58:48.739   530   530 I ThermalEngine: sensor tsens_tz_sensor7
01-28 20:58:48.739   530   530 I ThermalEngine: thresholds 5000
01-28 20:58:48.739   530   530 I ThermalEngine: thresholds_clr 10000
01-28 20:58:48.739   530   530 I ThermalEngine: actions vdd_restriction
01-28 20:58:48.739   530   530 I ThermalEngine: action_info 1
01-28 20:58:48.739   530   530 I ThermalEngine: descending
01-28 20:58:48.739   530   530 I ThermalEngine: [VDD_RSTR_MONITOR-TSENS6]
01-28 20:58:48.739   530   530 I ThermalEngine: #algo_type monitor
01-28 20:58:48.739   530   530 I ThermalEngine: sampling 1000
01-28 20:58:48.739   530   530 I ThermalEngine: sensor tsens_tz_sensor6
01-28 20:58:48.739   530   530 I ThermalEngine: thresholds 5000
01-28 20:58:48.739   530   530 I ThermalEngine: thresholds_clr 10000
01-28 20:58:48.739   530   530 I ThermalEngine: actions vdd_restriction
01-28 20:58:48.739   530   530 I ThermalEngine: action_info 1
01-28 20:58:48.739   530   530 I ThermalEngine: descending
01-28 20:58:48.739   530   530 I ThermalEngine: [VDD_RSTR_MONITOR-TSENS5]
01-28 20:58:48.739   530   530 I ThermalEngine: #algo_type monitor
01-28 20:58:48.739   530   530 I ThermalEngine: sampling 1000
01-28 20:58:48.739   530   530 I ThermalEngine: sensor tsens_tz_sensor5
01-28 20:58:48.739   530   530 I ThermalEngine: thresholds 5000
01-28 20:58:48.739   530   530 I ThermalEngine: thresholds_clr 10000
01-28 20:58:48.739   530   530 I ThermalEngine: actions vdd_restriction
01-28 20:58:48.739   530   530 I ThermalEngine: action_info 1
01-28 20:58:48.739   530   530 I ThermalEngine: descending
01-28 20:58:48.739   530   530 I ThermalEngine: [VDD_RSTR_MONITOR-TSENS4]
01-28 20:58:48.739   530   530 I ThermalEngine: #algo_type monitor
01-28 20:58:48.739   530   530 I ThermalEngine: sampling 1000
01-28 20:58:48.739   530   530 I ThermalEngine: sensor tsens_tz_sensor4
01-28 20:58:48.739   530   530 I ThermalEngine: thresholds 5000
01-28 20:58:48.739   530   530 I ThermalEngine: thresholds_clr 10000
01-28 20:58:48.739   530   530 I ThermalEngine: actions vdd_restriction
01-28 20:58:48.739   530   530 I ThermalEngine: action_info 1
01-28 20:58:48.739   530   530 I ThermalEngine: descending
01-28 20:58:48.739   530   530 I ThermalEngine: [VDD_RSTR_MONITOR-TSENS3]
01-28 20:58:48.739   530   530 I ThermalEngine: #algo_type monitor
01-28 20:58:48.739   530   530 I ThermalEngine: sampling 1000
01-28 20:58:48.739   530   530 I ThermalEngine: sensor tsens_tz_sensor3
01-28 20:58:48.739   530   530 I ThermalEngine: thresholds 5000
01-28 20:58:48.739   530   530 I ThermalEngine: thresholds_clr 10000
01-28 20:58:48.739   530   530 I ThermalEngine: actions vdd_restriction
01-28 20:58:48.739   530   530 I ThermalEngine: action_info 1
01-28 20:58:48.739   530   530 I ThermalEngine: descending
01-28 20:58:48.739   530   530 I ThermalEngine: [VDD_RSTR_MONITOR-TSENS2]
01-28 20:58:48.739   530   530 I ThermalEngine: #algo_type monitor
01-28 20:58:48.739   530   530 I ThermalEngine: sampling 1000
01-28 20:58:48.739   530   530 I ThermalEngine: sensor tsens_tz_sensor2
01-28 20:58:48.739   530   530 I ThermalEngine: thresholds 5000
01-28 20:58:48.739   530   530 I ThermalEngine: thresholds_clr 10000
01-28 20:58:48.739   530   530 I ThermalEngine: actions vdd_restriction
01-28 20:58:48.739   530   530 I ThermalEngine: action_info 1
01-28 20:58:48.739   530   530 I ThermalEngine: descending
01-28 20:58:48.739   530   530 I ThermalEngine: [VDD_RSTR_MONITOR-TSENS1]
01-28 20:58:48.739   530   530 I ThermalEngine: #algo_type monitor
01-28 20:58:48.739   530   530 I ThermalEngine: sampling 1000
01-28 20:58:48.739   530   530 I ThermalEngine: sensor tsens_tz_sensor1
01-28 20:58:48.739   530   530 I ThermalEngine: thresholds 5000
01-28 20:58:48.739   530   530 I ThermalEngine: thresholds_clr 10000
01-28 20:58:48.739   530   530 I ThermalEngine: actions vdd_restriction
01-28 20:58:48.739   530   530 I ThermalEngine: action_info 1
01-28 20:58:48.739   530   530 I ThermalEngine: descending
01-28 20:58:48.739   530   530 I ThermalEngine: [VDD_RSTR_MONITOR-TSENS0]
01-28 20:58:48.739   530   530 I ThermalEngine: #algo_type monitor
01-28 20:58:48.739   530   530 I ThermalEngine: sampling 1000
01-28 20:58:48.739   530   530 I ThermalEngine: sensor tsens_tz_sensor0
01-28 20:58:48.739   530   530 I ThermalEngine: thresholds 5000
01-28 20:58:48.739   530   530 I ThermalEngine: thresholds_clr 10000
01-28 20:58:48.739   530   530 I ThermalEngine: actions vdd_restriction
01-28 20:58:48.739   530   530 I ThermalEngine: action_info 1
01-28 20:58:48.739   530   530 I ThermalEngine: descending
01-28 20:58:48.740   530   530 E ThermalEngine: sensors_manager_reg_clnt: Invalid sensor tsens_tz_sensor0.
01-28 20:58:48.740   530   530 E ThermalEngine: sensors_setup: Can't create client for tsens_tz_sensor0.
01-28 20:58:48.740   530   530 I ThermalEngine: [SS-GPU]
01-28 20:58:48.740   530   530 I ThermalEngine: #algo_type ss
01-28 20:58:48.740   530   530 I ThermalEngine: sampling 250
01-28 20:58:48.740   530   530 I ThermalEngine: sensor gpu
01-28 20:58:48.740   530   530 I ThermalEngine: device gpu
01-28 20:58:48.740   530   530 I ThermalEngine: set_point 95000
01-28 20:58:48.740   530   530 I ThermalEngine: set_point_clr 65000
01-28 20:58:48.740   530   530 I ThermalEngine: time_constant 0
01-28 20:58:48.740   530   530 I ThermalEngine: [SS-CASE-THERM]
01-28 20:58:48.740   530   530 I ThermalEngine: #algo_type ss
01-28 20:58:48.740   530   530 I ThermalEngine: sampling 2000
01-28 20:58:48.740   530   530 I ThermalEngine: sensor case_therm
01-28 20:58:48.740   530   530 I ThermalEngine: device cluster0
01-28 20:58:48.740   530   530 I ThermalEngine: set_point 50000
01-28 20:58:48.740   530   530 I ThermalEngine: set_point_clr 47000
01-28 20:58:48.740   530   530 I ThermalEngine: time_constant 3
01-28 20:58:48.740   530   530 I ThermalEngine: device_max_limit 1689600
01-28 20:58:48.740   530   530 I ThermalEngine: [SS-CPUS-ALL]
01-28 20:58:48.740   530   530 I ThermalEngine: #algo_type ss
01-28 20:58:48.740   530   530 I ThermalEngine: sampling 50
01-28 20:58:48.740   530   530 I ThermalEngine: sensor VIRTUAL-CPUS
01-28 20:58:48.740   530   530 I ThermalEngine: device cluster0
01-28 20:58:48.740   530   530 I ThermalEngine: set_point 95000
01-28 20:58:48.740   530   530 I ThermalEngine: set_point_clr 55000
01-28 20:58:48.740   530   530 I ThermalEngine: time_constant 0
01-28 20:58:48.740   530   530 I ThermalEngine: [SPEAKER-CAL]
01-28 20:58:48.740   530   530 I ThermalEngine: sampling 30000 30000 10 1800000
01-28 20:58:48.740   530   530 I ThermalEngine: sensor pm8953_tz
01-28 20:58:48.740   530   530 I ThermalEngine: sensors tsens_tz_sensor1 tsens_tz_sensor2 tsens_tz_sensor3 tsens_tz_sensor14 tsens_tz_sensor15
01-28 20:58:48.740   530   530 I ThermalEngine: temp_range 6000 10000 2000
01-28 20:58:48.740   530   530 I ThermalEngine: max_temp 45000
01-28 20:58:48.740   530   530 I ThermalEngine: offset -4000
01-28 20:58:48.744   557   557 I Netd    : Netd 1.0 starting
01-28 20:58:48.753   672   672 D QSEECOMD: : Init rpmb_start ret = 0
01-28 20:58:48.753   672   672 D QSEECOMD: : RPMB system services: Started (Listener ID = 8192)
01-28 20:58:48.753   672   672 E QSEECOMD: : Listener: index = 1, hierarchy = 1
01-28 20:58:48.753   672   672 D QSEECOMD: : Init dlopen(libssd.so, RTLD_NOW) succeeds
01-28 20:58:48.753   672   672 D QSEECOMD: : Init::Init dlsym(g_FSHandle ssd_start) succeeds
01-28 20:58:48.753   672   672 D QSEECOMAPI: QSEECom_register_listener 12288 sb_length = 0x5000
01-28 20:58:48.755   672   672 D QSEECOMD: : Init ssd_start ret = 0
01-28 20:58:48.755   672   672 D QSEECOMD: : SSD system services: Started (Listener ID = 12288)
01-28 20:58:48.755   672   672 E QSEECOMD: : Listener: index = 2, hierarchy = 1
01-28 20:58:48.755   672   672 D QSEECOMD: : Init dlopen(libsecureui.so, RTLD_NOW) succeeds
01-28 20:58:48.755   672   672 D QSEECOMD: : Init::Init dlsym(g_FSHandle secure_ui_start) succeeds
01-28 20:58:48.755   672   672 D QSEECOMAPI: QSEECom_register_listener 16384 sb_length = 0x10a8
01-28 20:58:48.756   557   557 D TetherController: Setting IP forward enable = 0
01-28 20:58:48.757   672   672 D QSEECOMD: : Init secure_ui_start ret = 0
01-28 20:58:48.757   672   672 D QSEECOMD: : secure UI services: Started (Listener ID = 16384)
01-28 20:58:48.757   672   672 E QSEECOMD: : Listener: index = 3, hierarchy = 1
01-28 20:58:48.767   550   550 I mediacodec: @@@ mediacodecservice starting
01-28 20:58:48.771   550   550 W /system/bin/mediacodec: libminijail: allowing syscall: clock_gettime
01-28 20:58:48.771   550   550 W /system/bin/mediacodec: libminijail: allowing syscall: connect
01-28 20:58:48.771   550   550 W /system/bin/mediacodec: libminijail: allowing syscall: fcntl64
01-28 20:58:48.771   550   550 W /system/bin/mediacodec: libminijail: allowing syscall: socket
01-28 20:58:48.771   550   550 W /system/bin/mediacodec: libminijail: allowing syscall: writev
01-28 20:58:48.772   550   550 W /system/bin/mediacodec: libminijail: logging seccomp filter failures
01-28 20:58:48.778   579   579 I auditd  : type=1400 audit(0.0:4): avc: denied { call } for comm="goodixfingerpri" scontext=u:r:init:s0 tcontext=u:r:servicemanager:s0 tclass=binder permissive=1
01-28 20:58:48.778   579   579 I goodixfingerpri: type=1400 audit(0.0:4): avc: denied { call } for scontext=u:r:init:s0 tcontext=u:r:servicemanager:s0 tclass=binder permissive=1
01-28 20:58:48.787   615   615 E Diag_Lib: qpLogDiagInit <== result : 1
01-28 20:58:48.787   615   615 E Diag_Lib: DATAD : gIsQXDMDisabled 0, gIsADBDisabled 1, gIsDebugDisabled 0, gIsIMSLogsDisabled 0
01-28 20:58:48.787   615   615 E Diag_Lib: [IMS_DataD] imsdatad.c | 5236 | | 615 |DATAD#$$#0#DATAD STARTED
01-28 20:58:48.787   672   672 D QSEECOMD: : Init dlopen(libdrmtime.so, RTLD_NOW) succeeds
01-28 20:58:48.787   557   557 D QtiConnectivityAdapter: Successfully loaded libconnectivitycontroller
01-28 20:58:48.788   579   579 I auditd  : type=1400 audit(0.0:5): avc: denied { transfer } for comm="goodixfingerpri" scontext=u:r:init:s0 tcontext=u:r:servicemanager:s0 tclass=binder permissive=1
01-28 20:58:48.788   579   579 I goodixfingerpri: type=1400 audit(0.0:5): avc: denied { transfer } for scontext=u:r:init:s0 tcontext=u:r:servicemanager:s0 tclass=binder permissive=1
01-28 20:58:48.788   506   506 I auditd  : type=1400 audit(0.0:6): avc: denied { search } for comm="servicemanager" name="579" dev="proc" ino=4699 scontext=u:r:servicemanager:s0 tcontext=u:r:init:s0 tclass=dir permissive=1
01-28 20:58:48.788   506   506 I servicemanager: type=1400 audit(0.0:6): avc: denied { search } for name="579" dev="proc" ino=4699 scontext=u:r:servicemanager:s0 tcontext=u:r:init:s0 tclass=dir permissive=1
01-28 20:58:48.788   506   506 I auditd  : type=1400 audit(0.0:7): avc: denied { read } for comm="servicemanager" name="current" dev="proc" ino=1590 scontext=u:r:servicemanager:s0 tcontext=u:r:init:s0 tclass=file permissive=1
01-28 20:58:48.788   506   506 I servicemanager: type=1400 audit(0.0:7): avc: denied { read } for name="current" dev="proc" ino=1590 scontext=u:r:servicemanager:s0 tcontext=u:r:init:s0 tclass=file permissive=1
01-28 20:58:48.788   506   506 I auditd  : type=1400 audit(0.0:8): avc: denied { open } for comm="servicemanager" path="/proc/579/attr/current" dev="proc" ino=1590 scontext=u:r:servicemanager:s0 tcontext=u:r:init:s0 tclass=file permissive=1
01-28 20:58:48.788   506   506 I servicemanager: type=1400 audit(0.0:8): avc: denied { open } for path="/proc/579/attr/current" dev="proc" ino=1590 scontext=u:r:servicemanager:s0 tcontext=u:r:init:s0 tclass=file permissive=1
01-28 20:58:48.788   506   506 I auditd  : type=1400 audit(0.0:9): avc: denied { getattr } for comm="servicemanager" scontext=u:r:servicemanager:s0 tcontext=u:r:init:s0 tclass=process permissive=1
01-28 20:58:48.788   506   506 I servicemanager: type=1400 audit(0.0:9): avc: denied { getattr } for scontext=u:r:servicemanager:s0 tcontext=u:r:init:s0 tclass=process permissive=1
01-28 20:58:48.788   672   672 D QSEECOMD: : Init::Init dlsym(g_FSHandle atime_start) succeeds
01-28 20:58:48.788   557   557 D         : initConnectivityController cons 
01-28 20:58:48.788   672   672 D DrmLibTime: QSEE Time Listener: atime_start
01-28 20:58:48.788   557   557 D ConnectivityController: QtiTetherCommand cons done
01-28 20:58:48.788   672   672 D QSEECOMAPI: QSEECom_register_listener 11 sb_length = 0x5000
01-28 20:58:48.788   557   557 I libconnctrl: Creating a NetlinkRelay
01-28 20:58:48.788   557   557 I libconnctrl: NetlinkRelay constructor
01-28 20:58:48.789   579   579 I goodixfingerprintd: Starting goodixfingerprintd
01-28 20:58:48.789   579   579 I goodixfingerprintd: GoodixFingerprintDaemon version:goodixfingerprintd_v1.1.1
01-28 20:58:48.798   506   506 E SELinux : avc:  denied  { add } for service=android.hardware.fingerprint.IGoodixFingerprintDaemon pid=579 uid=0 scontext=u:r:init:s0 tcontext=u:object_r:goodixfingerprintd_service:s0 tclass=service_manager permissive=1
01-28 20:58:48.799   506   506 I auditd  : avc:  denied  { add } for service=android.hardware.fingerprint.IGoodixFingerprintDaemon pid=579 uid=0 scontext=u:r:init:s0 tcontext=u:object_r:goodixfingerprintd_service:s0 tclass=service_manager permissive=1
01-28 20:58:48.801   530   678 I ThermalEngine: vdd_restrict_qmi_request: MODEM req level(0) is recorded and waiting for completing QMI registration
01-28 20:58:48.801   530   678 I ThermalEngine: vdd_restrict_qmi_request: ADSP req level(0) is recorded and waiting for completing QMI registration
01-28 20:58:48.801   530   678 I ThermalEngine: hotplug_ktm_disable_cb: write out 0
01-28 20:58:48.803   672   672 D DrmLibTime: registering fs service to QSEECom is done!
01-28 20:58:48.803   672   672 D DrmLibTime: begin to create a thread!
01-28 20:58:48.803   672   672 D DrmLibTime: Creating a pthread in atime_start is done! return 0
01-28 20:58:48.803   672   672 D QSEECOMD: : Init atime_start ret = 0
01-28 20:58:48.803   672   672 D QSEECOMD: : time services: Started (Listener ID = 11)
01-28 20:58:48.803   672   672 E QSEECOMD: : Listener: index = 4, hierarchy = 1
01-28 20:58:48.804   672   672 D QSEECOMD: : Init dlopen(libdrmfs.so, RTLD_NOW) succeeds
01-28 20:58:48.804   672   672 D QSEECOMD: : Init::Init dlsym(g_FSHandle fs_start) succeeds
01-28 20:58:48.804   672   672 D QSEECOMAPI: QSEECom_register_listener 10 sb_length = 0x5000
01-28 20:58:48.805   672   672 D QSEECOMD: : Init fs_start ret = 0
01-28 20:58:48.805   672   672 D QSEECOMD: : file system services: Started (Listener ID = 10)
01-28 20:58:48.805   672   672 E QSEECOMD: : Listener: index = 5, hierarchy = 1
01-28 20:58:48.805   672   672 D QSEECOMD: : Init dlopen(libdrmfs.so, RTLD_NOW) succeeds
01-28 20:58:48.805   672   672 D QSEECOMD: : Init::Init dlsym(g_FSHandle gpfs_start) succeeds
01-28 20:58:48.805   672   672 D QSEECOMAPI: QSEECom_register_listener 28672 sb_length = 0x7e000
01-28 20:58:48.807   672   672 D QSEECOMD: : Init gpfs_start ret = 0
01-28 20:58:48.807   672   672 D QSEECOMD: : gpfile system services: Started (Listener ID = 28672)
01-28 20:58:48.807   672   672 E QSEECOMD: : Listener: index = 6, hierarchy = 1
01-28 20:58:48.808   546   546 I OmaDrmEngine: OmaDrmEngine Construction - init (A OMA DRM V1 FL, CD and SD plugin)
01-28 20:58:48.808   546   546 I OmaDrmEngine: OmaDrmEngine::onGetSupportInfo
01-28 20:58:48.810   672   672 D QSEECOMD: : Init dlopen(libqisl.so, RTLD_NOW) succeeds
01-28 20:58:48.810   672   672 D QSEECOMD: : Init::Init dlsym(g_FSHandle qisl_start) succeeds
01-28 20:58:48.812   557   557 I         : Successfully loaded Zero Balance libdatacontroller
01-28 20:58:48.812   557   557 E         : Failed to open libcsm_data, some features may not be present.
01-28 20:58:48.812   557   557 D         : initDataController cons 
01-28 20:58:48.816   672   703 D DrmLibTime: QSEE Time Listener: dispatch
01-28 20:58:48.816   672   703 D DrmLibTime: before calling ioctl to read the next time_cmd
01-28 20:58:48.819   672   706 I QISL    : QSEE Interrupt Service Listener Thread is started
01-28 20:58:48.819   672   706 D QSEECOMAPI: QSEECom_register_listener 36864 sb_length = 0x1f4
01-28 20:58:48.823   672   706 I QISL    : QSEE Interrupt Service Listener was activated successfully
01-28 20:58:48.823   672   672 D QSEECOMD: : Init qisl_start ret = 0
01-28 20:58:48.823   672   672 D QSEECOMD: : interrupt services: Started (Listener ID = 36864)
01-28 20:58:48.823   672   672 E QSEECOMD: : Listener: index = 7, hierarchy = 1
01-28 20:58:48.823   672   672 E QSEECOMD: : Init dlopen(libspl.so, RLTD_NOW) is failed....
01-28 20:58:48.823   672   672 E QSEECOMD: : Listener: index = 8, hierarchy = 1
01-28 20:58:48.825   546   546 I OmaDrmEngine: OmaDrmEngine::onGetSupportInfo
