01-28 20:58:48.826   672   672 D QSEECOMD: : Init dlopen(libGPreqcancel.so, RTLD_NOW) succeeds
01-28 20:58:48.826   672   672 D QSEECOMD: : Init::Init dlsym(g_FSHandle gp_reqcancel_start) succeeds
01-28 20:58:48.826   672   672 D QSEECOMAPI: QSEECom_register_listener 4352 sb_length = 0x5000
01-28 20:58:48.828   672   672 D QSEECOMD: : Init gp_reqcancel_start ret = 0
01-28 20:58:48.828   672   672 D QSEECOMD: : gp request cancellation services: Started (Listener ID = 4352)
01-28 20:58:48.829   672   672 D QSEECOMAPI: QSEECom_get_handle sb_length = 0x400
01-28 20:58:48.829   672   672 D QSEECOMAPI: App is not loaded in QSEE
01-28 20:58:48.829   672   672 E QSEECOMAPI: Error::Cannot open the file /firmware/image/keymaste.mdt errno = 2
01-28 20:58:48.829   672   672 E QSEECOMAPI: Error::Loading image failed with ret = -1
01-28 20:58:48.829   672   672 D QSEECOMAPI: QSEECom_get_handle sb_length = 0x400
01-28 20:58:48.829   672   672 D QSEECOMAPI: App is already loaded QSEE and app id = 65537
01-28 20:58:48.830   672   672 D QSEECOMD: : QSEECOM DAEMON RUNNING 
01-28 20:58:48.863   544   544 I cameraserver: ServiceManager: 0xebe996e0
01-28 20:58:48.863   544   544 I CameraService: CameraService started (pid=544)
01-28 20:58:48.863   544   544 I CameraService: CameraService process starting
01-28 20:58:48.863   544   544 W BatteryNotifier: batterystats service unavailable!
01-28 20:58:48.863   544   544 W BatteryNotifier: batterystats service unavailable!
01-28 20:58:48.877   543   543 I         : sMaxFastTracks = 8
03-06 07:45:57.770     0     0 I android_work: android_work: sent uevent USB_STATE=CONNECTED
03-06 07:45:57.774     0     0 I android_work: android_work: sent uevent USB_STATE=DISCONNECTED
01-28 20:58:48.880   543   543 I audioserver: ServiceManager: 0xf1f196e0
01-28 20:58:48.880   543   543 W BatteryNotifier: batterystats service unavailable!
01-28 20:58:48.880   543   543 I AudioFlinger: Using default 3000 mSec as standby time.
01-28 20:58:48.881   543   543 I AudioPolicyService: AudioPolicyService CSTOR in new mode
01-28 20:58:48.899   568   568 V AudioDaemonMain: Audio daemon starting sequence..
01-28 20:58:48.899   568   568 V AudioDaemon: Start audiod daemon
01-28 20:58:48.899   568   725 V AudioDaemon: readyToRun: open snd card state node files
01-28 20:58:48.899   568   725 V AudioDaemon: Start threadLoop()
01-28 20:58:48.900   568   725 D AudioDaemon: Opening sound card state : /proc/asound/card0/state
01-28 20:58:48.900   568   725 V AudioDaemon: bool android::AudioDaemon::getStateFDs(std::vector<std::pair<int, int> > &): 1 sound cards detected
01-28 20:58:48.900   568   725 V AudioDaemon: bool android::AudioDaemon::getDeviceEventFDs(): 0 audio device event detected
01-28 20:58:48.900   568   725 E AudioDaemon: No audio device events detected
01-28 20:58:48.900   568   725 D AudioDaemon: Opening cpe0_state : /proc/asound/card0/cpe0_state
01-28 20:58:48.900   568   725 E AudioDaemon: CPE state open /proc/asound/card0/cpe0_state failed No such file or directory, Retrying 1
01-28 20:58:48.903   583   583 D QSEECOMAPI: QSEECom_get_handle sb_length = 0xa000
01-28 20:58:48.903   583   583 D QSEECOMAPI: App is already loaded QSEE and app id = 65537
01-28 20:58:48.904   723   723 I qcom-bluetooth: /system/etc/init.qcom.bt.sh: Bluetooth stack is Bluedroid 
01-28 20:58:48.905   583   583 E gatekeeper_device: Gatekeeper initialized
03-06 07:45:57.799     0     0 I init    : Service 'config_bluetooth' (pid 499) exited with status 0
01-28 20:58:48.917   549   549 D QSEECOMAPI: QSEECom_get_handle sb_length = 0xa000
01-28 20:58:48.917   549   549 D QSEECOMAPI: App is already loaded QSEE and app id = 65537
01-28 20:58:48.922   549   549 E keymaster1_device: Keymaster Initialized
01-28 20:58:48.922   549   549 E keymaster1_device: TA API Major Verion: 1
01-28 20:58:48.922   549   549 E keymaster1_device: TA API Minor Verion: 0
01-28 20:58:48.922   549   549 E keymaster1_device: TA Major Verion: 1
01-28 20:58:48.922   549   549 E keymaster1_device: TA Minor Verion: 10
01-28 20:58:48.922   549   549 E keymaster1_device: set_version_req->flags: 1
01-28 20:58:48.922   549   549 D keystore: Wrapping keymaster1 module Keymaster QTI HAL with SofKeymasterDevice
01-28 20:58:48.922   549   549 D SoftKeymaster: system/keymaster/soft_keymaster_device.cpp, Line 178: Reinitializing SoftKeymasterDevice to use HW keymaster1
01-28 20:58:48.923   549   549 I SoftKeymaster: system/keymaster/soft_keymaster_device.cpp, Line 131: Creating device
01-28 20:58:48.923   549   549 D SoftKeymaster: system/keymaster/soft_keymaster_device.cpp, Line 132: Device address: 0x7fa963e400
01-28 20:58:48.926   555   555 V MediaUtils: physMem: 2943475712
01-28 20:58:48.926   555   555 V MediaUtils: requested limit: 588695140
01-28 20:58:48.926   555   555 V MediaUtils: actual limit: 588695140
01-28 20:58:48.926   555   555 V MediaUtils: original limits: 4294967295/4294967295
01-28 20:58:48.926   555   555 V MediaUtils: new limits: 588695140/4294967295
01-28 20:58:48.927   555   555 W /system/bin/mediaextractor: libminijail: allowing syscall: clock_gettime
01-28 20:58:48.927   555   555 W /system/bin/mediaextractor: libminijail: allowing syscall: connect
01-28 20:58:48.927   555   555 W /system/bin/mediaextractor: libminijail: allowing syscall: fcntl64
01-28 20:58:48.927   555   555 W /system/bin/mediaextractor: libminijail: allowing syscall: socket
01-28 20:58:48.927   555   555 W /system/bin/mediaextractor: libminijail: allowing syscall: writev
01-28 20:58:48.927   554   554 I mediaserver: ServiceManager: 0xf2499740
01-28 20:58:48.928   555   555 W /system/bin/mediaextractor: libminijail: logging seccomp filter failures
01-28 20:58:48.929   543   543 D audio_hw_primary: adev_open: enter
01-28 20:58:48.940   526   526 D RILD    : RIL_Init argc = 5 clientId = 2
01-28 20:58:48.941   509   509 D libEGL  : loaded /vendor/lib64/egl/libGLESv1_CM_adreno.so
01-28 20:58:48.944   556   556 I mediaserver: ServiceManager: 0xf0719740
01-28 20:58:48.945   556   556 W BatteryNotifier: batterystats service unavailable!
01-28 20:58:48.949   543   543 D msm8916_platform: platform_init: snd_card_name: msm8953-snd-card-mtp
01-28 20:58:48.949   543   543 D msm8916_platform: platform_init: mixer path file is /system/etc/mixer_paths_mtp.xml
01-28 20:58:48.954   526   526 E RILQ    : log to /data/misc/radio/ril_log for QCRIL logging is not enabled
01-28 20:58:48.956   509   509 D libEGL  : loaded /vendor/lib64/egl/libGLESv2_adreno.so
01-28 20:58:48.964   558   558 D RILD    : RIL_Init argc = 5 clientId = 0
01-28 20:58:48.964   558   558 E RILQ    : log to /data/misc/radio/ril_log for QCRIL logging is not enabled
03-06 07:45:57.867     0     0 I android_work: android_work: sent uevent USB_STATE=CONNECTED
03-06 07:45:57.868     0     0 I android_usb gadget: high-speed config #1: 86000c8.android_usb
03-06 07:45:57.868     0     0 I diag    : USB channel diag connected
03-06 07:45:57.868     0     0 I msm-dwc3 7000000.ssusb: Avail curr from USB = 500
03-06 07:45:57.870     0     0 I sps     : BAM 0x0000000007104000 (va:0x0000000000000000) enabled: ver:0x27, number of pipes:8
03-06 07:45:57.872     0     0 E ipa2_uc_state_check: 301 uC is not loaded
03-06 07:45:57.872     0     0 E ipa_sps_irq_control_all: 938 EP (5) not allocated.
03-06 07:45:57.874     0     0 E ipa2_uc_state_check: 301 uC is not loaded
01-28 20:58:48.995   509   509 I Adreno  : QUALCOMM build                   : ba5a165, I0b6e8ce5b5
01-28 20:58:48.995   509   509 I Adreno  : Build Date                       : 08/08/17
01-28 20:58:48.995   509   509 I Adreno  : OpenGL ES Shader Compiler Version: XE031.09.00.04
01-28 20:58:48.995   509   509 I Adreno  : Local Branch                     : 
01-28 20:58:48.995   509   509 I Adreno  : Remote Branch                    : refs/tags/AU_LINUX_ANDROID_LA.UM.5.5.R1.07.01.02.269.053
01-28 20:58:48.995   509   509 I Adreno  : Remote Branch                    : NONE
01-28 20:58:48.995   509   509 I Adreno  : Reconstruct Branch               : NOTHING
01-28 20:58:49.000   568   725 E AudioDaemon: CPE state open /proc/asound/card0/cpe0_state failed No such file or directory, Retrying 2
01-28 20:58:49.012   503   594 D PerMgrSrv: modem state: is off-line, add client QCRIL
01-28 20:58:49.012   503   594 D PerMgrSrv: QCRIL registered
01-28 20:58:49.012   503   594 D PerMgrSrv: modem state: is off-line, add client QCRIL
01-28 20:58:49.012   503   594 D PerMgrSrv: QCRIL registered
01-28 20:58:49.012   526   526 D PerMgrLib: QCRIL successfully registered for modem
01-28 20:58:49.013   558   558 D PerMgrLib: QCRIL successfully registered for modem
03-06 07:45:57.924     0     0 I android_work: android_work: sent uevent USB_STATE=CONFIGURED
03-06 07:45:57.925     0     0 I subsys-pil-tz soc: qcom,kgsl-hyp: a506_zap: loading from 0x000000008f000000 to 0x000000008f002000
03-06 07:45:57.956     0     0 E         : msm_qti_pp_get_rms_value_control, back not active to query rms be_idx:3
03-06 07:45:57.962     0     0 I subsys-pil-tz soc: qcom,kgsl-hyp: a506_zap: Brought out of reset
03-06 07:45:57.963     0     0 E devfreq soc: qcom,kgsl-busmon: Couldn't update frequency transition information.
03-06 07:45:57.972     0     0 I core_get_license_status: cmdrsp_license_result.result = 0x15 for module 0x1
03-06 07:45:57.972     0     0 E         : msm_dolby_dap_param_to_get_control_get, port_id not set, do not query ADM
03-06 07:45:57.972     0     0 E         : msm_dolby_dap_param_visualizer_control_get Incorrect VCNB length
03-06 07:45:57.972     0     0 E msm_voice_sound_focus_get: Error getting Sound Focus Params, err=-22
03-06 07:45:57.972     0     0 E msm_voice_source_tracking_get: Error getting Source Tracking Params, err=-22
03-06 07:45:57.972     0     0 E msm_audio_get_copp_idx_from_port_id: Invalid FE, exiting
03-06 07:45:57.972     0     0 E msm_audio_sound_focus_get: Could not get copp idx for port_id=16385
03-06 07:45:57.972     0     0 E msm_audio_get_copp_idx_from_port_id: Invalid FE, exiting
03-06 07:45:57.972     0     0 E msm_audio_source_tracking_get: Could not get copp idx for port_id=16385
03-06 07:45:57.972     0     0 E msm_voice_sound_focus_get: Error getting Sound Focus Params, err=-22
03-06 07:45:57.972     0     0 E msm_voice_source_tracking_get: Error getting Source Tracking Params, err=-22
03-06 07:45:57.972     0     0 E msm_audio_get_copp_idx_from_port_id: Invalid FE, exiting
03-06 07:45:57.972     0     0 E msm_audio_sound_focus_get: Could not get copp idx for port_id=4101
03-06 07:45:57.973     0     0 E msm_audio_get_copp_idx_from_port_id: Invalid FE, exiting
03-06 07:45:57.973     0     0 E msm_audio_source_tracking_get: Could not get copp idx for port_id=4101
03-06 07:45:57.973     0     0 I CRUS msm_routing_cirrus_fbport_get: cirrus_fb_port_ctl = 0
03-06 07:45:57.973     0     0 I         : Starting Cirrus GB Enable Get function call, crus_gb_enable = 0
03-06 07:45:57.973     0     0 I CRUS msm_routing_crus_gb_enable_get: crus_gb_enable = 0
03-06 07:45:57.973     0     0 I         : Starting Cirrus GB Config Get function call
03-06 07:45:57.973     0     0 I CRUS msm_routing_crus_gb_config_get: crus_config_set = 0
03-06 07:45:57.973     0     0 I         : Starting Cirrus GB External Config Get function call
03-06 07:45:57.973     0     0 I CRUS msm_routing_crus_ext_config_get: crus_ext_config_set = 0
03-06 07:45:57.973     0     0 I CRUS cirrus_transfer_params: transfer_params_value = 0
03-06 07:45:57.973     0     0 I         : CRUS PARAMS TRANSFER +++++++++++++  =0, count=0, ambient=0
03-06 07:45:57.973     0     0 I         : CRUS wrong range for temp-acc=0, count=0, ambient=0
03-06 07:45:57.973     0     0 E         : msm_pcm_volume_ctl_get substream runtime not found
03-06 07:45:57.974     0     0 E         : msm_pcm_volume_ctl_get substream runtime not found
03-06 07:45:57.974     0     0 E         : msm_pcm_volume_ctl_get substream runtime not found
03-06 07:45:57.974     0     0 E msm_compr_audio_effects_config_get: stream or effects inactive
03-06 07:45:57.974     0     0 E         : msm_pcm_volume_ctl_get substream runtime not found
03-06 07:45:57.974     0     0 E         : msm_pcm_volume_ctl_get substream runtime not found
03-06 07:45:57.974     0     0 E         : msm_pcm_volume_ctl_get substream or runtime not found
03-06 07:45:57.975     0     0 E msm_compr_audio_effects_config_get: stream or effects inactive
03-06 07:45:57.975     0     0 E msm_compr_audio_effects_config_get: stream or effects inactive
03-06 07:45:57.975     0     0 E msm_compr_audio_effects_config_get: stream or effects inactive
03-06 07:45:57.975     0     0 E msm_compr_audio_effects_config_get: stream or effects inactive
03-06 07:45:57.976     0     0 E msm_compr_audio_effects_config_get: stream or effects inactive
03-06 07:45:57.976     0     0 E msm_compr_audio_effects_config_get: stream or effects inactive
03-06 07:45:57.976     0     0 E msm_compr_audio_effects_config_get: stream or effects inactive
01-28 20:58:49.088   543   543 E audio_route: Control 'HPHL Volume' doesn't exist - skipping
01-28 20:58:49.088   543   543 E audio_route: Control 'HPHR Volume' doesn't exist - skipping
01-28 20:58:49.089   543   543 E audio_route: Control 'RX2 MIX2 INP2' doesn't exist - skipping
01-28 20:58:49.089   543   543 E audio_route: Control 'RX1 MIX2 INP2' doesn't exist - skipping
01-28 20:58:49.089   543   543 E audio_route: Control 'SpkrMono WSA_RDAC' doesn't exist - skipping
01-28 20:58:49.089   543   543 E audio_route: Control 'SpkrMono BOOST Switch' doesn't exist - skipping
01-28 20:58:49.090   543   543 E audio_route: Control 'SpkrMono VISENSE Switch' doesn't exist - skipping
01-28 20:58:49.090   509   509 I SDM     : ExtensionInterface::CreateExtensionInterface: 
01-28 20:58:49.090   509   509 I SDM     : SDM-EXTENSION Version: Date: 05/09/17, Commit: 77b9f27, Change: Ifbacd02586
01-28 20:58:49.090   543   543 E audio_route: Control 'PRI_MI2S_RX Port Mixer INT_BT_SCO_TX' doesn't exist - skipping
01-28 20:58:49.090   543   543 E audio_route: Control 'QUAT_MI2S_RX Port Mixer INT_BT_SCO_TX' doesn't exist - skipping
01-28 20:58:49.091   543   543 E audio_route: Control 'INTERNAL_BT_SCO_RX Audio Mixer Multimedia6' doesn't exist - skipping
01-28 20:58:49.091   509   509 I SDM     : HWInfo::GetHWResourceInfo: SDE Version = 500, SDE Revision = 10100000, RGB = 2, VIG = 1, DMA = 1, Cursor = 1
01-28 20:58:49.091   509   509 I SDM     : HWInfo::GetHWResourceInfo: Upscale Ratio = 20, Downscale Ratio = 4, Blending Stages = 4
01-28 20:58:49.091   509   509 I SDM     : HWInfo::GetHWResourceInfo: SourceSplit = 0 QSEED3 = 0
01-28 20:58:49.091   509   509 I SDM     : HWInfo::GetHWResourceInfo: BWC = 0, UBWC = 1, Decimation = 1, Tile Format = 0 Concurrent Writeback = 0
01-28 20:58:49.091   509   509 I SDM     : HWInfo::GetHWResourceInfo: MaxLowBw = 3400000 , MaxHighBw = 3400000
01-28 20:58:49.091   509   509 I SDM     : HWInfo::GetHWResourceInfo: MaxPipeBw = 2300000 KBps, MaxSDEClock = 400000000 Hz, ClockFudgeFactor = 1.050000
01-28 20:58:49.091   509   509 I SDM     : HWInfo::GetHWResourceInfo: Prefill factors: Tiled_NV12 = 8, Tiled = 4, Linear = 1, Scale = 1, Fudge_factor = 2
01-28 20:58:49.091   509   509 I SDM     : HWInfo::GetMDSSRotatorInfo: MDSS Rotator: Count = 1, Downscale = 1
01-28 20:58:49.092   509   509 I SDM     : HWInfo::GetHWResourceInfo: Has Support for multiple bw limits shown below
01-28 20:58:49.092   509   509 I SDM     : HWInfo::GetHWResourceInfo: Mode-index=0  total_bw_limit=3400000 and pipe_bw_limit=2300000
01-28 20:58:49.092   509   509 I SDM     : HWInfo::GetHWResourceInfo: Mode-index=1  total_bw_limit=3100000 and pipe_bw_limit=2300000
01-28 20:58:49.092   509   509 I SDM     : HWInfo::GetHWResourceInfo: Mode-index=2  total_bw_limit=3400000 and pipe_bw_limit=2300000
01-28 20:58:49.092   509   509 I SDM     : HWInfo::GetHWResourceInfo: Mode-index=3  total_bw_limit=3400000 and pipe_bw_limit=2300000
01-28 20:58:49.092   543   543 E audio_route: Control 'PRI_MI2S_DL_HL Switch' doesn't exist - skipping
01-28 20:58:49.093   543   543 E audio_route: Control 'MI2S_DL_HL Switch' doesn't exist - skipping
01-28 20:58:49.093   543   543 E audio_route: unknown enum value string 16000 for ctl Internal BTSCO SampleRate
01-28 20:58:49.095   543   543 E audio_route: Control 'MultiMedia8 Mixer TERT_MI2S_TX' doesn't exist - skipping
01-28 20:58:49.096   543   543 E audio_route: unknown enum value string 16000 for ctl Internal BTSCO SampleRate
01-28 20:58:49.096   543   543 E audio_route: unknown enum value string 16000 for ctl Internal BTSCO SampleRate
03-06 07:45:57.976     0     0 E msm_compr_audio_effects_config_get: stream or effects inactive
01-28 20:58:49.097   543   543 E audio_route: unknown enum value string 16000 for ctl Internal BTSCO SampleRate
01-28 20:58:49.097   509   509 I SDM     : CoreInterface::CreateCore: Open interface handle = 0x7f8747ba00
01-28 20:58:49.097   509   509 I SDM     : HWInfo::GetFirstDisplayInterfaceType: First display is internal display
01-28 20:58:49.098   509   509 I SDM     : CPUHint::Init: Invalid CPU Hint Pre-enable Window -1
01-28 20:58:49.098   543   543 E audio_route: unknown enum value string 16000 for ctl Internal BTSCO SampleRate
01-28 20:58:49.098   509   509 I SDM     : HWDevice::GetHWPanelMaxBrightnessFromNode: Max brightness level = 255
01-28 20:58:49.098   509   509 I SDM     : HWDevice::GetHWPanelMaxBrightnessFromNode: Max brightness level = 255
01-28 20:58:49.098   509   509 I SDM     : HWDevice::PopulateHWPanelInfo: Device type = 0, Display Port = 1, Display Mode = 1, Device Node = 0, Is Primary = 1
01-28 20:58:49.098   509   509 I SDM     : HWDevice::PopulateHWPanelInfo: Partial Update = 0, Dynamic FPS = 0
01-28 20:58:49.098   509   509 I SDM     : HWDevice::PopulateHWPanelInfo: Align: left = 0, width = 0, top = 0, height = 0
01-28 20:58:49.098   509   509 I SDM     : HWDevice::PopulateHWPanelInfo: ROI: min_width = 0, min_height = 0, need_merge = 0
01-28 20:58:49.098   509   509 I SDM     : HWDevice::PopulateHWPanelInfo: FPS: min = 0, max =0
01-28 20:58:49.098   509   509 I SDM     : HWDevice::PopulateHWPanelInfo: Left Split = 0, Right Split = 0
01-28 20:58:49.099   509   509 I SDM     : HWInfo::GetHWResourceInfo: SDE Version = 500, SDE Revision = 10100000, RGB = 2, VIG = 1, DMA = 1, Cursor = 1
01-28 20:58:49.099   509   509 I SDM     : HWInfo::GetHWResourceInfo: Upscale Ratio = 20, Downscale Ratio = 4, Blending Stages = 4
01-28 20:58:49.099   509   509 I SDM     : HWInfo::GetHWResourceInfo: SourceSplit = 0 QSEED3 = 0
01-28 20:58:49.099   509   509 I SDM     : HWInfo::GetHWResourceInfo: BWC = 0, UBWC = 1, Decimation = 1, Tile Format = 0 Concurrent Writeback = 0
01-28 20:58:49.099   509   509 I SDM     : HWInfo::GetHWResourceInfo: MaxLowBw = 3400000 , MaxHighBw = 3400000
01-28 20:58:49.099   509   509 I SDM     : HWInfo::GetHWResourceInfo: MaxPipeBw = 2300000 KBps, MaxSDEClock = 400000000 Hz, ClockFudgeFactor = 1.050000
01-28 20:58:49.099   509   509 I SDM     : HWInfo::GetHWResourceInfo: Prefill factors: Tiled_NV12 = 8, Tiled = 4, Linear = 1, Scale = 1, Fudge_factor = 2
01-28 20:58:49.099   509   509 I SDM     : HWInfo::GetMDSSRotatorInfo: MDSS Rotator: Count = 1, Downscale = 1
01-28 20:58:49.099   509   509 I SDM     : HWInfo::GetHWResourceInfo: Has Support for multiple bw limits shown below
01-28 20:58:49.099   509   509 I SDM     : HWInfo::GetHWResourceInfo: Mode-index=0  total_bw_limit=3400000 and pipe_bw_limit=2300000
01-28 20:58:49.099   509   509 I SDM     : HWInfo::GetHWResourceInfo: Mode-index=1  total_bw_limit=3100000 and pipe_bw_limit=2300000
01-28 20:58:49.099   509   509 I SDM     : HWInfo::GetHWResourceInfo: Mode-index=2  total_bw_limit=3400000 and pipe_bw_limit=2300000
01-28 20:58:49.099   509   509 I SDM     : HWInfo::GetHWResourceInfo: Mode-index=3  total_bw_limit=3400000 and pipe_bw_limit=2300000
01-28 20:58:49.101   568   725 D AudioDaemon: number of sndcards 1 CPEs 0
01-28 20:58:49.101   568   725 D AudioDaemon: read for sound card state change before while
01-28 20:58:49.101   568   725 D AudioDaemon: sound card state file content: ONLINE
01-28 20:58:49.101   568   725 D AudioDaemon:  before while
01-28 20:58:49.101   568   725 E AudioDaemon: put cur_state to online
01-28 20:58:49.101   568   725 D AudioDaemon: cur_state=0, bootup_complete=0
01-28 20:58:49.101   568   725 E AudioDaemon: sound card up is deteced before while
01-28 20:58:49.101   568   725 E AudioDaemon: bootup_complete set to 1
01-28 20:58:49.101   568   725 E AudioDaemon: read for event state change before while
01-28 20:58:49.101   568   725 D AudioDaemon: poll() for sound card state change 
03-06 07:45:57.977     0     0 E         : msm_pcm_volume_ctl_get substream or runtime not found
01-28 20:58:49.103   509   509 I SDM     : HWDevice::GetHWPanelMaxBrightnessFromNode: Max brightness level = 255
01-28 20:58:49.104   509   509 I SDM     : HWDevice::GetHWPanelMaxBrightnessFromNode: Max brightness level = 255
01-28 20:58:49.104   509   509 W SDM     : HWDevice::GetHWPanelInfoByNode: Failed to open msm_fb_panel_info node device node 2
01-28 20:58:49.104   509   509 I SDM     : HWDevice::GetHWPanelMaxBrightnessFromNode: Max brightness level = 255
01-28 20:58:49.104   509   509 I SDM     : HWDevice::GetHWPanelMaxBrightnessFromNode: Max brightness level = 255
01-28 20:58:49.104   509   509 W SDM     : HWDevice::GetHWPanelInfoByNode: Failed to open msm_fb_panel_info node device node 2
01-28 20:58:49.105   509   509 I SDM     : HWInfo::GetHWResourceInfo: SDE Version = 500, SDE Revision = 10100000, RGB = 2, VIG = 1, DMA = 1, Cursor = 1
01-28 20:58:49.105   509   509 I SDM     : HWInfo::GetHWResourceInfo: Upscale Ratio = 20, Downscale Ratio = 4, Blending Stages = 4
01-28 20:58:49.105   509   509 I SDM     : HWInfo::GetHWResourceInfo: SourceSplit = 0 QSEED3 = 0
01-28 20:58:49.105   509   509 I SDM     : HWInfo::GetHWResourceInfo: BWC = 0, UBWC = 1, Decimation = 1, Tile Format = 0 Concurrent Writeback = 0
01-28 20:58:49.105   509   509 I SDM     : HWInfo::GetHWResourceInfo: MaxLowBw = 3400000 , MaxHighBw = 3400000
01-28 20:58:49.105   509   509 I SDM     : HWInfo::GetHWResourceInfo: MaxPipeBw = 2300000 KBps, MaxSDEClock = 400000000 Hz, ClockFudgeFactor = 1.050000
01-28 20:58:49.105   509   509 I SDM     : HWInfo::GetHWResourceInfo: Prefill factors: Tiled_NV12 = 8, Tiled = 4, Linear = 1, Scale = 1, Fudge_factor = 2
01-28 20:58:49.105   509   509 I SDM     : HWInfo::GetMDSSRotatorInfo: MDSS Rotator: Count = 1, Downscale = 1
01-28 20:58:49.105   509   509 I SDM     : HWInfo::GetHWResourceInfo: Has Support for multiple bw limits shown below
01-28 20:58:49.105   509   509 I SDM     : HWInfo::GetHWResourceInfo: Mode-index=0  total_bw_limit=3400000 and pipe_bw_limit=2300000
01-28 20:58:49.105   509   509 I SDM     : HWInfo::GetHWResourceInfo: Mode-index=1  total_bw_limit=3100000 and pipe_bw_limit=2300000
01-28 20:58:49.105   509   509 I SDM     : HWInfo::GetHWResourceInfo: Mode-index=2  total_bw_limit=3400000 and pipe_bw_limit=2300000
01-28 20:58:49.105   509   509 I SDM     : HWInfo::GetHWResourceInfo: Mode-index=3  total_bw_limit=3400000 and pipe_bw_limit=2300000
01-28 20:58:49.105   509   509 W SDM     : ColorManager::CreateColorManagerProxy: PAV2 version is versions = 11, version = 11 
01-28 20:58:49.106   543   543 E audio_route: Control 'MI2S_DL_HL Switch' doesn't exist - skipping
01-28 20:58:49.106   509   509 I SDM     : DisplayBase::SetFrameBufferConfig: New framebuffer resolution (1080x1920)
01-28 20:58:49.106   509   509 I SDM     : HWCDisplay::SetFrameBufferResolution: New framebuffer resolution (1080x1920)
01-28 20:58:49.108   509   509 I SDM     : HWCColorManager::CreateColorManager: Successfully loaded libsdm-disp-apis.so
01-28 20:58:49.114   509   509 I SDM     : HWCColorManager::CreateColorManager: Successfully loaded libsdm-disp-apis.so and libsdm-diag.so and diag_init'ed
01-28 20:58:49.114   509   509 I SurfaceFlinger: Using composer version 1.5
01-28 20:58:49.114   509   509 W SDM     : HWCDisplay::GetDisplayAttributes: Spurious attribute type = 6
01-28 20:58:49.115   509   509 I SurfaceFlinger: EGL information:
01-28 20:58:49.115   509   509 I SurfaceFlinger: vendor    : Android
01-28 20:58:49.115   509   509 I SurfaceFlinger: version   : 1.4 Android META-EGL
01-28 20:58:49.115   509   509 I SurfaceFlinger: extensions: EGL_KHR_get_all_proc_addresses EGL_ANDROID_presentation_time EGL_KHR_swap_buffers_with_damage EGL_ANDROID_create_native_client_buffer EGL_ANDROID_front_buffer_auto_refresh EGL_KHR_image EGL_KHR_image_base EGL_KHR_lock_surface EGL_KHR_gl_texture_2D_image EGL_KHR_gl_texture_3D_image EGL_KHR_gl_texture_cubemap_image EGL_KHR_gl_renderbuffer_image EGL_KHR_reusable_sync EGL_KHR_fence_sync EGL_KHR_create_context EGL_KHR_surfaceless_context EGL_EXT_create_context_robustness EGL_ANDROID_image_native_buffer EGL_KHR_wait_sync EGL_ANDROID_recordable EGL_KHR_partial_update EGL_KHR_create_context_no_error EGL_KHR_mutable_render_buffer EGL_EXT_yuv_surface EGL_EXT_protected_content 
01-28 20:58:49.115   509   509 I SurfaceFlinger: Client API: OpenGL_ES
01-28 20:58:49.115   509   509 I SurfaceFlinger: EGLSurface: 8-8-8-8, config=0x7f875cb220
01-28 20:58:49.121   509   509 I SurfaceFlinger: OpenGL ES informations:
01-28 20:58:49.121   509   509 I SurfaceFlinger: vendor    : Qualcomm
01-28 20:58:49.121   509   509 I SurfaceFlinger: renderer  : Adreno (TM) 506
01-28 20:58:49.121   509   509 I SurfaceFlinger: version   : OpenGL ES 3.2 V@145.0 (GIT@I0b6e8ce5b5)
01-28 20:58:49.121   509   509 I SurfaceFlinger: extensions: GL_OES_EGL_image GL_OES_EGL_image_external GL_OES_EGL_sync GL_OES_vertex_half_float GL_OES_framebuffer_object GL_OES_rgb8_rgba8 GL_OES_compressed_ETC1_RGB8_texture GL_AMD_compressed_ATC_texture GL_KHR_texture_compression_astc_ldr GL_KHR_texture_compression_astc_hdr GL_OES_texture_compression_astc GL_OES_texture_npot GL_EXT_texture_filter_anisotropic GL_EXT_texture_format_BGRA8888 GL_OES_texture_3D GL_EXT_color_buffer_float GL_EXT_color_buffer_half_float GL_QCOM_alpha_test GL_OES_depth24 GL_OES_packed_depth_stencil GL_OES_depth_texture GL_OES_depth_texture_cube_map GL_EXT_sRGB GL_OES_texture_float GL_OES_texture_float_linear GL_OES_texture_half_float GL_OES_texture_half_float_linear GL_EXT_texture_type_2_10_10_10_REV GL_EXT_texture_sRGB_decode GL_OES_element_index_uint GL_EXT_copy_image GL_EXT_geometry_shader GL_EXT_tessellation_shader GL_OES_texture_stencil8 GL_EXT_shader_io_blocks GL_OES_shader_image_atomic GL_OES_sample_variables GL_EXT_texture_border_clamp GL_EXT_multisampled_render_to_texture
01-28 20:58:49.121   509   509 I SurfaceFlinger: GL_MAX_TEXTURE_SIZE = 16384
01-28 20:58:49.121   509   509 I SurfaceFlinger: GL_MAX_VIEWPORT_DIMS = 16384
03-06 07:45:58.024     0     0 I CRUS msm_routing_cirrus_fbport_get: cirrus_fb_port_ctl = 0
03-06 07:45:58.024     0     0 I CRUS msm_routing_cirrus_fbport_put: cirrus_fb_port_ctl = 3
03-06 07:45:58.024     0     0 I         : Starting Cirrus GB Config Get function call
03-06 07:45:58.024     0     0 I CRUS msm_routing_crus_gb_config_get: crus_config_set = 0
03-06 07:45:58.024     0     0 I         : Starting Cirrus GB Config function call 3
03-06 07:45:58.024     0     0 I         : CRUS GB Config: Get Current Temp
03-06 07:45:58.024     0     0 I crus_afe_get_param: port = 4102 module = 10596096 param = 0xa1af07 length = 8
03-06 07:45:58.024     0     0 I crus_afe_get_param: Preparing to send apr packet
03-06 07:45:58.024     0     0 I crus_afe_get_param: crus get_param sent packet with param id 0x00a1af07 to module 0x00a1af00.
03-06 07:45:58.024     0     0 I         : Cirrus AFE CALLBACK: size = 36
03-06 07:45:58.035     0     0 I CRUS_AFE_GET_PARAM: returned data = [4]: 0, [5]: 0
03-06 07:45:58.035     0     0 I CRUS_GB_CONFIG: current temp updated; Temp-acc = 0, Count = 0
03-06 07:45:58.035     0     0 I         : Starting Cirrus GB External Config Get function call
03-06 07:45:58.035     0     0 I CRUS msm_routing_crus_ext_config_get: crus_ext_config_set = 0
03-06 07:45:58.035     0     0 I         : Starting Cirrus GB External Config function call 1
01-28 20:58:49.177   543   543 D msm8916_platform: platform_init: Opened sound card:0
01-28 20:58:49.177   543   543 D msm8916_platform: Opening /sys/class/thermal/thermal_zone0/type
01-28 20:58:49.178   543   543 D msm8916_platform: Opening /sys/class/thermal/thermal_zone1/type
01-28 20:58:49.178   543   543 D msm8916_platform: Opening /sys/class/thermal/thermal_zone2/type
01-28 20:58:49.178   543   543 D msm8916_platform: Opening /sys/class/thermal/thermal_zone3/type
01-28 20:58:49.178   543   543 D msm8916_platform: Opening /sys/class/thermal/thermal_zone4/type
01-28 20:58:49.178   543   543 D msm8916_platform: Opening /sys/class/thermal/thermal_zone5/type
01-28 20:58:49.178   543   543 D msm8916_platform: Opening /sys/class/thermal/thermal_zone6/type
01-28 20:58:49.178   543   543 D msm8916_platform: Opening /sys/class/thermal/thermal_zone7/type
01-28 20:58:49.179   543   543 D msm8916_platform: Opening /sys/class/thermal/thermal_zone8/type
01-28 20:58:49.179   543   543 D msm8916_platform: Opening /sys/class/thermal/thermal_zone9/type
01-28 20:58:49.179   543   543 D msm8916_platform: Opening /sys/class/thermal/thermal_zone10/type
01-28 20:58:49.179   543   543 D msm8916_platform: Opening /sys/class/thermal/thermal_zone11/type
01-28 20:58:49.179   543   543 D msm8916_platform: Opening /sys/class/thermal/thermal_zone12/type
01-28 20:58:49.179   543   543 D msm8916_platform: Opening /sys/class/thermal/thermal_zone13/type
01-28 20:58:49.179   543   543 D msm8916_platform: Opening /sys/class/thermal/thermal_zone14/type
01-28 20:58:49.179   543   543 D msm8916_platform: Opening /sys/class/thermal/thermal_zone15/type
01-28 20:58:49.180   543   543 D msm8916_platform: Opening /sys/class/thermal/thermal_zone16/type
01-28 20:58:49.180   543   543 D msm8916_platform: Opening /sys/class/thermal/thermal_zone17/type
01-28 20:58:49.180   543   543 D msm8916_platform: Opening /sys/class/thermal/thermal_zone18/type
01-28 20:58:49.180   543   543 D msm8916_platform: Opening /sys/class/thermal/thermal_zone19/type
01-28 20:58:49.180   543   543 D msm8916_platform: Opening /sys/class/thermal/thermal_zone20/type
01-28 20:58:49.180   543   543 D msm8916_platform: Opening /sys/class/thermal/thermal_zone21/type
01-28 20:58:49.180   543   543 D msm8916_platform: Opening /sys/class/thermal/thermal_zone22/type
03-06 07:45:58.069     0     0 I CRUS msm_routing_crus_ext_config: length = 7584; dataptr = ffffff80057ad000
01-28 20:58:49.180   543   543 D msm8916_platform: Opening /sys/class/thermal/thermal_zone23/type
01-28 20:58:49.181   543   543 D audio_hw_extn: audio_extn_can_use_vbat: vbat.enabled property is set to 0
03-06 07:45:58.069     0     0 I         : CRUS GB EXT Config: Config TX Default: function not implemented
01-28 20:58:49.191   543   543 D ACDB-LOADER: ACDB -> No .acdb files found in /etc/acdbdata!
01-28 20:58:49.191   543   543 D ACDB-LOADER: ACDB -> found 0 form factor & soundcard independant files
01-28 20:58:49.191   543   543 D ACDB-LOADER: ACDB -> Load file: /etc/acdbdata/QRD/QRD_Bluetooth_cal.acdb
01-28 20:58:49.191   543   543 D ACDB-LOADER: ACDB -> Load file: /etc/acdbdata/QRD/QRD_General_cal.acdb
01-28 20:58:49.191   543   543 D ACDB-LOADER: ACDB -> Load file: /etc/acdbdata/QRD/QRD_Global_cal.acdb
01-28 20:58:49.191   543   543 D ACDB-LOADER: ACDB -> Load file: /etc/acdbdata/QRD/QRD_Handset_cal.acdb
01-28 20:58:49.191   543   543 D ACDB-LOADER: ACDB -> Load file: /etc/acdbdata/QRD/QRD_Hdmi_cal.acdb
01-28 20:58:49.191   543   543 D ACDB-LOADER: ACDB -> Load file: /etc/acdbdata/QRD/QRD_Headset_cal.acdb
01-28 20:58:49.191   543   543 D ACDB-LOADER: ACDB -> Load file: /etc/acdbdata/QRD/QRD_Speaker_cal.acdb
01-28 20:58:49.191   543   543 D ACDB-LOADER: ACDB -> ACDB_CMD_INITIALIZE_V2
01-28 20:58:49.192   543   543 D         : [ACDB Command]->SW Minor/Major/Revision version info for /etc/acdbdata/QRD/QRD_Bluetooth_cal.acdb
01-28 20:58:49.192   543   543 D         : [ACDB Command]->ACDB Sw Major = 9, ACDB Sw Minor = 0, ACDB Sw Revision = 0, ACDB Sw Cpl Number = 0
01-28 20:58:49.192   543   543 D         : [ACDB Command]->ACDB File Major = 8, ACDB File Minor = 0, ACDB File Revision = 1, ACDB File Cpl Number = 0
01-28 20:58:49.194   543   543 D         : [ACDB Command]->SW Minor/Major/Revision version info for /etc/acdbdata/QRD/QRD_General_cal.acdb
01-28 20:58:49.194   543   543 D         : [ACDB Command]->ACDB Sw Major = 9, ACDB Sw Minor = 0, ACDB Sw Revision = 0, ACDB Sw Cpl Number = 0
01-28 20:58:49.194   543   543 D         : [ACDB Command]->ACDB File Major = 8, ACDB File Minor = 0, ACDB File Revision = 1, ACDB File Cpl Number = 0
01-28 20:58:49.195   543   543 D         : [ACDB Command]->SW Minor/Major/Revision version info for /etc/acdbdata/QRD/QRD_Global_cal.acdb
01-28 20:58:49.195   543   543 D         : [ACDB Command]->ACDB Sw Major = 9, ACDB Sw Minor = 0, ACDB Sw Revision = 0, ACDB Sw Cpl Number = 0
01-28 20:58:49.195   543   543 D         : [ACDB Command]->ACDB File Major = 8, ACDB File Minor = 0, ACDB File Revision = 1, ACDB File Cpl Number = 0
01-28 20:58:49.198   543   543 D         : [ACDB Command]->SW Minor/Major/Revision version info for /etc/acdbdata/QRD/QRD_Handset_cal.acdb
01-28 20:58:49.198   543   543 D         : [ACDB Command]->ACDB Sw Major = 9, ACDB Sw Minor = 0, ACDB Sw Revision = 0, ACDB Sw Cpl Number = 0
01-28 20:58:49.198   543   543 D         : [ACDB Command]->ACDB File Major = 8, ACDB File Minor = 0, ACDB File Revision = 1, ACDB File Cpl Number = 0
01-28 20:58:49.201   543   543 D         : [ACDB Command]->SW Minor/Major/Revision version info for /etc/acdbdata/QRD/QRD_Hdmi_cal.acdb
01-28 20:58:49.201   543   543 D         : [ACDB Command]->ACDB Sw Major = 9, ACDB Sw Minor = 0, ACDB Sw Revision = 0, ACDB Sw Cpl Number = 0
01-28 20:58:49.201   543   543 D         : [ACDB Command]->ACDB File Major = 8, ACDB File Minor = 0, ACDB File Revision = 1, ACDB File Cpl Number = 0
01-28 20:58:49.203   543   543 D         : [ACDB Command]->SW Minor/Major/Revision version info for /etc/acdbdata/QRD/QRD_Headset_cal.acdb
01-28 20:58:49.203   543   543 D         : [ACDB Command]->ACDB Sw Major = 9, ACDB Sw Minor = 0, ACDB Sw Revision = 0, ACDB Sw Cpl Number = 0
01-28 20:58:49.203   543   543 D         : [ACDB Command]->ACDB File Major = 8, ACDB File Minor = 0, ACDB File Revision = 1, ACDB File Cpl Number = 0
01-28 20:58:49.207   543   543 D         : [ACDB Command]->SW Minor/Major/Revision version info for /etc/acdbdata/QRD/QRD_Speaker_cal.acdb
01-28 20:58:49.207   543   543 D         : [ACDB Command]->ACDB Sw Major = 9, ACDB Sw Minor = 0, ACDB Sw Revision = 0, ACDB Sw Cpl Number = 0
01-28 20:58:49.207   543   543 D         : [ACDB Command]->ACDB File Major = 8, ACDB File Minor = 0, ACDB File Revision = 1, ACDB File Cpl Number = 0
01-28 20:58:49.207   543   543 D ACDB-LOADER: ACDB -> ACPH INIT
01-28 20:58:49.207   543   543 D         : [ACPH]->Online service registered with ACPH
01-28 20:58:49.217   543   543 D         : [ACPH]->ACPH init success
01-28 20:58:49.217   543   543 D ACDB-LOADER: ACDB -> RTAC INIT
01-28 20:58:49.217   543   543 D         : [ACPH]->DSP RTC service registered with ACPH
01-28 20:58:49.217   543   543 D ACDB-LOADER: ACDB -> MCS, FTS INIT
01-28 20:58:49.217   543   543 D         : [ACPH]->MCS RTC service registered with ACPH
01-28 20:58:49.217   543   543 D         : [ACPH]->FTS RTC service registered with ACPH
01-28 20:58:49.217   543   543 D ACDB-LOADER: ACDB -> ADIE RTAC INIT
01-28 20:58:49.217   543   543 D         : [ACPH]->ADIE RTC service registered with ACPH
01-28 20:58:49.217   543   543 D ACDB-LOADER: ACDB -> ACDB_CMD_GET_VOC_PROC_DYNAMIC_TABLE_SIZE
01-28 20:58:49.217   500   500 E Sensors : sns_debug_main.c(283):Debug Config File missing in EFS!
01-28 20:58:49.219   543   543 D ACDB-LOADER: ACDB -> send_meta_info, lic 0
01-28 20:58:49.219   543   543 D         : Couldnt find the key 00000000 
01-28 20:58:49.219   543   543 D         : Output from GetMetaInfoSize command : 0
01-28 20:58:49.239   543   543 D ACDB-LOADER: ACDB -> send_common_custom_topology
01-28 20:58:49.239   543   543 D ACDB-LOADER: ACDB -> ACDB_CMD_GET_AVCS_CUSTOM_TOPO_INFO
01-28 20:58:49.239   543   543 D ACDB-LOADER: ACDB -> ACDB_CMD_GET_AVCS_CUSTOM_TOPO_INFO: size:0xd8 ret=0 
01-28 20:58:49.239   543   543 D ACDB-LOADER: ACDB -> CORE_CUSTOM_TOPOLOGIES
01-28 20:58:49.241   543   543 D ACDB-LOADER: ACDB -> acdb_loader_send_common_custom_topology: Common custom topology in use
01-28 20:58:49.241   543   543 D ACDB-LOADER: ACDB -> send_meta_info Enter
01-28 20:58:49.241   543   543 E ACDB-LOADER: Fail to allocate memory for metainfo
01-28 20:58:49.241   543   543 D ACDB-LOADER: ACDB -> send_meta_info failed
01-28 20:58:49.241   543   543 D ACDB-LOADER: ACDB -> init done!
01-28 20:58:49.241   543   543 D msm8916_platform: ACDB initialized
01-28 20:58:49.241   543   543 D msm8916_platform: hw_util_open Opening device /dev/snd/hwC0D1000
01-28 20:58:49.241   543   543 D msm8916_platform: hw_util_open success
01-28 20:58:49.241   543   543 D ACDB-LOADER: ACDB -> ACDB_CMD_GET_ANC_SETTING
01-28 20:58:49.241   543   543 D anc_map : convert_anc_acdb_to_reg:enter, inut size  2
01-28 20:58:49.241   543   543 D anc_map : convert_anc_acdb_to_reg:enter, ancch  0, input device   0
01-28 20:58:49.241   543   543 D anc_map : convert_anc_acdb_to_reg:enter, ancch  1, input device   7
01-28 20:58:49.241   543   543 D anc_map : Setwcd9xxxANC_IIRCoeffs:enter
01-28 20:58:49.241   543   543 D anc_map : Setwcd9xxxANC_IIRCoeffs:leave
01-28 20:58:49.241   543   543 D anc_map : Setwcd9xxxANC_LPFShift:enter
01-28 20:58:49.241   543   543 D anc_map : Setwcd9xxxANC_LPFShift:leave
01-28 20:58:49.242   543   543 D anc_map : convert_anc_acdb_to_reg:leave
01-28 20:58:49.242   543   543 D ACDB-LOADER: ACDB -> ACDB_CMD_GET_ANC_SETTING
01-28 20:58:49.242   543   543 D anc_map : convert_anc_acdb_to_reg:enter, inut size  2
01-28 20:58:49.242   543   543 D anc_map : convert_anc_acdb_to_reg:enter, ancch  0, input device   0
01-28 20:58:49.242   543   543 D anc_map : convert_anc_acdb_to_reg:enter, ancch  1, input device   7
01-28 20:58:49.242   543   543 D anc_map : Setwcd9xxxANC_IIRCoeffs:enter
01-28 20:58:49.242   543   543 D anc_map : Setwcd9xxxANC_IIRCoeffs:leave
01-28 20:58:49.242   543   543 D anc_map : Setwcd9xxxANC_LPFShift:enter
01-28 20:58:49.242   543   543 D anc_map : Setwcd9xxxANC_LPFShift:leave
01-28 20:58:49.242   543   543 D anc_map : convert_anc_acdb_to_reg:leave
01-28 20:58:49.242   543   543 D ACDB-LOADER: ACDB -> ACDB_CMD_GET_ANC_SETTING
01-28 20:58:49.242   543   543 D anc_map : convert_anc_acdb_to_reg:enter, inut size  2
01-28 20:58:49.242   543   543 D anc_map : convert_anc_acdb_to_reg:enter, ancch  0, input device   0
01-28 20:58:49.242   543   543 D anc_map : convert_anc_acdb_to_reg:enter, ancch  1, input device   7
01-28 20:58:49.242   543   543 D anc_map : Setwcd9xxxANC_IIRCoeffs:enter
01-28 20:58:49.242   543   543 D anc_map : Setwcd9xxxANC_IIRCoeffs:leave
01-28 20:58:49.242   543   543 D anc_map : Setwcd9xxxANC_LPFShift:enter
01-28 20:58:49.242   543   543 D anc_map : Setwcd9xxxANC_LPFShift:leave
01-28 20:58:49.242   543   543 D anc_map : convert_anc_acdb_to_reg:leave
01-28 20:58:49.242   543   543 D ACDB-LOADER: ACDB -> ACDB_CMD_GET_ANC_SETTING
01-28 20:58:49.242   543   543 D anc_map : convert_anc_acdb_to_reg:enter, inut size  2
01-28 20:58:49.242   543   543 D anc_map : convert_anc_acdb_to_reg:enter, ancch  0, input device   0
01-28 20:58:49.242   543   543 D anc_map : convert_anc_acdb_to_reg:enter, ancch  1, input device   7
01-28 20:58:49.242   543   543 D anc_map : Setwcd9xxxANC_IIRCoeffs:enter
01-28 20:58:49.242   543   543 D anc_map : Setwcd9xxxANC_IIRCoeffs:leave
01-28 20:58:49.242   543   543 D anc_map : Setwcd9xxxANC_LPFShift:enter
01-28 20:58:49.242   543   543 D anc_map : Setwcd9xxxANC_LPFShift:leave
01-28 20:58:49.242   543   543 D anc_map : convert_anc_acdb_to_reg:leave
01-28 20:58:49.242   543   543 D ACDB-LOADER: ACDB -> ACDB_CMD_GET_ANC_SETTING
01-28 20:58:49.242   543   543 D anc_map : convert_anc_acdb_to_reg:enter, inut size  2
01-28 20:58:49.242   543   543 D anc_map : convert_anc_acdb_to_reg:enter, ancch  0, input device   0
01-28 20:58:49.242   543   543 D anc_map : convert_anc_acdb_to_reg:enter, ancch  1, input device   4
01-28 20:58:49.242   543   543 D anc_map : Setwcd9xxxANC_IIRCoeffs:enter
01-28 20:58:49.242   543   543 D anc_map : Setwcd9xxxANC_IIRCoeffs:leave
01-28 20:58:49.242   543   543 D anc_map : Setwcd9xxxANC_LPFShift:enter
01-28 20:58:49.242   543   543 D anc_map : Setwcd9xxxANC_LPFShift:leave
01-28 20:58:49.242   543   543 D anc_map : convert_anc_acdb_to_reg:leave
01-28 20:58:49.242   543   543 D ACDB-LOADER: ACDB -> ACDB_CMD_GET_ANC_SETTING
01-28 20:58:49.242   543   543 D anc_map : convert_anc_acdb_to_reg:enter, inut size  2
01-28 20:58:49.242   543   543 D anc_map : convert_anc_acdb_to_reg:enter, ancch  0, input device   0
01-28 20:58:49.242   543   543 D anc_map : convert_anc_acdb_to_reg:enter, ancch  1, input device   4
01-28 20:58:49.242   543   543 D anc_map : Setwcd9xxxANC_IIRCoeffs:enter
01-28 20:58:49.242   543   543 D anc_map : Setwcd9xxxANC_IIRCoeffs:leave
01-28 20:58:49.242   543   543 D anc_map : Setwcd9xxxANC_LPFShift:enter
01-28 20:58:49.242   543   543 D anc_map : Setwcd9xxxANC_LPFShift:leave
01-28 20:58:49.242   543   543 D anc_map : convert_anc_acdb_to_reg:leave
01-28 20:58:49.242   543   543 D ACDB-LOADER: ACDB -> ACDB_CMD_GET_ANC_SETTING
01-28 20:58:49.242   543   543 D anc_map : convert_anc_acdb_to_reg:enter, inut size  2
01-28 20:58:49.242   543   543 D anc_map : convert_anc_acdb_to_reg:enter, ancch  0, input device   0
01-28 20:58:49.242   543   543 D anc_map : convert_anc_acdb_to_reg:enter, ancch  1, input device   4
01-28 20:58:49.242   543   543 D anc_map : Setwcd9xxxANC_IIRCoeffs:enter
01-28 20:58:49.242   543   543 D anc_map : Setwcd9xxxANC_IIRCoeffs:leave
01-28 20:58:49.242   543   543 D anc_map : Setwcd9xxxANC_LPFShift:enter
01-28 20:58:49.242   543   543 D anc_map : Setwcd9xxxANC_LPFShift:leave
01-28 20:58:49.242   543   543 D anc_map : convert_anc_acdb_to_reg:leave
01-28 20:58:49.242   543   543 D ACDB-LOADER: ACDB -> ACDB_CMD_GET_ANC_SETTING
01-28 20:58:49.242   543   543 D anc_map : convert_anc_acdb_to_reg:enter, inut size  2
01-28 20:58:49.242   543   543 D anc_map : convert_anc_acdb_to_reg:enter, ancch  0, input device   0
01-28 20:58:49.242   543   543 D anc_map : convert_anc_acdb_to_reg:enter, ancch  1, input device   4
01-28 20:58:49.242   543   543 D anc_map : Setwcd9xxxANC_IIRCoeffs:enter
01-28 20:58:49.242   543   543 D anc_map : Setwcd9xxxANC_IIRCoeffs:leave
01-28 20:58:49.242   543   543 D anc_map : Setwcd9xxxANC_LPFShift:enter
01-28 20:58:49.242   543   543 D anc_map : Setwcd9xxxANC_LPFShift:leave
01-28 20:58:49.242   543   543 D anc_map : convert_anc_acdb_to_reg:leave
01-28 20:58:49.242   543   543 D ACDB-LOADER: ACDB -> ACDB_CMD_GET_ANC_SETTING
01-28 20:58:49.242   543   543 D anc_map : convert_anc_acdb_to_reg:enter, inut size  2
01-28 20:58:49.242   543   543 D anc_map : convert_anc_acdb_to_reg:enter, ancch  0, input device   0
01-28 20:58:49.242   543   543 D anc_map : convert_anc_acdb_to_reg:enter, ancch  1, input device   4
01-28 20:58:49.242   543   543 D anc_map : Setwcd9xxxANC_IIRCoeffs:enter
01-28 20:58:49.242   543   543 D anc_map : Setwcd9xxxANC_IIRCoeffs:leave
01-28 20:58:49.242   543   543 D anc_map : Setwcd9xxxANC_LPFShift:enter
01-28 20:58:49.242   543   543 D anc_map : Setwcd9xxxANC_LPFShift:leave
01-28 20:58:49.242   543   543 D anc_map : convert_anc_acdb_to_reg:leave
01-28 20:58:49.242   543   543 E msm8916_platform: Failed to call ioctl  for anc_cal err=14 calib.size=4480
01-28 20:58:49.242   543   543 D msm8916_platform: send_codec_cal cal sent for anc_cal calib.size=4480
01-28 20:58:49.242   543   543 D ACDB-LOADER: send mbhc data
01-28 20:58:49.242   543   543 D ACDB-LOADER: ACDB -> MBHC ACDB_PID_GENERAL_CONFIG
01-28 20:58:49.243   543   543 D ACDB-LOADER: ACDB -> MBHC ACDB_PID_PLUG_REMOVAL_DETECTION
01-28 20:58:49.243   543   543 D ACDB-LOADER: ACDB -> MBHC ACDB_PID_PLUG_TYPE_DETECTION
01-28 20:58:49.243   543   543 D ACDB-LOADER: ACDB -> MBHC ACDB_PID_BUTTON_PRESS_DETECTION
01-28 20:58:49.243   543   543 D ACDB-LOADER: ACDB -> MBHC ACDB_PID_IMPEDANCE_DETECTION
01-28 20:58:49.243   543   543 D msm8916_platform: send_codec_cal cal sent for mbhc_cal calib.size=154
01-28 20:58:49.243   543   543 D ACDB-LOADER: send vbat data
01-28 20:58:49.243   543   543 D ACDB-LOADER: ACDB -> VBAT ACDB_PID_ADC_CAL
01-28 20:58:49.243   543   543 D ACDB-LOADER: ACDB -> VBAT ACDB_PID_GAIN_PROC
01-28 20:58:49.243   543   543 D ACDB-LOADER: send vbat data, calling convert_vbat_data
01-28 20:58:49.243   543   543 D ACDB-LOADER: copied vbat cal size =72
01-28 20:58:49.243   543   543 E msm8916_platform: Failed to call ioctl  for vbat_cal err=14 calib.size=72
01-28 20:58:49.243   543   543 D msm8916_platform: send_codec_cal cal sent for vbat_cal calib.size=72
01-28 20:58:49.243   543   543 D msm8916_platform: Alac software decoder is available...removing alac from DSP decoder list
01-28 20:58:49.243   543   543 D msm8916_platform: APE software decoder is available...removing ape from DSP decoder list
01-28 20:58:49.245   543   543 D msm8916_platform: platform_set_audio_device_interface: Enter, device name:AUDIO_DEVICE_IN_BUILTIN_MIC, intf name:SLIMBUS_0, codec_type:external
01-28 20:58:49.245   543   543 E msm8916_platform: Invalid codec_type specified. Ignoring this interface entry.
01-28 20:58:49.245   543   543 D msm8916_platform: platform_set_audio_device_interface: Enter, device name:AUDIO_DEVICE_IN_BACK_MIC, intf name:SLIMBUS_0, codec_type:external
01-28 20:58:49.245   543   543 E msm8916_platform: Invalid codec_type specified. Ignoring this interface entry.
01-28 20:58:49.245   543   543 D msm8916_platform: platform_set_audio_device_interface: Enter, device name:AUDIO_DEVICE_IN_BUILTIN_MIC, intf name:TERT_MI2S, codec_type:internal
01-28 20:58:49.245   543   543 D msm8916_platform: platform_set_audio_device_interface: Matched device name:AUDIO_DEVICE_IN_BUILTIN_MIC, overwrite intf name with TERT_MI2S
01-28 20:58:49.245   543   543 D msm8916_platform: platform_set_audio_device_interface: Enter, device name:AUDIO_DEVICE_IN_BACK_MIC, intf name:TERT_MI2S, codec_type:internal
01-28 20:58:49.245   543   543 D msm8916_platform: platform_set_audio_device_interface: Matched device name:AUDIO_DEVICE_IN_BACK_MIC, overwrite intf name with TERT_MI2S
01-28 20:58:49.246   543   543 D msm8916_platform: platform_init: Fluence_Type(1) max_mic_count(2) mic_type(0x3) fluence_in_voice_call(1) fluence_in_voice_rec(1) fluence_in_spkr_mode(1) 
01-28 20:58:49.246   543   543 D audio_hw_ssr: audio_extn_ssr_update_enabled: surround sound recording is not supported
01-28 20:58:49.246   543   543 D audio_hw_spkr_prot: audio_extn_spkr_prot_init: Initialize speaker protection module
01-28 20:58:49.246   543   543 D audio_hw_spkr_prot: audio_extn_spkr_prot_init: Speaker protection disabled
01-28 20:58:49.248   543   543 E DAP_HAL : dap_hal_set_hw_info: dmid=0
01-28 20:58:49.248   543   543 E DAP_HAL :  key 00x
03-06 07:45:58.136     0     0 E wcdcal_hwdep_ioctl_shared: codec didn't set this 0!!
03-06 07:45:58.136     0     0 E wcdcal_hwdep_ioctl_shared: codec didn't set this 3!!
01-28 20:58:49.254   543   543 I soundtrigger: audio_extn_sound_trigger_init: Enter
01-28 20:58:49.258   543   543 I soundtrigger: audio_extn_sound_trigger_init: DLOPEN successful for /system/vendor/lib/hw/sound_trigger.primary.msm8953.so
01-28 20:58:49.261   543   543 D audio_hw_dolby: audio_extn_ds2_enable:ds2_enabled 1
01-28 20:58:49.266   543   543 E audio_hw_extn: audio_extn_perf_lock_init: Perf lock handles Success 
01-28 20:58:49.266   543   543 I AudioFlinger: loadHwModule() Loaded primary audio interface from QCOM Audio HAL (audio) handle 10
01-28 20:58:49.266   543   543 I AudioFlinger: openOutput(), module 10 Device 2, SamplingRate 48000, Format 0x000001, Channels 3, flags 6
01-28 20:58:49.266   543   543 D audio_hw_primary: adev_open_output_stream: enter: format(0x1) sample_rate(48000) channel_mask(0x3) devices(0x2) flags(0x6)        stream_handle(0xf1f7f800)
01-28 20:58:49.266   543   543 D audio_hw_primary: adev_open_output_stream: Stream (0xf1f7f800) picks up usecase (low-latency-playback)
01-28 20:58:49.266   543   543 I AudioFlinger: HAL output buffer size 192 frames, normal sink buffer size 960 frames
01-28 20:58:49.281   543   777 D aud_dev_arbi: runSocketThread: entered
01-28 20:58:49.299   543   543 W EffectsFactory: loadLibrary() failed to open /system/lib/soundfx/libbassboostMz.so
01-28 20:58:49.299   543   543 W EffectsFactory: loadLibrary() failed to open /system/lib/soundfx/libequalizerMz.so
01-28 20:58:49.299   543   543 W EffectsFactory: loadLibrary() failed to open /system/lib/soundfx/libvirtualizerMz.so
01-28 20:58:49.299   543   543 W EffectsFactory: loadLibrary() failed to open /system/lib/soundfx/liblivemusicMz.so
01-28 20:58:49.299   543   543 W EffectsFactory: loadEffect() could not get library bassboostMz
01-28 20:58:49.299   543   543 W EffectsFactory: loadEffect() could not get library equalizerMz
01-28 20:58:49.299   543   543 W EffectsFactory: loadEffect() could not get library virtualizerMz
01-28 20:58:49.299   543   543 W EffectsFactory: loadEffect() could not get library livemusicMz
01-28 20:58:49.300   543   543 W EffectsFactory: Error querying effect 7d1580bd-297f-4683-9239-e475b6d1d69f on lib offload_bundle
01-28 20:58:49.300   543   543 I BufferProvider: found effect "Multichannel Downmix To Stereo" from The Android Open Source Project
01-28 20:58:49.300   543   543 I AudioFlinger: Using module 10 has the primary audio interface
01-28 20:58:49.321   543   780 I AudioFlinger: AudioFlinger's thread 0xf1403180 ready to run
