03-06 07:45:53.522     0     0 E msm8953-pinctrl 1000000.pinctrl: invalid group "gpio86" for function "pri_mi2s"
03-06 07:45:53.522     0     0 E msm8953-pinctrl 1000000.pinctrl: invalid group "gpio86" for function "pri_mi2s"
03-06 07:45:53.522     0     0 E msm8953-pinctrl 1000000.pinctrl: invalid group "gpio86" for function "pri_mi2s"
03-06 07:45:53.523     0     0 E msm8953-pinctrl 1000000.pinctrl: invalid group "gpio86" for function "pri_mi2s"
03-06 07:45:53.523     0     0 E msm8953-pinctrl 1000000.pinctrl: invalid group "gpio86" for function "pri_mi2s"
03-06 07:45:53.523     0     0 E msm8953-pinctrl 1000000.pinctrl: invalid group "gpio86" for function "pri_mi2s"
03-06 07:45:53.523     0     0 E msm8953-pinctrl 1000000.pinctrl: invalid group "gpio86" for function "pri_mi2s"
03-06 07:45:53.523     0     0 E msm8953-pinctrl 1000000.pinctrl: invalid group "gpio86" for function "pri_mi2s"
03-06 07:45:53.523     0     0 E msm8953-pinctrl 1000000.pinctrl: invalid group "gpio86" for function "pri_mi2s"
03-06 07:45:53.524     0     0 E msm8953-pinctrl 1000000.pinctrl: invalid group "gpio86" for function "pri_mi2s"
03-06 07:45:53.524     0     0 E msm8953-pinctrl 1000000.pinctrl: invalid group "gpio86" for function "pri_mi2s"
03-06 07:45:53.524     0     0 E msm8953-pinctrl 1000000.pinctrl: invalid group "gpio86" for function "pri_mi2s"
03-06 07:45:53.524     0     0 E msm8953-pinctrl 1000000.pinctrl: invalid group "gpio86" for function "pri_mi2s"
03-06 07:45:53.524     0     0 E msm8953-pinctrl 1000000.pinctrl: invalid group "gpio86" for function "pri_mi2s"
03-06 07:45:53.528     0     0 E msm8953-pinctrl 1000000.pinctrl: invalid group "gpio86" for function "pri_mi2s"
03-06 07:45:53.528     0     0 E msm8953-pinctrl 1000000.pinctrl: invalid group "gpio86" for function "pri_mi2s"
03-06 07:45:53.528     0     0 E msm8953-pinctrl 1000000.pinctrl: invalid group "gpio86" for function "pri_mi2s"
03-06 07:45:53.529     0     0 E msm8953-pinctrl 1000000.pinctrl: invalid group "gpio86" for function "pri_mi2s"
03-06 07:45:53.529     0     0 E msm8953-pinctrl 1000000.pinctrl: invalid group "gpio86" for function "pri_mi2s"
03-06 07:45:53.529     0     0 E msm8953-pinctrl 1000000.pinctrl: invalid group "gpio86" for function "pri_mi2s"
03-06 07:45:53.529     0     0 E msm8953-pinctrl 1000000.pinctrl: invalid group "gpio86" for function "pri_mi2s"
03-06 07:45:53.529     0     0 E msm8953-pinctrl 1000000.pinctrl: invalid group "gpio86" for function "pri_mi2s"
03-06 07:45:53.530     0     0 E msm8953-pinctrl 1000000.pinctrl: invalid group "gpio86" for function "pri_mi2s"
03-06 07:45:53.530     0     0 E msm8953-pinctrl 1000000.pinctrl: invalid group "gpio86" for function "pri_mi2s"
03-06 07:45:53.530     0     0 E msm8953-pinctrl 1000000.pinctrl: invalid group "gpio86" for function "pri_mi2s"
03-06 07:45:53.530     0     0 E msm8953-pinctrl 1000000.pinctrl: invalid group "gpio86" for function "pri_mi2s"
03-06 07:45:53.530     0     0 E msm8953-pinctrl 1000000.pinctrl: invalid group "gpio86" for function "pri_mi2s"
03-06 07:45:53.531     0     0 E msm8953-pinctrl 1000000.pinctrl: invalid group "gpio86" for function "pri_mi2s"
03-06 07:45:53.531     0     0 E msm8953-pinctrl 1000000.pinctrl: invalid group "gpio86" for function "pri_mi2s"
03-06 07:45:53.531     0     0 E msm8953-pinctrl 1000000.pinctrl: invalid group "gpio86" for function "pri_mi2s"
03-06 07:45:53.531     0     0 I msm8952-asoc-wcd c051000.sound: default codec configured
03-06 07:45:53.535     0     0 E msm8952-asoc-wcd c051000.sound: ASoC: platform (null) not registered
03-06 07:45:53.535     0     0 E msm8952-asoc-wcd c051000.sound: snd_soc_register_card failed (-517)
03-06 07:45:53.536     0     0 I vdd_vreg: disabling
03-06 07:45:53.536     0     0 I adv_vreg: disabling
03-06 07:45:53.536     0     0 I gfx_mem_acc_corner: disabling
03-06 07:45:53.536     0     0 I apc_mem_acc_corner: disabling
03-06 07:45:53.536     0     0 I clock_late_init: Removing enables held for handed-off clocks
03-06 07:45:53.540     0     0 I         : ALSA device list:
03-06 07:45:53.540     0     0 I         : No soundcards found.
03-06 07:45:53.540     0     0 E         : Warning: unable to open an initial console.
03-06 07:45:53.540     0     0 I         : Freeing unused kernel memory: 928K (ffffffc0015d3000 - ffffffc0016bb000)
03-06 07:45:53.540     0     0 I         : Freeing alternatives memory: 80K (ffffffc0016bb000 - ffffffc0016cf000)
03-06 07:45:53.590     0     0 I EXT4-fs (mmcblk0p55): 4 orphan inodes deleted
03-06 07:45:53.590     0     0 I EXT4-fs (mmcblk0p55): recovery complete
03-06 07:45:53.597     0     0 I EXT4-fs (mmcblk0p55): mounted filesystem with ordered data mode. Opts: (null)
03-06 07:45:53.639     0     0 I random  : init urandom read with 123 bits of entropy available
03-06 07:45:53.646     0     0 I init    : init first stage started!
03-06 07:45:53.651     0     0 D SELinux : 2048 avtab hash slots, 16481 rules.
03-06 07:45:53.661     0     0 D SELinux : 2048 avtab hash slots, 16481 rules.
03-06 07:45:53.661     0     0 D SELinux : 1 users, 2 roles, 1178 types, 0 bools, 1 sens, 1024 cats
03-06 07:45:53.661     0     0 D SELinux : 63 classes, 16481 rules
03-06 07:45:53.663     0     0 I SELinux : Class can_socket not defined in policy.
03-06 07:45:53.663     0     0 I SELinux : the above unknown classes and permissions will be denied
03-06 07:45:53.663     0     0 D SELinux : Completing initialization.
03-06 07:45:53.663     0     0 D SELinux : Setting up existing superblocks.
03-06 07:45:53.663     0     0 D SELinux : initialized (dev tmpfs, type tmpfs), uses transition SIDs
03-06 07:45:53.664     0     0 D SELinux : initialized (dev rootfs, type rootfs), uses genfs_contexts
03-06 07:45:53.664     0     0 D SELinux : initialized (dev bdev, type bdev), not configured for labeling
03-06 07:45:53.664     0     0 D SELinux : initialized (dev proc, type proc), uses genfs_contexts
03-06 07:45:53.664     0     0 D SELinux : initialized (dev debugfs, type debugfs), uses genfs_contexts
03-06 07:45:53.699     0     0 D SELinux : initialized (dev sockfs, type sockfs), uses task SIDs
03-06 07:45:53.699     0     0 D SELinux : initialized (dev pipefs, type pipefs), uses task SIDs
03-06 07:45:53.699     0     0 D SELinux : initialized (dev anon_inodefs, type anon_inodefs), not configured for labeling
03-06 07:45:53.699     0     0 D SELinux : initialized (dev aio, type aio), not configured for labeling
03-06 07:45:53.699     0     0 D SELinux : initialized (dev devpts, type devpts), uses transition SIDs
03-06 07:45:53.699     0     0 D SELinux : initialized (dev configfs, type configfs), uses genfs_contexts
03-06 07:45:53.699     0     0 D SELinux : initialized (dev selinuxfs, type selinuxfs), uses genfs_contexts
03-06 07:45:53.699     0     0 D SELinux : initialized (dev tmpfs, type tmpfs), uses transition SIDs
03-06 07:45:53.699     0     0 D SELinux : initialized (dev sysfs, type sysfs), uses genfs_contexts
03-06 07:45:53.719   427   427 I auditd  : type=1403 audit(0.0:2): policy loaded auid=4294967295 ses=4294967295
03-06 07:45:53.719   427   427 I auditd  : type=1403 audit(0.0:2): policy loaded auid=4294967295 ses=4294967295
03-06 07:45:53.731     0     0 I init    : (Initializing SELinux non-enforcing took 0.09s.)
03-06 07:45:53.734     0     0 I init    : init second stage started!
03-06 07:45:53.740     0     0 E init    : property_set("ro.boot.bootreason", "normal_reset") failed
03-06 07:45:53.743     0     0 I init    : Running restorecon...
03-06 07:45:53.982     0     0 E init    : waitpid failed: No child processes
03-06 07:45:53.982     0     0 I init    : (Loading properties from /default.prop took 0.00s.)
03-06 07:45:53.984     0     0 I init    : (Parsing /init.environ.rc took 0.00s.)
03-06 07:45:53.984     0     0 I init    : (Parsing /init.usb.rc took 0.00s.)
03-06 07:45:53.990     0     0 I init    : (Parsing init.qcom.usb.rc took 0.00s.)
03-06 07:45:53.990     0     0 E init    : init.target.rc: 171: invalid keyword 'load_all_props'
03-06 07:45:53.990     0     0 I init    : (Parsing init.target.rc took 0.00s.)
03-06 07:45:53.990     0     0 I init    : (Parsing init.fingerprint.rc took 0.00s.)
03-06 07:45:53.990     0     0 I init    : (Parsing init.camera.rc took 0.00s.)
03-06 07:45:53.990     0     0 I init    : (Parsing /init.qcom.rc took 0.01s.)
03-06 07:45:53.991     0     0 I init    : (Parsing /init.usb.configfs.rc took 0.00s.)
03-06 07:45:53.991     0     0 I init    : (Parsing /init.zygote64_32.rc took 0.00s.)
03-06 07:45:53.992     0     0 I init    : (Parsing /init.cm.rc took 0.00s.)
03-06 07:45:53.992     0     0 I init    : (Parsing /init.rc took 0.01s.)
03-06 07:45:53.992     0     0 I init    : Starting service 'ueventd'...
03-06 07:45:53.994     0     0 I init    : Waiting for /dev/.coldboot_done...
03-06 07:45:53.995     0     0 I ueventd : ueventd started!
03-06 07:45:54.490     0     0 I ueventd : Coldboot took 0.49s.
03-06 07:45:54.497     0     0 I init    : Waiting for /dev/.coldboot_done took 0.50s.
03-06 07:45:54.498     0     0 I keychord: using input dev qpnp_pon for fevent
03-06 07:45:54.498     0     0 I keychord: using input dev gf-keys for fevent
03-06 07:45:54.498     0     0 I keychord: using input dev gpio-keys for fevent
03-06 07:45:54.498     0     0 E init    : console init failed. Open on Console device  failed(No such device)
03-06 07:45:54.499     0     0 D SELinux : initialized (dev cgroup, type cgroup), uses genfs_contexts
03-06 07:45:54.500     0     0 D SELinux : initialized (dev tmpfs, type tmpfs), uses transition SIDs
03-06 07:45:54.503     0     0 D SELinux : initialized (dev cgroup, type cgroup), uses genfs_contexts
03-06 07:45:54.503     0     0 I init    : write_file: Unable to open '/proc/sys/kernel/hung_task_timeout_secs': No such file or directory
03-06 07:45:54.503     0     0 I init    : write_file: Unable to open '/proc/cpu/alignment': No such file or directory
03-06 07:45:54.503     0     0 I init    : write_file: Unable to open '/proc/sys/kernel/sched_tunable_scaling': No such file or directory
03-06 07:45:54.503     0     0 I init    : write_file: Unable to open '/proc/sys/kernel/sched_latency_ns': No such file or directory
03-06 07:45:54.503     0     0 I init    : write_file: Unable to open '/proc/sys/kernel/sched_wakeup_granularity_ns': No such file or directory
03-06 07:45:54.505     0     0 D SELinux : initialized (dev cgroup, type cgroup), uses genfs_contexts
03-06 07:45:54.505     0     0 D SELinux : initialized (dev cgroup, type cgroup), uses genfs_contexts
03-06 07:45:54.508     0     0 D SELinux : initialized (dev pstore, type pstore), uses genfs_contexts
03-06 07:45:54.508     0     0 I         : Registered swp emulation handler
03-06 07:45:54.509     0     0 I init    : write_file: Unable to open '/sys/fs/cgroup/memory/bg/memory.swappiness': No such file or directory
03-06 07:45:54.509     0     0 I init    : write_file: Unable to open '/sys/fs/cgroup/memory/bg/memory.move_charge_at_immigrate': No such file or directory
03-06 07:45:54.514     0     0 I random  : nonblocking pool is initialized
03-06 07:45:54.519     0     0 I EXT4-fs (mmcblk0p54): mounted filesystem with ordered data mode. Opts: (null)
03-06 07:45:54.519     0     0 D SELinux : initialized (dev mmcblk0p54, type ext4), uses xattr
03-06 07:45:54.519     0     0 I fs_mgr  : __mount(source=/dev/block/bootdevice/by-name/system,target=/system,type=ext4)=0
03-06 07:45:54.527     0     0 I F2FS-fs (mmcblk0p55): Magic Mismatch, valid(0xf2f52010) - read(0x8c000)
03-06 07:45:54.527     0     0 E F2FS-fs (mmcblk0p55): Can't find valid F2FS filesystem in 1th superblock
03-06 07:45:54.528     0     0 I F2FS-fs (mmcblk0p55): Magic Mismatch, valid(0xf2f52010) - read(0x100000)
03-06 07:45:54.528     0     0 E F2FS-fs (mmcblk0p55): Can't find valid F2FS filesystem in 2th superblock
03-06 07:45:54.528     0     0 I F2FS-fs (mmcblk0p55): Magic Mismatch, valid(0xf2f52010) - read(0x8c000)
03-06 07:45:54.528     0     0 E F2FS-fs (mmcblk0p55): Can't find valid F2FS filesystem in 1th superblock
03-06 07:45:54.528     0     0 I F2FS-fs (mmcblk0p55): Magic Mismatch, valid(0xf2f52010) - read(0x100000)
03-06 07:45:54.528     0     0 E F2FS-fs (mmcblk0p55): Can't find valid F2FS filesystem in 2th superblock
03-06 07:45:54.528     0     0 I fs_mgr  : __mount(source=/dev/block/bootdevice/by-name/userdata,target=/data,type=f2fs)=-1
03-06 07:45:54.534     0     0 W EXT4-fs (mmcblk0p55): Ignoring removed nomblk_io_submit option
03-06 07:45:54.538     0     0 I EXT4-fs (mmcblk0p55): mounted filesystem with ordered data mode. Opts: errors=remount-ro,nomblk_io_submit
03-06 07:45:54.538     0     0 D SELinux : initialized (dev mmcblk0p55, type ext4), uses xattr
03-06 07:45:54.538     0     0 I fs_mgr  : check_fs(): mount(/dev/block/bootdevice/by-name/userdata,/data,ext4)=0: Success
03-06 07:45:54.540     0     0 I fs_mgr  : check_fs(): unmount(/data) succeeded
03-06 07:45:54.540     0     0 I fs_mgr  : Running /system/bin/e2fsck on /dev/block/bootdevice/by-name/userdata
03-06 07:45:55.496     0     0 I e2fsck  : e2fsck 1.42.9 (28-Dec-2013)
03-06 07:45:55.496     0     0 I e2fsck  : Pass 1: Checking inodes, blocks, and sizes
03-06 07:45:55.496     0     0 I e2fsck  : Pass 2: Checking directory structure
03-06 07:45:55.496     0     0 I e2fsck  : Pass 3: Checking directory connectivity
03-06 07:45:55.496     0     0 I e2fsck  : Pass 4: Checking reference counts
03-06 07:45:55.496     0     0 I e2fsck  : Pass 5: Checking group summary information
03-06 07:45:55.496     0     0 I e2fsck  : /dev/block/bootdevice/by-name/userdata: 15767/573440 files (4.4% non-contiguous), 1102606/2293239 blocks
03-06 07:45:55.499     0     0 I EXT4-fs (mmcblk0p55): mounted filesystem with ordered data mode. Opts: noauto_da_alloc
03-06 07:45:55.499     0     0 D SELinux : initialized (dev mmcblk0p55, type ext4), uses xattr
03-06 07:45:55.499     0     0 I fs_mgr  : __mount(source=/dev/block/bootdevice/by-name/userdata,target=/data,type=ext4)=0
03-06 07:45:55.499     0     0 E fs_mgr  : mount_with_alternatives(): Mounted /dev/block/bootdevice/by-name/userdata on /data with fs_type=ext4 instead of f2fs
03-06 07:45:55.504     0     0 I F2FS-fs (mmcblk0p24): Magic Mismatch, valid(0xf2f52010) - read(0x4000)
03-06 07:45:55.504     0     0 E F2FS-fs (mmcblk0p24): Can't find valid F2FS filesystem in 1th superblock
03-06 07:45:55.504     0     0 I F2FS-fs (mmcblk0p24): Magic Mismatch, valid(0xf2f52010) - read(0x0)
03-06 07:45:55.504     0     0 E F2FS-fs (mmcblk0p24): Can't find valid F2FS filesystem in 2th superblock
03-06 07:45:55.504     0     0 I F2FS-fs (mmcblk0p24): Magic Mismatch, valid(0xf2f52010) - read(0x4000)
03-06 07:45:55.504     0     0 E F2FS-fs (mmcblk0p24): Can't find valid F2FS filesystem in 1th superblock
03-06 07:45:55.504     0     0 I F2FS-fs (mmcblk0p24): Magic Mismatch, valid(0xf2f52010) - read(0x0)
03-06 07:45:55.504     0     0 E F2FS-fs (mmcblk0p24): Can't find valid F2FS filesystem in 2th superblock
03-06 07:45:55.505     0     0 I fs_mgr  : __mount(source=/dev/block/bootdevice/by-name/cache,target=/cache,type=f2fs)=-1
03-06 07:45:55.507     0     0 W EXT4-fs (mmcblk0p24): Ignoring removed nomblk_io_submit option
03-06 07:45:55.508     0     0 I EXT4-fs (mmcblk0p24): mounted filesystem with ordered data mode. Opts: errors=remount-ro,nomblk_io_submit
03-06 07:45:55.508     0     0 D SELinux : initialized (dev mmcblk0p24, type ext4), uses xattr
03-06 07:45:55.508     0     0 I fs_mgr  : check_fs(): mount(/dev/block/bootdevice/by-name/cache,/cache,ext4)=0: Success
03-06 07:45:55.509     0     0 I fs_mgr  : check_fs(): unmount(/cache) succeeded
03-06 07:45:55.509     0     0 I fs_mgr  : Running /system/bin/e2fsck on /dev/block/bootdevice/by-name/cache
03-06 07:45:55.534     0     0 I e2fsck  : e2fsck 1.42.9 (28-Dec-2013)
03-06 07:45:55.534     0     0 I e2fsck  : Pass 1: Checking inodes, blocks, and sizes
03-06 07:45:55.534     0     0 I e2fsck  : Pass 2: Checking directory structure
03-06 07:45:55.534     0     0 I e2fsck  : Pass 3: Checking directory connectivity
03-06 07:45:55.534     0     0 I e2fsck  : Pass 4: Checking reference counts
03-06 07:45:55.534     0     0 I e2fsck  : Pass 5: Checking group summary information
03-06 07:45:55.534     0     0 I e2fsck  : /dev/block/bootdevice/by-name/cache: 20/16384 files (0.0% non-contiguous), 2104/65536 blocks
03-06 07:45:55.536     0     0 I EXT4-fs (mmcblk0p24): mounted filesystem with ordered data mode. Opts: (null)
03-06 07:45:55.536     0     0 D SELinux : initialized (dev mmcblk0p24, type ext4), uses xattr
03-06 07:45:55.536     0     0 I fs_mgr  : __mount(source=/dev/block/bootdevice/by-name/cache,target=/cache,type=ext4)=0
03-06 07:45:55.536     0     0 E fs_mgr  : mount_with_alternatives(): Mounted /dev/block/bootdevice/by-name/cache on /cache with fs_type=ext4 instead of f2fs
03-06 07:45:55.539     0     0 W EXT4-fs (mmcblk0p25): Ignoring removed nomblk_io_submit option
03-06 07:45:55.541     0     0 I EXT4-fs (mmcblk0p25): mounted filesystem with ordered data mode. Opts: errors=remount-ro,nomblk_io_submit
03-06 07:45:55.541     0     0 D SELinux : initialized (dev mmcblk0p25, type ext4), uses xattr
03-06 07:45:55.541     0     0 I fs_mgr  : check_fs(): mount(/dev/block/bootdevice/by-name/persist,/persist,ext4)=0: Success
03-06 07:45:55.542     0     0 I fs_mgr  : check_fs(): unmount(/persist) succeeded
03-06 07:45:55.542     0     0 I fs_mgr  : Running /system/bin/e2fsck on /dev/block/bootdevice/by-name/persist
03-06 07:45:55.564     0     0 I e2fsck  : e2fsck 1.42.9 (28-Dec-2013)
03-06 07:45:55.564     0     0 I e2fsck  : Pass 1: Checking inodes, blocks, and sizes
03-06 07:45:55.564     0     0 I e2fsck  : Pass 2: Checking directory structure
03-06 07:45:55.564     0     0 I e2fsck  : Pass 3: Checking directory connectivity
03-06 07:45:55.564     0     0 I e2fsck  : Pass 4: Checking reference counts
03-06 07:45:55.564     0     0 I e2fsck  : Pass 5: Checking group summary information
03-06 07:45:55.564     0     0 I e2fsck  : /dev/block/bootdevice/by-name/persist: 103/2048 files (7.8% non-contiguous), 1453/8192 blocks
03-06 07:45:55.566     0     0 I EXT4-fs (mmcblk0p25): mounted filesystem with ordered data mode. Opts: (null)
03-06 07:45:55.566     0     0 D SELinux : initialized (dev mmcblk0p25, type ext4), uses xattr
03-06 07:45:55.567     0     0 I fs_mgr  : __mount(source=/dev/block/bootdevice/by-name/persist,target=/persist,type=ext4)=0
03-06 07:45:55.569     0     0 I EXT4-fs (mmcblk0p12): mounted filesystem with ordered data mode. Opts: (null)
03-06 07:45:55.569     0     0 D SELinux : initialized (dev mmcblk0p12, type ext4), uses xattr
03-06 07:45:55.569     0     0 I fs_mgr  : __mount(source=/dev/block/bootdevice/by-name/dsp,target=/dsp,type=ext4)=0
03-06 07:45:55.574     0     0 D SELinux : initialized (dev mmcblk0p1, type vfat), uses mountpoint labeling
03-06 07:45:55.574     0     0 I fs_mgr  : __mount(source=/dev/block/bootdevice/by-name/modem,target=/firmware,type=vfat)=0
03-06 07:45:55.578     0     0 I init    : (Parsing /system/etc/init/atrace.rc took 0.00s.)
03-06 07:45:55.578     0     0 I init    : (Parsing /system/etc/init/audioserver.rc took 0.00s.)
03-06 07:45:55.578     0     0 I init    : (Parsing /system/etc/init/bootanim.rc took 0.00s.)
03-06 07:45:55.579     0     0 I init    : (Parsing /system/etc/init/bootstat.rc took 0.00s.)
03-06 07:45:55.579     0     0 I init    : (Parsing /system/etc/init/cameraserver.rc took 0.00s.)
03-06 07:45:55.579     0     0 I init    : (Parsing /system/etc/init/debuggerd.rc took 0.00s.)
03-06 07:45:55.579     0     0 I init    : (Parsing /system/etc/init/debuggerd64.rc took 0.00s.)
03-06 07:45:55.580     0     0 I init    : (Parsing /system/etc/init/drmserver.rc took 0.00s.)
03-06 07:45:55.580     0     0 I init    : (Parsing /system/etc/init/dumpstate.rc took 0.00s.)
03-06 07:45:55.580     0     0 I init    : (Parsing /system/etc/init/gatekeeperd.rc took 0.00s.)
03-06 07:45:55.580     0     0 I init    : (Parsing /system/etc/init/init-debug.rc took 0.00s.)
03-06 07:45:55.581     0     0 I init    : (Parsing /system/etc/init/installd.rc took 0.00s.)
03-06 07:45:55.581     0     0 I init    : (Parsing /system/etc/init/keystore.rc took 0.00s.)
03-06 07:45:55.581     0     0 I init    : (Parsing /system/etc/init/lmkd.rc took 0.00s.)
03-06 07:45:55.581     0     0 I init    : (Parsing /system/etc/init/logcatd.rc took 0.00s.)
03-06 07:45:55.582     0     0 I init    : (Parsing /system/etc/init/logd.rc took 0.00s.)
03-06 07:45:55.582     0     0 I init    : (Parsing /system/etc/init/mdnsd.rc took 0.00s.)
03-06 07:45:55.582     0     0 I init    : (Parsing /system/etc/init/mediacodec.rc took 0.00s.)
03-06 07:45:55.582     0     0 I init    : (Parsing /system/etc/init/mediadrmserver.rc took 0.00s.)
03-06 07:45:55.583     0     0 I init    : (Parsing /system/etc/init/mediaextractor.rc took 0.00s.)
03-06 07:45:55.583     0     0 I init    : (Parsing /system/etc/init/mediaserver.rc took 0.00s.)
03-06 07:45:55.583     0     0 I init    : (Parsing /system/etc/init/mtpd.rc took 0.00s.)
03-06 07:45:55.583     0     0 I init    : (Parsing /system/etc/init/netd.rc took 0.00s.)
03-06 07:45:55.583     0     0 I init    : (Parsing /system/etc/init/perfprofd.rc took 0.00s.)
03-06 07:45:55.584     0     0 I init    : (Parsing /system/etc/init/racoon.rc took 0.00s.)
03-06 07:45:55.584     0     0 I init    : (Parsing /system/etc/init/rild.rc took 0.00s.)
03-06 07:45:55.584     0     0 I init    : (Parsing /system/etc/init/servicemanager.rc took 0.00s.)
03-06 07:45:55.585     0     0 I init    : (Parsing /system/etc/init/surfaceflinger.rc took 0.00s.)
03-06 07:45:55.585     0     0 I init    : (Parsing /system/etc/init/uncrypt.rc took 0.00s.)
03-06 07:45:55.585     0     0 I init    : (Parsing /system/etc/init/vdc.rc took 0.00s.)
03-06 07:45:55.586     0     0 I init    : (Parsing /system/etc/init/vold.rc took 0.00s.)
03-06 07:45:55.586     0     0 E EXT4-fs (mmcblk0p29): VFS: Can't find ext4 filesystem
03-06 07:45:55.589     0     0 I init    : (Loading properties from /system/build.prop took 0.00s.)
03-06 07:45:55.589     0     0 I init    : (Loading properties from /vendor/build.prop took 0.00s.)
03-06 07:45:55.589     0     0 I init    : (Loading properties from /factory/factory.prop took 0.00s.)
03-06 07:45:55.591     0     0 I init    : Starting service 'logd'...
03-06 07:45:55.614     0     0 I logd.auditd: start
03-06 07:45:55.714     0     0 I of_batterydata_get_best_profile: jiade_ca436580g_4000mah found
03-06 07:45:55.721     0     0 I FG      : fg_batt_profile_init: Battery SOC: 26, V: 3775002uV
03-06 07:45:55.721     0     0 I of_batterydata_get_best_profile: jiade_ca436580g_4000mah found
03-06 07:45:56.159     0     0 I init    : Starting service 'debuggerd'...
03-06 07:45:56.159     0     0 I init    : Starting service 'debuggerd64'...
03-06 07:45:56.161     0     0 I init    : Starting service 'vold'...
03-06 07:45:56.186     0     0 I init    : Not bootcharting.
03-06 07:45:56.306   436   436 I         : debuggerd: starting
03-06 07:45:56.326   435   435 I         : debuggerd: starting
--------- beginning of system
03-06 07:45:56.333   437   437 I vold    : Vold 3.0 (the awakening) firing up
03-06 07:45:56.334   437   437 V vold    : Detected support for: exfat ext4 f2fs ntfs vfat
03-06 07:45:56.352   437   441 V vold    : /system/bin/sgdisk
03-06 07:45:56.352   437   441 V vold    :     --android-dump
03-06 07:45:56.352   437   441 V vold    :     /dev/block/vold/disk:179_64
03-06 07:45:56.352   437   443 D vold    : e4crypt_init_user0
03-06 07:45:56.352   437   443 D vold    : e4crypt_prepare_user_storage for volume null, user 0, serial 0, flags 1
03-06 07:45:56.352   437   443 D vold    : Preparing: /data/system/users/0
03-06 07:45:56.353   437   443 D vold    : Preparing: /data/misc/profiles/cur/0
03-06 07:45:56.353   437   443 D vold    : Preparing: /data/misc/profiles/cur/0/foreign-dex
03-06 07:45:56.353   437   443 D vold    : Preparing: /data/system_de/0
03-06 07:45:56.354   437   443 D vold    : Preparing: /data/misc_de/0
03-06 07:45:56.354   437   443 D vold    : Preparing: /data/user_de/0
03-06 07:45:56.355   437   443 D vold    : e4crypt_unlock_user_key 0 serial=0 token_present=0
03-06 07:45:56.357     1     1 I vdc     : 200 438 Command succeeded
03-06 07:45:56.363     0     0 I init    : Starting service 'exec 1 (/system/bin/tzdatacheck)'...
03-06 07:45:56.373   445   445 I /system/bin/tzdatacheck: tzdata file /data/misc/zoneinfo/current/tzdata does not exist. No action required.
03-06 07:45:56.374     0     0 I init    : Service 'exec 1 (/system/bin/tzdatacheck)' (pid 445) exited with status 0
03-06 07:45:56.374     0     0 I init    : Starting service 'Z5QuvbSa'...
03-06 07:45:56.376     0     0 D SELinux : initialized (dev tmpfs, type tmpfs), uses transition SIDs
03-06 07:45:56.414   448   448 I Magisk  : Magisk 21.4(21400) daemon started
03-06 07:45:56.414   448   448 I Magisk  : * Device API level: 25
03-06 07:45:56.428   448   449 I Magisk  : ** post-fs-data mode running
03-06 07:45:56.430   448   449 I Magisk  : * Mounting mirrors
03-06 07:45:56.430   448   449 I Magisk  : mount: /sbin/.magisk/mirror/system
03-06 07:45:56.431   448   449 I Magisk  : mount: /sbin/.magisk/mirror/data
03-06 07:45:56.431   448   449 I Magisk  : link: /sbin/.magisk/mirror/cache
03-06 07:45:56.431   448   449 I Magisk  : link: /sbin/.magisk/mirror/persist
03-06 07:45:56.431   448   449 I Magisk  : link: /sbin/.magisk/mirror/vendor
03-06 07:45:56.432   448   449 I Magisk  : * Initializing Magisk environment
03-06 07:45:56.568   437   441 V vold    : DISK gpt 7C2052C5-CDCA-48CE-A95B-B58D4A714918
03-06 07:45:56.568   437   441 V vold    : 
03-06 07:45:56.568   437   441 V vold    : PART 1 19A710A2-B3CA-11E4-B026-10604B889DCF 805539B9-CDDC-44D2-8B43-FF5E55305359 android_meta
03-06 07:45:56.568   437   441 V vold    : 
03-06 07:45:56.568   437   441 V vold    : PART 2 193D1EA4-B3CA-11E4-B075-10604B889DCF 8341AD5F-DFA0-8D43-53AF-34117BD6ABEC android_expand
03-06 07:45:56.568   437   441 V vold    : 
03-06 07:45:56.570   437   441 D vold    : Found key for GUID 8341ad5fdfa08d4353af34117bd6abec
03-06 07:45:56.571   437   441 E Cryptfs : Cannot remove dm-crypt device
03-06 07:45:56.571   437   441 I Cryptfs : Enabling support for allow_discards in dmcrypt.
03-06 07:45:56.571   437   441 I Cryptfs : target_type = crypt
03-06 07:45:56.571   437   441 I Cryptfs : real_blk_name = /dev/block/vold/private:179_66, extra_params = 1 allow_discards
03-06 07:45:56.573   437   441 D vold    : Disk at 253:0 changed
03-06 07:45:56.894   448   449 I Magisk  : * Running post-fs-data.d scripts
03-06 07:45:56.901   448   449 I Magisk  : * Running module post-fs-data scripts
03-06 07:45:56.901   448   449 I Magisk  : * Loading modules
03-06 07:45:56.910     0     0 I init    : Service 'Z5QuvbSa' (pid 446) exited with status 0
03-06 07:45:56.910     0     0 I init    : Untracked pid 451 exited with status 0
03-06 07:45:56.910     0     0 I init    : Untracked pid 461 killed by signal 9
03-06 07:45:56.935     0     0 I init    : Starting service 'perfd'...
03-06 07:45:56.952     0     0 I init    : write_file: Unable to open '/sys/block/dm-1/queue/read_ahead_kb': No such file or directory
03-06 07:45:56.959   462   462 E ANDR-PERF-MPCTL: Checking boot complete
03-06 07:45:56.960     0     0 I init    : Starting service 'sysinit'...
03-06 07:45:56.961     0     0 I init    : (Loading properties from /data/local.prop took 0.00s.)
03-06 07:45:56.988   464   464 I sysinit : Running /system/etc/init.d/00banner 
03-06 07:45:57.009   466   466 I cm      : _ _                                        
03-06 07:45:57.021   467   467 I cm      : | (_)_ __   ___  __ _  __ _  ___  ___  ___  
03-06 07:45:57.034   468   468 I cm      : | | | '_ \ / _ \/ _` |/ _` |/ _ \/ _ \/ __| 
03-06 07:45:57.046   469   469 I cm      : | | | | | |  __/ (_| | (_| |  __/ (_) \__ \ 
03-06 07:45:57.058   470   470 I cm      : |_|_|_| |_|\___|\__,_|\__, |\___|\___/|___/ 
03-06 07:45:57.071   471   471 I cm      :                       |___/ 
03-06 07:45:57.077     0     0 I subsys-pil-tz c200000.qcom,lpass: adsp: loading from 0x000000008d600000 to 0x000000008e700000
03-06 07:45:57.085     0     0 I logd.daemon: reinit
03-06 07:45:57.109   479   479 I cm      : Welcome to Android 7.1.2 / LineageOS-14.1-20210126-UNOFFICIAL-m1721 
03-06 07:45:57.123   480   480 I sysinit : Running /system/etc/init.d/90userinit 
03-06 07:45:57.273     0     0 I subsys-pil-tz c200000.qcom,lpass: adsp: Brought out of reset
03-06 07:45:57.310     0     0 I subsys-pil-tz c200000.qcom,lpass: adsp: Power/Clock ready interrupt received
03-06 07:45:57.310     0     0 I subsys-pil-tz c200000.qcom,lpass: Subsystem error monitoring/handling services are up
03-06 07:45:57.311     0     0 E L-Notify: Generel: 7
03-06 07:45:57.311     0     0 I init    : Service 'sysinit' (pid 463) exited with status 0
03-06 07:45:57.311     0     0 E diag    : In diag_send_feature_mask_update, control channel is not open, p: 1, 0000000000000000
03-06 07:45:57.311     0     0 I init    : Service 'logd-reinit' (pid 472) exited with status 0
03-06 07:45:57.311     0     0 E sensors-ssc soc: qcom,msm-ssc-sensors: slpi_loader_do: pil get failed,
03-06 07:45:57.311     0     0 E sensors-ssc soc: qcom,msm-ssc-sensors: slpi_loader_do: SLPI image loading failed
03-06 07:45:57.314     0     0 I init    : Starting service 'healthd'...
03-06 07:45:57.315     0     0 I init    : Starting service 'irsc_util'...
03-06 07:45:57.315     0     0 I init    : Starting service 'rmt_storage'...
03-06 07:45:57.316     0     0 I init    : Starting service 'tftp_server'...
03-06 07:45:57.317     0     0 I init    : Starting service 'config_bt_addr'...
03-06 07:45:57.317     0     0 I init    : Starting service 'config_bluetooth'...
03-06 07:45:57.318     0     0 I init    : Starting service 'sensors'...
03-06 07:45:57.319     0     0 E msm8953-pinctrl 1000000.pinctrl: invalid group "gpio86" for function "pri_mi2s"
03-06 07:45:57.319     0     0 E msm8953-pinctrl 1000000.pinctrl: invalid group "gpio86" for function "pri_mi2s"
03-06 07:45:57.319     0     0 I init    : Starting service 'qcom-usb-sh'...
03-06 07:45:57.319     0     0 E msm8953-pinctrl 1000000.pinctrl: invalid group "gpio86" for function "pri_mi2s"
03-06 07:45:57.319     0     0 E msm8953-pinctrl 1000000.pinctrl: invalid group "gpio86" for function "pri_mi2s"
03-06 07:45:57.319     0     0 E msm8953-pinctrl 1000000.pinctrl: invalid group "gpio86" for function "pri_mi2s"
03-06 07:45:57.320     0     0 E msm8953-pinctrl 1000000.pinctrl: invalid group "gpio86" for function "pri_mi2s"
03-06 07:45:57.320     0     0 I init    : Starting service 'qseecomd'...
03-06 07:45:57.320     0     0 E msm8953-pinctrl 1000000.pinctrl: invalid group "gpio86" for function "pri_mi2s"
03-06 07:45:57.320     0     0 E msm8953-pinctrl 1000000.pinctrl: invalid group "gpio86" for function "pri_mi2s"
03-06 07:45:57.320     0     0 E msm8953-pinctrl 1000000.pinctrl: invalid group "gpio86" for function "pri_mi2s"
03-06 07:45:57.321     0     0 E msm8953-pinctrl 1000000.pinctrl: invalid group "gpio86" for function "pri_mi2s"
03-06 07:45:57.321     0     0 I init    : Starting service 'per_mgr'...
03-06 07:45:57.321     0     0 E msm8953-pinctrl 1000000.pinctrl: invalid group "gpio86" for function "pri_mi2s"
03-06 07:45:57.321     0     0 E msm8953-pinctrl 1000000.pinctrl: invalid group "gpio86" for function "pri_mi2s"
03-06 07:45:57.322     0     0 E msm8953-pinctrl 1000000.pinctrl: invalid group "gpio86" for function "pri_mi2s"
03-06 07:45:57.322     0     0 E msm8953-pinctrl 1000000.pinctrl: invalid group "gpio86" for function "pri_mi2s"
03-06 07:45:57.322     0     0 E msm8953-pinctrl 1000000.pinctrl: invalid group "gpio86" for function "pri_mi2s"
03-06 07:45:57.322     0     0 I init    : Starting service 'lmkd'...
03-06 07:45:57.322     0     0 E msm8953-pinctrl 1000000.pinctrl: invalid group "gpio86" for function "pri_mi2s"
03-06 07:45:57.323     0     0 I init    : Starting service 'servicemanager'...
03-06 07:45:57.325   495   495 I irsc_util: Starting irsc tool
03-06 07:45:57.327   495   495 I irsc_util: Num of entries:290
03-06 07:45:57.327     0     0 E msm8953-pinctrl 1000000.pinctrl: invalid group "gpio86" for function "pri_mi2s"
03-06 07:45:57.327     0     0 E msm8953-pinctrl 1000000.pinctrl: invalid group "gpio86" for function "pri_mi2s"
03-06 07:45:57.328     0     0 E msm8953-pinctrl 1000000.pinctrl: invalid group "gpio86" for function "pri_mi2s"
03-06 07:45:57.328     0     0 E msm8953-pinctrl 1000000.pinctrl: invalid group "gpio86" for function "pri_mi2s"
03-06 07:45:57.328   495   495 I irsc_util: Ending irsc tool
03-06 07:45:57.328     0     0 E msm8953-pinctrl 1000000.pinctrl: invalid group "gpio86" for function "pri_mi2s"
03-06 07:45:57.328     0     0 E msm8953-pinctrl 1000000.pinctrl: invalid group "gpio86" for function "pri_mi2s"
03-06 07:45:57.328     0     0 I init    : Starting service 'surfaceflinger'...
03-06 07:45:57.328     0     0 E msm8953-pinctrl 1000000.pinctrl: invalid group "gpio86" for function "pri_mi2s"
03-06 07:45:57.329     0     0 E msm8953-pinctrl 1000000.pinctrl: invalid group "gpio86" for function "pri_mi2s"
03-06 07:45:57.329     0     0 E msm8953-pinctrl 1000000.pinctrl: invalid group "gpio86" for function "pri_mi2s"
03-06 07:45:57.329     0     0 E msm8953-pinctrl 1000000.pinctrl: invalid group "gpio86" for function "pri_mi2s"
03-06 07:45:57.329     0     0 E msm8953-pinctrl 1000000.pinctrl: invalid group "gpio86" for function "pri_mi2s"
03-06 07:45:57.330     0     0 E msm8953-pinctrl 1000000.pinctrl: invalid group "gpio86" for function "pri_mi2s"
03-06 07:45:57.330     0     0 E msm8953-pinctrl 1000000.pinctrl: invalid group "gpio86" for function "pri_mi2s"
03-06 07:45:57.330     0     0 I init    : Service 'irsc_util' (pid 495) exited with status 0
03-06 07:45:57.330     0     0 E msm8953-pinctrl 1000000.pinctrl: invalid group "gpio86" for function "pri_mi2s"
03-06 07:45:57.330     0     0 E msm8953-pinctrl 1000000.pinctrl: invalid group "gpio86" for function "pri_mi2s"
03-06 07:45:57.330     0     0 E msm8953-pinctrl 1000000.pinctrl: invalid group "gpio86" for function "pri_mi2s"
03-06 07:45:57.331     0     0 I msm8952-asoc-wcd c051000.sound: default codec configured
03-06 07:45:57.336     0     0 I init    : write_file: Unable to open '/proc/sys/net/ipv6/conf/rmnet0/accept_ra': No such file or directory
03-06 07:45:57.336     0     0 I init    : write_file: Unable to open '/proc/sys/net/ipv6/conf/rmnet1/accept_ra': No such file or directory
03-06 07:45:57.336     0     0 I init    : write_file: Unable to open '/proc/sys/net/ipv6/conf/rmnet2/accept_ra': No such file or directory
03-06 07:45:57.336     0     0 I init    : write_file: Unable to open '/proc/sys/net/ipv6/conf/rmnet3/accept_ra': No such file or directory
03-06 07:45:57.336     0     0 I init    : write_file: Unable to open '/proc/sys/net/ipv6/conf/rmnet4/accept_ra': No such file or directory
03-06 07:45:57.336     0     0 I init    : write_file: Unable to open '/proc/sys/net/ipv6/conf/rmnet5/accept_ra': No such file or directory
03-06 07:45:57.336     0     0 I init    : write_file: Unable to open '/proc/sys/net/ipv6/conf/rmnet6/accept_ra': No such file or directory
03-06 07:45:57.336     0     0 I init    : write_file: Unable to open '/proc/sys/net/ipv6/conf/rmnet7/accept_ra': No such file or directory
03-06 07:45:57.336     0     0 I init    : write_file: Unable to open '/proc/sys/net/ipv6/conf/rmnet_sdio0/accept_ra': No such file or directory
03-06 07:45:57.336     0     0 I init    : write_file: Unable to open '/proc/sys/net/ipv6/conf/rmnet_sdio1/accept_ra': No such file or directory
03-06 07:45:57.336     0     0 I init    : write_file: Unable to open '/proc/sys/net/ipv6/conf/rmnet_sdio2/accept_ra': No such file or directory
03-06 07:45:57.336     0     0 E msm8952-asoc-wcd c051000.sound: ASoC: platform (null) not registered
03-06 07:45:57.336     0     0 I init    : write_file: Unable to open '/proc/sys/net/ipv6/conf/rmnet_sdio3/accept_ra': No such file or directory
03-06 07:45:57.336     0     0 I init    : write_file: Unable to open '/proc/sys/net/ipv6/conf/rmnet_sdio4/accept_ra': No such file or directory
03-06 07:45:57.336     0     0 E msm8952-asoc-wcd c051000.sound: snd_soc_register_card failed (-517)
03-06 07:45:57.336     0     0 I init    : write_file: Unable to open '/proc/sys/net/ipv6/conf/rmnet_sdio5/accept_ra': No such file or directory
03-06 07:45:57.336     0     0 I init    : write_file: Unable to open '/proc/sys/net/ipv6/conf/rmnet_sdio6/accept_ra': No such file or directory
03-06 07:45:57.336     0     0 I init    : write_file: Unable to open '/proc/sys/net/ipv6/conf/rmnet_sdio7/accept_ra': No such file or directory
03-06 07:45:57.336     0     0 I init    : write_file: Unable to open '/proc/sys/net/ipv6/conf/rmnet_usb0/accept_ra': No such file or directory
03-06 07:45:57.336     0     0 I init    : write_file: Unable to open '/proc/sys/net/ipv6/conf/rmnet_usb1/accept_ra': No such file or directory
03-06 07:45:57.336     0     0 I init    : write_file: Unable to open '/proc/sys/net/ipv6/conf/rmnet_usb2/accept_ra': No such file or directory
03-06 07:45:57.336     0     0 I init    : write_file: Unable to open '/proc/sys/net/ipv6/conf/rmnet_usb3/accept_ra': No such file or directory
03-06 07:45:57.337     0     0 E init    : sanitize_path: Failed to locate path /dev/block/bootdevice/by-name/rawdump: No such file or directory
03-06 07:45:57.337     0     0 E init    : do_chown: sanitize_path failed for path: /dev/block/bootdevice/by-name/rawdump prefix:/dev/block/
03-06 07:45:57.337     0     0 E init    : sanitize_path: Failed to locate path /dev/block/bootdevice/by-name/rawdump: No such file or directory
03-06 07:45:57.337     0     0 E init    : do_chmod: failed for /dev/block/bootdevice/by-name/rawdump..prefix(/dev/block/) match err
03-06 07:45:57.339     0     0 I init    : write_file: Unable to open '/config/usb_gadget/g1/bcdUSB': No such file or directory
03-06 07:45:57.339     0     0 I init    : write_file: Unable to open '/config/usb_gadget/g1/os_desc/use': No such file or directory
03-06 07:45:57.339     0     0 I init    : write_file: Unable to open '/config/usb_gadget/g1/strings/0x409/serialnumber': No such file or directory
03-06 07:45:57.339     0     0 I init    : write_file: Unable to open '/config/usb_gadget/g1/strings/0x409/manufacturer': No such file or directory
03-06 07:45:57.339     0     0 I init    : write_file: Unable to open '/config/usb_gadget/g1/strings/0x409/product': No such file or directory
03-06 07:45:57.341     0     0 I init    : write_file: Unable to open '/config/usb_gadget/g1/os_desc/b_vendor_code': No such file or directory
03-06 07:45:57.341     0     0 I init    : write_file: Unable to open '/config/usb_gadget/g1/os_desc/qw_sign': No such file or directory
03-06 07:45:57.342     0     0 D SELinux : initialized (dev functionfs, type functionfs), uses genfs_contexts
03-06 07:45:57.342     0     0 I init    : write_file: Unable to open '/dev/cpuset/top-app/boost/cpus': No such file or directory
03-06 07:45:57.343     0     0 E msm8953-pinctrl 1000000.pinctrl: invalid group "gpio86" for function "pri_mi2s"
03-06 07:45:57.343     0     0 E msm8953-pinctrl 1000000.pinctrl: invalid group "gpio86" for function "pri_mi2s"
03-06 07:45:57.343     0     0 E msm8953-pinctrl 1000000.pinctrl: invalid group "gpio86" for function "pri_mi2s"
03-06 07:45:57.343     0     0 E msm8953-pinctrl 1000000.pinctrl: invalid group "gpio86" for function "pri_mi2s"
03-06 07:45:57.343     0     0 E msm8953-pinctrl 1000000.pinctrl: invalid group "gpio86" for function "pri_mi2s"
03-06 07:45:57.343     0     0 E msm8953-pinctrl 1000000.pinctrl: invalid group "gpio86" for function "pri_mi2s"
03-06 07:45:57.344     0     0 E msm8953-pinctrl 1000000.pinctrl: invalid group "gpio86" for function "pri_mi2s"
03-06 07:45:57.344     0     0 E msm8953-pinctrl 1000000.pinctrl: invalid group "gpio86" for function "pri_mi2s"
03-06 07:45:57.344     0     0 E msm8953-pinctrl 1000000.pinctrl: invalid group "gpio86" for function "pri_mi2s"
03-06 07:45:57.344     0     0 E msm8953-pinctrl 1000000.pinctrl: invalid group "gpio86" for function "pri_mi2s"
03-06 07:45:57.345     0     0 E msm8953-pinctrl 1000000.pinctrl: invalid group "gpio86" for function "pri_mi2s"
03-06 07:45:57.345     0     0 E msm8953-pinctrl 1000000.pinctrl: invalid group "gpio86" for function "pri_mi2s"
03-06 07:45:57.345     0     0 E msm8953-pinctrl 1000000.pinctrl: invalid group "gpio86" for function "pri_mi2s"
03-06 07:45:57.345     0     0 E msm8953-pinctrl 1000000.pinctrl: invalid group "gpio86" for function "pri_mi2s"
03-06 07:45:57.345     0     0 E msm8953-pinctrl 1000000.pinctrl: invalid group "gpio86" for function "pri_mi2s"
03-06 07:45:57.345   510   510 I qcom-bluetooth: /system/etc/init.qcom.bt.sh: init.qcom.bt.sh config = onboot 
03-06 07:45:57.346     0     0 E msm8953-pinctrl 1000000.pinctrl: invalid group "gpio86" for function "pri_mi2s"
03-06 07:45:57.346     0     0 E init    : SELinux: Could not get canonical path for /sys/block/sda/queue/scheduler restorecon: No such file or directory.
03-06 07:45:57.346     0     0 E init    : SELinux: Could not get canonical path for /sys/block/sde/queue/scheduler restorecon: No such file or directory.
03-06 07:45:57.349     0     0 E init    : service 'console' requires console
03-06 07:45:57.349     0     0 E enable_store: android_usb: already disabled
03-06 07:45:57.349   498   498 E         : The file /persist/bluetooth/.bt_nv.bin doesn't exist or empty or addr is random 0...
03-06 07:45:57.349     0     0 I init    : write_file: Unable to open '/sys/class/meizu/usb_charge/usb_charging_only': No such file or directory
03-06 07:45:57.349     0     0 I init    : Starting service 'adbd'...
03-06 07:45:57.350     0     0 E msm8953-pinctrl 1000000.pinctrl: invalid group "gpio86" for function "pri_mi2s"
03-06 07:45:57.350     0     0 E msm8953-pinctrl 1000000.pinctrl: invalid group "gpio86" for function "pri_mi2s"
03-06 07:45:57.350     0     0 E msm8953-pinctrl 1000000.pinctrl: invalid group "gpio86" for function "pri_mi2s"
03-06 07:45:57.350   498   498 E QMI_FW  : QMUXD: WARNING qmi_qmux_if_pwr_up_init failed! rc=-6
03-06 07:45:57.350     0     0 E msm8953-pinctrl 1000000.pinctrl: invalid group "gpio86" for function "pri_mi2s"
03-06 07:45:57.351     0     0 E msm8953-pinctrl 1000000.pinctrl: invalid group "gpio86" for function "pri_mi2s"
03-06 07:45:57.351     0     0 E msm8953-pinctrl 1000000.pinctrl: invalid group "gpio86" for function "pri_mi2s"
03-06 07:45:57.351     0     0 E msm8953-pinctrl 1000000.pinctrl: invalid group "gpio86" for function "pri_mi2s"
03-06 07:45:57.351     0     0 I init    : Starting service 'ppd'...
03-06 07:45:57.351     0     0 E msm8953-pinctrl 1000000.pinctrl: invalid group "gpio86" for function "pri_mi2s"
03-06 07:45:57.351     0     0 E msm8953-pinctrl 1000000.pinctrl: invalid group "gpio86" for function "pri_mi2s"
03-06 07:45:57.352     0     0 E msm8953-pinctrl 1000000.pinctrl: invalid group "gpio86" for function "pri_mi2s"
03-06 07:45:57.352     0     0 E msm8953-pinctrl 1000000.pinctrl: invalid group "gpio86" for function "pri_mi2s"
03-06 07:45:57.352     0     0 E msm8953-pinctrl 1000000.pinctrl: invalid group "gpio86" for function "pri_mi2s"
03-06 07:45:57.352     0     0 E msm8953-pinctrl 1000000.pinctrl: invalid group "gpio86" for function "pri_mi2s"
03-06 07:45:57.352     0     0 I init    : Starting service 'per_proxy'...
03-06 07:45:57.352     0     0 E msm8953-pinctrl 1000000.pinctrl: invalid group "gpio86" for function "pri_mi2s"
03-06 07:45:57.353     0     0 E msm8953-pinctrl 1000000.pinctrl: invalid group "gpio86" for function "pri_mi2s"
03-06 07:45:57.353     0     0 E msm8953-pinctrl 1000000.pinctrl: invalid group "gpio86" for function "pri_mi2s"
03-06 07:45:57.353     0     0 I msm8952-asoc-wcd c051000.sound: default codec configured
03-06 07:45:57.353     0     0 E init    : cannot find '/system/bin/update_verifier' (No such file or directory), disabling 'exec 2 (/system/bin/update_verifier)'
03-06 07:45:57.354     0     0 I init    : Starting service 'cnd'...
03-06 07:45:57.355   498   498 E         : bt_qmi_dms_init :Error while Initializing qmi_client_init_instance: -3
03-06 07:45:57.355   498   498 E         : QMI initialization failed in 1 try...
03-06 07:45:57.356     0     0 I init    : Starting service 'netmgrd'...
03-06 07:45:57.357     0     0 I init    : Starting service 'ipacm-diag'...
03-06 07:45:57.358     0     0 I init    : Starting service 'ipacm'...
03-06 07:45:57.359     0     0 E wcd-spmi-core msm8x16_wcd_codec-11: Error: regulator not found:cdc-vdd-spkdrv
03-06 07:45:57.360     0     0 I init    : Starting service 'qti'...
03-06 07:45:57.361     0     0 I init    : Starting service 'ril-daemon2'...
03-06 07:45:57.362     0     0 I init    : Starting service 'thermal-engine'...
03-06 07:45:57.364     0     0 I init    : Starting service 'time_daemon'...
03-06 07:45:57.365     0     0 I init    : Starting service 'wcnss-service'...
03-06 07:45:57.367     0     0 I init    : Starting service 'imsqmidaemon'...
03-06 07:45:57.368     0     0 I init    : Starting service 'adsprpcd'...
03-06 07:45:57.369     0     0 I init    : Starting service 'hvdcp_opti'...
03-06 07:45:57.371     0     0 I init    : Starting service 'energy-awareness'...
03-06 07:45:57.372     0     0 I init    : Starting service 'zygote'...
03-06 07:45:57.373     0     0 I init    : Starting service 'zygote_secondary'...
03-06 07:45:57.375     0     0 I init    : Starting service 'audioserver'...
03-06 07:45:57.377     0     0 I init    : Starting service 'cameraserver'...
03-06 07:45:57.378     0     0 I init    : Starting service 'drm'...
03-06 07:45:57.379     0     0 I init    : Starting service 'installd'...
03-06 07:45:57.381     0     0 I init    : Starting service 'keystore'...
03-06 07:45:57.382     0     0 I init    : Starting service 'mediacodec'...
03-06 07:45:57.384     0     0 I init    : Starting service 'mediadrm'...
03-06 07:45:57.384     0     0 I apr_tal : Q6 Is Up
03-06 07:45:57.384     0     0 I         : read descriptors
03-06 07:45:57.384     0     0 I         : read strings
03-06 07:45:57.386     0     0 I binder  : 494:494 transaction failed 29189, size 0-0
03-06 07:45:57.387     0     0 W msm-pcm-routing soc: qcom,msm-pcm-routing: ASoC: no dapm match for MM_DL5 --> MultiMedia5 --> TERT_MI2S_RX Audio Mixer
03-06 07:45:57.387     0     0 E msm-pcm-routing soc: qcom,msm-pcm-routing: ASoC: Failed to add route MM_DL5 -> MultiMedia5 -> TERT_MI2S_RX Audio Mixer
03-06 07:45:57.387     0     0 W msm-pcm-routing soc: qcom,msm-pcm-routing: ASoC: no dapm match for MM_DL8 --> MultiMedia8 --> TERT_MI2S_RX Audio Mixer
03-06 07:45:57.387     0     0 E msm-pcm-routing soc: qcom,msm-pcm-routing: ASoC: Failed to add route MM_DL8 -> MultiMedia8 -> TERT_MI2S_RX Audio Mixer
03-06 07:45:57.388     0     0 W msm-pcm-routing soc: qcom,msm-pcm-routing: ASoC: no dapm match for INT_FM_TX --> INTERNAL_FM_TX --> SEC_MI2S_RX Port Mixer
03-06 07:45:57.388     0     0 E msm-pcm-routing soc: qcom,msm-pcm-routing: ASoC: Failed to add route INT_FM_TX -> INTERNAL_FM_TX -> SEC_MI2S_RX Port Mixer
03-06 07:45:57.388     0     0 I init    : Starting service 'mediaextractor'...
03-06 07:45:57.389     0     0 I init    : Starting service 'media'...
03-06 07:45:57.391     0     0 I init    : Starting service 'netd'...
03-06 07:45:57.392     0     0 I init    : Starting service 'ril-daemon'...
03-06 07:45:57.392     0     0 W msm-pcm-routing soc: qcom,msm-pcm-routing: ASoC: no dapm match for VOICEMMODE1_DL --> VoiceMMode1 --> SEC_MI2S_RX_Voice Mixer
03-06 07:45:57.392     0     0 E msm-pcm-routing soc: qcom,msm-pcm-routing: ASoC: Failed to add route VOICEMMODE1_DL -> VoiceMMode1 -> SEC_MI2S_RX_Voice Mixer
03-06 07:45:57.392     0     0 W msm-pcm-routing soc: qcom,msm-pcm-routing: ASoC: no dapm match for VOICEMMODE2_DL --> VoiceMMode2 --> SEC_MI2S_RX_Voice Mixer
03-06 07:45:57.392     0     0 E msm-pcm-routing soc: qcom,msm-pcm-routing: ASoC: Failed to add route VOICEMMODE2_DL -> VoiceMMode2 -> SEC_MI2S_RX_Voice Mixer
03-06 07:45:57.392     0     0 I init    : Starting service '52e1XWWOTO4KBAb'...
03-06 07:45:57.394     0     0 I init    : Starting service 'dpmd'...
03-06 07:45:57.394     0     0 E msm-pcm-routing soc: qcom,msm-pcm-routing: ASoC: no source widget found for AUDIO_REF_EC_UL3 MUX
03-06 07:45:57.394     0     0 E msm-pcm-routing soc: qcom,msm-pcm-routing: ASoC: Failed to add route AUDIO_REF_EC_UL3 MUX -> direct -> MM_UL3
--------- beginning of radio
03-06 07:45:57.395   526   526 D RILD    : **RIL Daemon Started**
03-06 07:45:57.395   526   526 D RILD    : **RILd param count=3**
03-06 07:45:57.395     0     0 I init    : Starting service 'loc_launcher'...
03-06 07:45:57.395   537   537 E adsprpc : vendor/qcom/proprietary/adsprpc/src/adsprpcd.c:26:adsp daemon starting
03-06 07:45:57.396     0     0 I init    : Starting service 'qcom-sh'...
03-06 07:45:57.397     0     0 W msm-pcm-routing soc: qcom,msm-pcm-routing: ASoC: no dapm match for SEC_MI2S_TX --> SEC_MI2S_TX --> SLIMBUS_0_RX Port Mixer
03-06 07:45:57.397     0     0 E msm-pcm-routing soc: qcom,msm-pcm-routing: ASoC: Failed to add route SEC_MI2S_TX -> SEC_MI2S_TX -> SLIMBUS_0_RX Port Mixer
03-06 07:45:57.398     0     0 W msm-pcm-routing soc: qcom,msm-pcm-routing: ASoC: no dapm match for VOICE2_STUB_DL --> Voice2 Stub --> INTERNAL_BT_SCO_RX_Voice Mixer
03-06 07:45:57.398     0     0 I init    : Starting service 'qseeproxydaemon'...
03-06 07:45:57.398     0     0 E msm-pcm-routing soc: qcom,msm-pcm-routing: ASoC: Failed to add route VOICE2_STUB_DL -> Voice2 Stub -> INTERNAL_BT_SCO_RX_Voice Mixer
